Archive member included to satisfy reference by file (symbol)

C:/Users/domin/Desktop/Computerarchitektur/computerarchitektur_arm/external/usr/lib/gcc/riscv32-unknown-elf/15.1.0/rv32imac_zicsr_zifencei_zaamo_zalrsc_zba_zbb_zbkb_zbs/ilp32\libgcc.a(_divdi3.o)
                              src/CMakeFiles/lab2a.dir/C_/Users/domin/Desktop/Computerarchitektur/computerarchitektur_arm/external/pico-sdk/src/common/pico_time/time.c.obj (__divdi3)
C:/Users/domin/Desktop/Computerarchitektur/computerarchitektur_arm/external/usr/lib/gcc/riscv32-unknown-elf/15.1.0/rv32imac_zicsr_zifencei_zaamo_zalrsc_zba_zbb_zbkb_zbs/ilp32\libgcc.a(_moddi3.o)
                              src/CMakeFiles/lab2a.dir/C_/Users/domin/Desktop/Computerarchitektur/computerarchitektur_arm/external/pico-sdk/src/common/pico_util/datetime.c.obj (__moddi3)
C:/Users/domin/Desktop/Computerarchitektur/computerarchitektur_arm/external/usr/lib/gcc/riscv32-unknown-elf/15.1.0/rv32imac_zicsr_zifencei_zaamo_zalrsc_zba_zbb_zbkb_zbs/ilp32\libgcc.a(_udivdi3.o)
                              src/CMakeFiles/lab2a.dir/C_/Users/domin/Desktop/Computerarchitektur/computerarchitektur_arm/external/pico-sdk/src/rp2_common/hardware_clocks/clocks.c.obj (__udivdi3)
C:/Users/domin/Desktop/Computerarchitektur/computerarchitektur_arm/external/usr/lib/gcc/riscv32-unknown-elf/15.1.0/rv32imac_zicsr_zifencei_zaamo_zalrsc_zba_zbb_zbkb_zbs/ilp32\libgcc.a(_umoddi3.o)
                              src/CMakeFiles/lab2a.dir/C_/Users/domin/Desktop/Computerarchitektur/computerarchitektur_arm/external/pico-sdk/src/rp2_common/pico_divider/divider_compiler.c.obj (__umoddi3)
C:/Users/domin/Desktop/Computerarchitektur/computerarchitektur_arm/external/usr/lib/gcc/riscv32-unknown-elf/15.1.0/rv32imac_zicsr_zifencei_zaamo_zalrsc_zba_zbb_zbkb_zbs/ilp32\libgcc.a(adddf3.o)
                              src/CMakeFiles/lab2a.dir/C_/Users/domin/Desktop/Computerarchitektur/computerarchitektur_arm/external/pico-sdk/src/rp2_common/pico_printf/printf.c.obj (__adddf3)
C:/Users/domin/Desktop/Computerarchitektur/computerarchitektur_arm/external/usr/lib/gcc/riscv32-unknown-elf/15.1.0/rv32imac_zicsr_zifencei_zaamo_zalrsc_zba_zbb_zbkb_zbs/ilp32\libgcc.a(divdf3.o)
                              src/CMakeFiles/lab2a.dir/C_/Users/domin/Desktop/Computerarchitektur/computerarchitektur_arm/external/pico-sdk/src/rp2_common/pico_printf/printf.c.obj (__divdf3)
C:/Users/domin/Desktop/Computerarchitektur/computerarchitektur_arm/external/usr/lib/gcc/riscv32-unknown-elf/15.1.0/rv32imac_zicsr_zifencei_zaamo_zalrsc_zba_zbb_zbkb_zbs/ilp32\libgcc.a(gedf2.o)
                              src/CMakeFiles/lab2a.dir/C_/Users/domin/Desktop/Computerarchitektur/computerarchitektur_arm/external/pico-sdk/src/rp2_common/pico_printf/printf.c.obj (__gedf2)
C:/Users/domin/Desktop/Computerarchitektur/computerarchitektur_arm/external/usr/lib/gcc/riscv32-unknown-elf/15.1.0/rv32imac_zicsr_zifencei_zaamo_zalrsc_zba_zbb_zbkb_zbs/ilp32\libgcc.a(ledf2.o)
                              src/CMakeFiles/lab2a.dir/C_/Users/domin/Desktop/Computerarchitektur/computerarchitektur_arm/external/pico-sdk/src/rp2_common/pico_printf/printf.c.obj (__ltdf2)
C:/Users/domin/Desktop/Computerarchitektur/computerarchitektur_arm/external/usr/lib/gcc/riscv32-unknown-elf/15.1.0/rv32imac_zicsr_zifencei_zaamo_zalrsc_zba_zbb_zbkb_zbs/ilp32\libgcc.a(muldf3.o)
                              src/CMakeFiles/lab2a.dir/C_/Users/domin/Desktop/Computerarchitektur/computerarchitektur_arm/external/pico-sdk/src/rp2_common/pico_printf/printf.c.obj (__muldf3)
C:/Users/domin/Desktop/Computerarchitektur/computerarchitektur_arm/external/usr/lib/gcc/riscv32-unknown-elf/15.1.0/rv32imac_zicsr_zifencei_zaamo_zalrsc_zba_zbb_zbkb_zbs/ilp32\libgcc.a(subdf3.o)
                              src/CMakeFiles/lab2a.dir/C_/Users/domin/Desktop/Computerarchitektur/computerarchitektur_arm/external/pico-sdk/src/rp2_common/pico_printf/printf.c.obj (__subdf3)
C:/Users/domin/Desktop/Computerarchitektur/computerarchitektur_arm/external/usr/lib/gcc/riscv32-unknown-elf/15.1.0/rv32imac_zicsr_zifencei_zaamo_zalrsc_zba_zbb_zbkb_zbs/ilp32\libgcc.a(unorddf2.o)
                              src/CMakeFiles/lab2a.dir/C_/Users/domin/Desktop/Computerarchitektur/computerarchitektur_arm/external/pico-sdk/src/rp2_common/pico_printf/printf.c.obj (__unorddf2)
C:/Users/domin/Desktop/Computerarchitektur/computerarchitektur_arm/external/usr/lib/gcc/riscv32-unknown-elf/15.1.0/rv32imac_zicsr_zifencei_zaamo_zalrsc_zba_zbb_zbkb_zbs/ilp32\libgcc.a(fixdfsi.o)
                              src/CMakeFiles/lab2a.dir/C_/Users/domin/Desktop/Computerarchitektur/computerarchitektur_arm/external/pico-sdk/src/rp2_common/pico_printf/printf.c.obj (__fixdfsi)
C:/Users/domin/Desktop/Computerarchitektur/computerarchitektur_arm/external/usr/lib/gcc/riscv32-unknown-elf/15.1.0/rv32imac_zicsr_zifencei_zaamo_zalrsc_zba_zbb_zbkb_zbs/ilp32\libgcc.a(fixunsdfsi.o)
[...]
Memory Configuration

Name             Origin             Length             Attributes
FLASH            0x10000000         0x00400000         xr
RAM              0x20000000         0x00080000         xrw
SCRATCH_X        0x20080000         0x00001000         xrw
SCRATCH_Y        0x20081000         0x00001000         xrw
*default*        0x00000000         0xffffffff

Linker script and memory map

LOAD C:/Users/domin/Desktop/Computerarchitektur/computerarchitektur_arm/external/usr/bin/../lib/gcc/riscv32-unknown-elf/15.1.0/../../../../riscv32-unknown-elf/lib/crt0.o
LOAD C:/Users/domin/Desktop/Computerarchitektur/computerarchitektur_arm/external/usr/bin/../lib/gcc/riscv32-unknown-elf/15.1.0/crtbegin.o

.flash_begin    0x10000000        0x0
                0x10000000                        __flash_binary_start = .

.text           0x10000000     0x3f70
                0x10000000                        __logical_binary_start = .
 *(.vectors)
 *(.binary_info_header)
 .binary_info_header
                0x10000000       0x14 src/CMakeFiles/lab2a.dir/C_/Users/domin/Desktop/Computerarchitektur/computerarchitektur_arm/external/pico-sdk/src/rp2_common/pico_crt0/crt0_riscv.S.obj
                0x10000014                        __binary_info_header_end = .
 *(.embedded_block)
 .embedded_block
                0x10000014       0x20 src/CMakeFiles/lab2a.dir/C_/Users/domin/Desktop/Computerarchitektur/computerarchitektur_arm/external/pico-sdk/src/rp2_common/pico_crt0/crt0_riscv.S.obj
                0x10000034                        __embedded_block_end = .
 *(.reset)
 .reset         0x10000034       0xa6 src/CMakeFiles/lab2a.dir/C_/Users/domin/Desktop/Computerarchitektur/computerarchitektur_arm/external/pico-sdk/src/rp2_common/pico_crt0/crt0_riscv.S.obj
                0x10000034                _entry_point
 *(.init)
 *libgcc.a:cmse_nonsecure_call.o()
 *(EXCLUDE_FILE(*libm.a: *libc.a:*lib_a-mem*.o *libgcc.a:) .text*)
 .text          0x100000da       0x4a C:/Users/domin/Desktop/Computerarchitektur/computerarchitektur_arm/external/usr/bin/../lib/gcc/riscv32-unknown-elf/15.1.0/crtbegin.o
 .text.gpio_callback
                0x10000124       0xe8 src/CMakeFiles/lab2a.dir/button.c.obj
                0x10000124                gpio_callback
 .text.startup.main
                0x1000020c       0x9a src/CMakeFiles/lab2a.dir/button.c.obj
                0x1000020c                main
 .text.gpio_default_irq_handler
                0x100002a6      0x2c0 src/CMakeFiles/lab2a.dir/C_/Users/domin/Desktop/Computerarchitektur/computerarchitektur_arm/external/pico-sdk/src/rp2_common/hardware_gpio/gpio.c.obj
 .text.gpio_set_function
                0x10000566       0x30 src/CMakeFiles/lab2a.dir/C_/Users/domin/Desktop/Computerarchitektur/computerarchitektur_arm/external/pico-sdk/src/rp2_common/hardware_gpio/gpio.c.obj
                0x10000566                gpio_set_function
 .text.gpio_set_pulls
                0x10000596       0x1e src/CMakeFiles/lab2a.dir/C_/Users/domin/Desktop/Computerarchitektur/computerarchitektur_arm/external/pico-sdk/src/rp2_common/hardware_gpio/gpio.c.obj
                0x10000596                gpio_set_pulls
 .text.gpio_set_irq_enabled_with_callback
                0x100005b4       0xd4 src/CMakeFiles/lab2a.dir/C_/Users/domin/Desktop/Computerarchitektur/computerarchitektur_arm/external/pico-sdk/src/rp2_common/hardware_gpio/gpio.c.obj
                0x100005b4                gpio_set_irq_enabled_with_callback
 .text.gpio_init
                0x10000688       0x3e src/CMakeFiles/lab2a.dir/C_/Users/domin/Desktop/Computerarchitektur/computerarchitektur_arm/external/pico-sdk/src/rp2_common/hardware_gpio/gpio.c.obj
                0x10000688                gpio_init
 .text.panic    0x100006c6       0x40 src/CMakeFiles/lab2a.dir/C_/Users/domin/Desktop/Computerarchitektur/computerarchitektur_arm/external/pico-sdk/src/rp2_common/pico_platform_panic/panic.c.obj
                0x100006c6                panic
 .text.hw_claim_or_assert
                0x10000706       0x66 src/CMakeFiles/lab2a.dir/C_/Users/domin/Desktop/Computerarchitektur/computerarchitektur_arm/external/pico-sdk/src/common/hardware_claim/claim.c.obj
                0x10000706                hw_claim_or_assert
 .text.next_striped_spin_lock_num
                0x1000076c       0x1e src/CMakeFiles/lab2a.dir/C_/Users/domin/Desktop/Computerarchitektur/computerarchitektur_arm/external/pico-sdk/src/rp2_common/hardware_sync/sync.c.obj
                0x1000076c                next_striped_spin_lock_num
 .text.spin_locks_reset
                0x1000078a       0x22 src/CMakeFiles/lab2a.dir/C_/Users/domin/Desktop/Computerarchitektur/computerarchitektur_arm/external/pico-sdk/src/rp2_common/hardware_sync_spin_lock/sync_spin_lock.c.obj
                0x1000078a                spin_locks_reset
 .text.runtime_init_per_core_irq_priorities
                0x100007ac       0x38 src/CMakeFiles/lab2a.dir/C_/Users/domin/Desktop/Computerarchitektur/computerarchitektur_arm/external/pico-sdk/src/rp2_common/hardware_irq/irq.c.obj
                0x100007ac                runtime_init_per_core_irq_priorities
 .text.irq_set_enabled
                0x100007e4       0x36 src/CMakeFiles/lab2a.dir/C_/Users/domin/Desktop/Computerarchitektur/computerarchitektur_arm/external/pico-sdk/src/rp2_common/hardware_irq/irq.c.obj
                0x100007e4                irq_set_enabled
 .text.irq_set_exclusive_handler
                0x1000081a       0x82 src/CMakeFiles/lab2a.dir/C_/Users/domin/Desktop/Computerarchitektur/computerarchitektur_arm/external/pico-sdk/src/rp2_common/hardware_irq/irq.c.obj
                0x1000081a                irq_set_exclusive_handler
 .text.irq_add_shared_handler
                0x1000089c      0x40c src/CMakeFiles/lab2a.dir/C_/Users/domin/Desktop/Computerarchitektur/computerarchitektur_arm/external/pico-sdk/src/rp2_common/hardware_irq/irq.c.obj
                0x1000089c                irq_add_shared_handler
 .text.irq_remove_handler
                0x10000ca8      0x35c src/CMakeFiles/lab2a.dir/C_/Users/domin/Desktop/Computerarchitektur/computerarchitektur_arm/external/pico-sdk/src/rp2_common/hardware_irq/irq.c.obj
                0x10000ca8                irq_remove_handler
 .text.irq_add_tail_to_free_list
                0x10001004       0xea src/CMakeFiles/lab2a.dir/C_/Users/domin/Desktop/Computerarchitektur/computerarchitektur_arm/external/pico-sdk/src/rp2_common/hardware_irq/irq.c.obj
                0x10001004                irq_add_tail_to_free_list
 .text.lock_init
                0x100010ee        0xe src/CMakeFiles/lab2a.dir/C_/Users/domin/Desktop/Computerarchitektur/computerarchitektur_arm/external/pico-sdk/src/common/pico_sync/lock_core.c.obj
                0x100010ee                lock_init
 .text.runtime_init_mutex
                0x100010fc       0x6a src/CMakeFiles/lab2a.dir/C_/Users/domin/Desktop/Computerarchitektur/computerarchitektur_arm/external/pico-sdk/src/common/pico_sync/mutex.c.obj
                0x100010fc                runtime_init_mutex
 .text.sleep_until_callback
                0x10001166       0x3c src/CMakeFiles/lab2a.dir/C_/Users/domin/Desktop/Computerarchitektur/computerarchitektur_arm/external/pico-sdk/src/common/pico_time/time.c.obj
 .text.alarm_pool_irq_handler
                0x100011a2      0x398 src/CMakeFiles/lab2a.dir/C_/Users/domin/Desktop/Computerarchitektur/computerarchitektur_arm/external/pico-sdk/src/common/pico_time/time.c.obj
 .text.runtime_init_default_alarm_pool
                0x1000153a      0x104 src/CMakeFiles/lab2a.dir/C_/Users/domin/Desktop/Computerarchitektur/computerarchitektur_arm/external/pico-sdk/src/common/pico_time/time.c.obj
                0x1000153a                runtime_init_default_alarm_pool
 .text.alarm_pool_add_alarm_at_force_in_context
                0x1000163e       0xdc src/CMakeFiles/lab2a.dir/C_/Users/domin/Desktop/Computerarchitektur/computerarchitektur_arm/external/pico-sdk/src/common/pico_time/time.c.obj
                0x1000163e                alarm_pool_add_alarm_at_force_in_context
 .text.alarm_pool_cancel_alarm
                0x1000171a       0x90 src/CMakeFiles/lab2a.dir/C_/Users/domin/Desktop/Computerarchitektur/computerarchitektur_arm/external/pico-sdk/src/common/pico_time/time.c.obj
                0x1000171a                alarm_pool_cancel_alarm
 .text.sleep_ms
                0x100017aa      0x112 src/CMakeFiles/lab2a.dir/C_/Users/domin/Desktop/Computerarchitektur/computerarchitektur_arm/external/pico-sdk/src/common/pico_time/time.c.obj
                0x100017aa                sleep_ms
 .text.best_effort_wfe_or_timeout
                0x100018bc      0x128 src/CMakeFiles/lab2a.dir/C_/Users/domin/Desktop/Computerarchitektur/computerarchitektur_arm/external/pico-sdk/src/common/pico_time/time.c.obj
                0x100018bc                best_effort_wfe_or_timeout
 .text.timer_hardware_alarm_claim
                0x100019e4       0x1c src/CMakeFiles/lab2a.dir/C_/Users/domin/Desktop/Computerarchitektur/computerarchitektur_arm/external/pico-sdk/src/rp2_common/hardware_timer/timer.c.obj
                0x100019e4                timer_hardware_alarm_claim
 .text.timer_time_us_64
                0x10001a00       0x10 src/CMakeFiles/lab2a.dir/C_/Users/domin/Desktop/Computerarchitektur/computerarchitektur_arm/external/pico-sdk/src/rp2_common/hardware_timer/timer.c.obj
                0x10001a00                timer_time_us_64
 .text.time_us_64
                0x10001a10       0x12 src/CMakeFiles/lab2a.dir/C_/Users/domin/Desktop/Computerarchitektur/computerarchitektur_arm/external/pico-sdk/src/rp2_common/hardware_timer/timer.c.obj
                0x10001a10                time_us_64
 .text.busy_wait_us
                0x10001a22       0x66 src/CMakeFiles/lab2a.dir/C_/Users/domin/Desktop/Computerarchitektur/computerarchitektur_arm/external/pico-sdk/src/rp2_common/hardware_timer/timer.c.obj
                0x10001a22                busy_wait_us
 .text.busy_wait_until
                0x10001a88       0x22 src/CMakeFiles/lab2a.dir/C_/Users/domin/Desktop/Computerarchitektur/computerarchitektur_arm/external/pico-sdk/src/rp2_common/hardware_timer/timer.c.obj
                0x10001a88                busy_wait_until
 .text.uart_init
                0x10001aaa      0x12e src/CMakeFiles/lab2a.dir/C_/Users/domin/Desktop/Computerarchitektur/computerarchitektur_arm/external/pico-sdk/src/rp2_common/hardware_uart/uart.c.obj
                0x10001aaa                uart_init
 *fill*         0x10001bd8        0x0 
 .text.clock_configure_undivided
                0x10001bd8       0xdc src/CMakeFiles/lab2a.dir/C_/Users/domin/Desktop/Computerarchitektur/computerarchitektur_arm/external/pico-sdk/src/rp2_common/hardware_clocks/clocks.c.obj
                0x10001bd8                clock_configure_undivided
 .text.clock_get_hz
                0x10001cb4       0x10 src/CMakeFiles/lab2a.dir/C_/Users/domin/Desktop/Computerarchitektur/computerarchitektur_arm/external/pico-sdk/src/rp2_common/hardware_clocks/clocks.c.obj
                0x10001cb4                clock_get_hz
 .text.pll_init
                0x10001cc4       0x8a src/CMakeFiles/lab2a.dir/C_/Users/domin/Desktop/Computerarchitektur/computerarchitektur_arm/external/pico-sdk/src/rp2_common/hardware_pll/pll.c.obj
                0x10001cc4                pll_init
 .text.tick_start
                0x10001d4e       0x14 src/CMakeFiles/lab2a.dir/C_/Users/domin/Desktop/Computerarchitektur/computerarchitektur_arm/external/pico-sdk/src/rp2_common/hardware_ticks/ticks.c.obj
                0x10001d4e                tick_start
 .text.rom_func_lookup
                0x10001d62        0xe src/CMakeFiles/lab2a.dir/C_/Users/domin/Desktop/Computerarchitektur/computerarchitektur_arm/external/pico-sdk/src/rp2_common/pico_bootrom/bootrom.c.obj
                0x10001d62                rom_func_lookup
 .text.runtime_init_bootrom_locking_enable
                0x10001d70       0x12 src/CMakeFiles/lab2a.dir/C_/Users/domin/Desktop/Computerarchitektur/computerarchitektur_arm/external/pico-sdk/src/rp2_common/pico_bootrom/bootrom_lock.c.obj
                0x10001d70                runtime_init_bootrom_locking_enable
 .text.runtime_init_boot_locks_reset
                0x10001d82       0x20 src/CMakeFiles/lab2a.dir/C_/Users/domin/Desktop/Computerarchitektur/computerarchitektur_arm/external/pico-sdk/src/rp2_common/hardware_boot_lock/boot_lock.c.obj
                0x10001d82                runtime_init_boot_locks_reset
 .text.xosc_init
                0x10001da2       0x24 src/CMakeFiles/lab2a.dir/C_/Users/domin/Desktop/Computerarchitektur/computerarchitektur_arm/external/pico-sdk/src/rp2_common/hardware_xosc/xosc.c.obj
                0x10001da2                xosc_init
 .text.first_per_core_initializer
                0x10001dc6        0x2 src/CMakeFiles/lab2a.dir/C_/Users/domin/Desktop/Computerarchitektur/computerarchitektur_arm/external/pico-sdk/src/rp2_common/pico_runtime/runtime.c.obj
 .text.hard_assertion_failure
                0x10001dc8       0x10 src/CMakeFiles/lab2a.dir/C_/Users/domin/Desktop/Computerarchitektur/computerarchitektur_arm/external/pico-sdk/src/rp2_common/pico_runtime/runtime.c.obj
                0x10001dc8                hard_assertion_failure
 .text.runtime_run_initializers
                0x10001dd8       0x30 src/CMakeFiles/lab2a.dir/C_/Users/domin/Desktop/Computerarchitektur/computerarchitektur_arm/external/pico-sdk/src/rp2_common/pico_runtime/runtime.c.obj
                0x10001dd8                runtime_run_initializers
 .text.runtime_init_early_resets
                0x10001e08       0x2a src/CMakeFiles/lab2a.dir/C_/Users/domin/Desktop/Computerarchitektur/computerarchitektur_arm/external/pico-sdk/src/rp2_common/pico_runtime_init/runtime_init.c.obj
                0x10001e08                runtime_init_early_resets
 .text.runtime_init_usb_power_down
                0x10001e32       0x1a src/CMakeFiles/lab2a.dir/C_/Users/domin/Desktop/Computerarchitektur/computerarchitektur_arm/external/pico-sdk/src/rp2_common/pico_runtime_init/runtime_init.c.obj
                0x10001e32                runtime_init_usb_power_down
 .text.runtime_init_post_clock_resets
                0x10001e4c       0x1c src/CMakeFiles/lab2a.dir/C_/Users/domin/Desktop/Computerarchitektur/computerarchitektur_arm/external/pico-sdk/src/rp2_common/pico_runtime_init/runtime_init.c.obj
                0x10001e4c                runtime_init_post_clock_resets
 .text.runtime_init_bootrom_reset
                0x10001e68       0x16 src/CMakeFiles/lab2a.dir/C_/Users/domin/Desktop/Computerarchitektur/computerarchitektur_arm/external/pico-sdk/src/rp2_common/pico_runtime_init/runtime_init.c.obj
                0x10001e68                runtime_init_bootrom_reset
 .text.runtime_init_per_core_bootrom_reset
                0x10001e7e       0x16 src/CMakeFiles/lab2a.dir/C_/Users/domin/Desktop/Computerarchitektur/computerarchitektur_arm/external/pico-sdk/src/rp2_common/pico_runtime_init/runtime_init.c.obj
                0x10001e7e                runtime_init_per_core_bootrom_reset
 .text.runtime_init_spin_locks_reset
                0x10001e94        0x4 src/CMakeFiles/lab2a.dir/C_/Users/domin/Desktop/Computerarchitektur/computerarchitektur_arm/external/pico-sdk/src/rp2_common/pico_runtime_init/runtime_init.c.obj
                0x10001e94                runtime_init_spin_locks_reset
 .text.runtime_init_clocks
                0x10001e98       0xec src/CMakeFiles/lab2a.dir/C_/Users/domin/Desktop/Computerarchitektur/computerarchitektur_arm/external/pico-sdk/src/rp2_common/pico_runtime_init/runtime_init_clocks.c.obj
                0x10001e98                runtime_init_clocks
 .text._out_null
                0x10001f84        0x2 src/CMakeFiles/lab2a.dir/C_/Users/domin/Desktop/Computerarchitektur/computerarchitektur_arm/external/pico-sdk/src/rp2_common/pico_printf/printf.c.obj
 .text._out_rev
                0x10001f86       0xc4 src/CMakeFiles/lab2a.dir/C_/Users/domin/Desktop/Computerarchitektur/computerarchitektur_arm/external/pico-sdk/src/rp2_common/pico_printf/printf.c.obj
 .text._ntoa_format
                0x1000204a      0x20a src/CMakeFiles/lab2a.dir/C_/Users/domin/Desktop/Computerarchitektur/computerarchitektur_arm/external/pico-sdk/src/rp2_common/pico_printf/printf.c.obj
 .text._out_char
                0x10002254        0x8 src/CMakeFiles/lab2a.dir/C_/Users/domin/Desktop/Computerarchitektur/computerarchitektur_arm/external/pico-sdk/src/rp2_common/pico_printf/printf.c.obj
 .text._out_fct
                0x1000225c        0xa src/CMakeFiles/lab2a.dir/C_/Users/domin/Desktop/Computerarchitektur/computerarchitektur_arm/external/pico-sdk/src/rp2_common/pico_printf/printf.c.obj
 .text._ftoa    0x10002266      0x592 src/CMakeFiles/lab2a.dir/C_/Users/domin/Desktop/Computerarchitektur/computerarchitektur_arm/external/pico-sdk/src/rp2_common/pico_printf/printf.c.obj
 .text._etoa    0x100027f8      0x59e src/CMakeFiles/lab2a.dir/C_/Users/domin/Desktop/Computerarchitektur/computerarchitektur_arm/external/pico-sdk/src/rp2_common/pico_printf/printf.c.obj
 .text._vsnprintf
                0x10002d96      0xa60 src/CMakeFiles/lab2a.dir/C_/Users/domin/Desktop/Computerarchitektur/computerarchitektur_arm/external/pico-sdk/src/rp2_common/pico_printf/printf.c.obj
 .text.vfctprintf
                0x100037f6       0x24 src/CMakeFiles/lab2a.dir/C_/Users/domin/Desktop/Computerarchitektur/computerarchitektur_arm/external/pico-sdk/src/rp2_common/pico_printf/printf.c.obj
                0x100037f6                vfctprintf
 .text.weak_raw_vprintf
                0x1000381a       0x2e src/CMakeFiles/lab2a.dir/C_/Users/domin/Desktop/Computerarchitektur/computerarchitektur_arm/external/pico-sdk/src/rp2_common/pico_printf/printf.c.obj
                0x1000381a                weak_raw_vprintf
 .text          0x10003848       0x20 src/CMakeFiles/lab2a.dir/C_/Users/domin/Desktop/Computerarchitektur/computerarchitektur_arm/external/pico-sdk/src/rp2_common/pico_crt0/crt0_riscv.S.obj
                0x10003848                runtime_init_per_core_h3_irq_registers
 .text._exit    0x10003868        0x4 src/CMakeFiles/lab2a.dir/C_/Users/domin/Desktop/Computerarchitektur/computerarchitektur_arm/external/pico-sdk/src/rp2_common/pico_clib_interface/newlib_interface.c.obj
                0x10003868                _exit
 .text.exit     0x1000386c        0x6 src/CMakeFiles/lab2a.dir/C_/Users/domin/Desktop/Computerarchitektur/computerarchitektur_arm/external/pico-sdk/src/rp2_common/pico_clib_interface/newlib_interface.c.obj
                0x1000386c                exit
 .text.runtime_init
                0x10003872       0x34 src/CMakeFiles/lab2a.dir/C_/Users/domin/Desktop/Computerarchitektur/computerarchitektur_arm/external/pico-sdk/src/rp2_common/pico_clib_interface/newlib_interface.c.obj
                0x10003872                runtime_init
 .text.stdio_out_chars_no_crlf
                0x100038a6        0x8 src/CMakeFiles/lab2a.dir/C_/Users/domin/Desktop/Computerarchitektur/computerarchitektur_arm/external/pico-sdk/src/rp2_common/pico_stdio/stdio.c.obj
 .text.stdio_out_chars_crlf
                0x100038ae       0xd4 src/CMakeFiles/lab2a.dir/C_/Users/domin/Desktop/Computerarchitektur/computerarchitektur_arm/external/pico-sdk/src/rp2_common/pico_stdio/stdio.c.obj
 .text.stdio_buffered_printer
                0x10003982       0x6a src/CMakeFiles/lab2a.dir/C_/Users/domin/Desktop/Computerarchitektur/computerarchitektur_arm/external/pico-sdk/src/rp2_common/pico_stdio/stdio.c.obj
 .text.stdio_put_string
                0x100039ec       0xfc src/CMakeFiles/lab2a.dir/C_/Users/domin/Desktop/Computerarchitektur/computerarchitektur_arm/external/pico-sdk/src/rp2_common/pico_stdio/stdio.c.obj
                0x100039ec                stdio_put_string
 .text.stdio_set_driver_enabled
                0x10003ae8       0x28 src/CMakeFiles/lab2a.dir/C_/Users/domin/Desktop/Computerarchitektur/computerarchitektur_arm/external/pico-sdk/src/rp2_common/pico_stdio/stdio.c.obj
                0x10003ae8                stdio_set_driver_enabled
 .text.stdio_init_all
                0x10003b10        0xe src/CMakeFiles/lab2a.dir/C_/Users/domin/Desktop/Computerarchitektur/computerarchitektur_arm/external/pico-sdk/src/rp2_common/pico_stdio/stdio.c.obj
                0x10003b10                stdio_init_all
 .text.__wrap_putchar
                0x10003b1e       0xa4 src/CMakeFiles/lab2a.dir/C_/Users/domin/Desktop/Computerarchitektur/computerarchitektur_arm/external/pico-sdk/src/rp2_common/pico_stdio/stdio.c.obj
                0x10003b1e                __wrap_putchar
                0x10003b1e                stdio_putchar
 .text.__wrap_puts
                0x10003bc2       0x44 src/CMakeFiles/lab2a.dir/C_/Users/domin/Desktop/Computerarchitektur/computerarchitektur_arm/external/pico-sdk/src/rp2_common/pico_stdio/stdio.c.obj
                0x10003bc2                stdio_puts
                0x10003bc2                __wrap_puts
 .text.__wrap_vprintf
                0x10003c06       0xc8 src/CMakeFiles/lab2a.dir/C_/Users/domin/Desktop/Computerarchitektur/computerarchitektur_arm/external/pico-sdk/src/rp2_common/pico_stdio/stdio.c.obj
                0x10003c06                stdio_vprintf
                0x10003c06                __wrap_vprintf
 .text.__wrap_printf
                0x10003cce       0x22 src/CMakeFiles/lab2a.dir/C_/Users/domin/Desktop/Computerarchitektur/computerarchitektur_arm/external/pico-sdk/src/rp2_common/pico_stdio/stdio.c.obj
                0x10003cce                __wrap_printf
                0x10003cce                stdio_printf
 .text.stdio_uart_out_chars
                0x10003cf0       0x4a src/CMakeFiles/lab2a.dir/C_/Users/domin/Desktop/Computerarchitektur/computerarchitektur_arm/external/pico-sdk/src/rp2_common/pico_stdio_uart/stdio_uart.c.obj
 .text.stdio_uart_in_chars
                0x10003d3a       0x8c src/CMakeFiles/lab2a.dir/C_/Users/domin/Desktop/Computerarchitektur/computerarchitektur_arm/external/pico-sdk/src/rp2_common/pico_stdio_uart/stdio_uart.c.obj
                0x10003d3a                stdio_uart_in_chars
 .text.on_uart_rx
                0x10003dc6       0x16 src/CMakeFiles/lab2a.dir/C_/Users/domin/Desktop/Computerarchitektur/computerarchitektur_arm/external/pico-sdk/src/rp2_common/pico_stdio_uart/stdio_uart.c.obj
 .text.stdio_uart_out_flush
                0x10003ddc        0xc src/CMakeFiles/lab2a.dir/C_/Users/domin/Desktop/Computerarchitektur/computerarchitektur_arm/external/pico-sdk/src/rp2_common/pico_stdio_uart/stdio_uart.c.obj
 .text.stdio_uart_set_chars_available_callback
                0x10003de8       0x92 src/CMakeFiles/lab2a.dir/C_/Users/domin/Desktop/Computerarchitektur/computerarchitektur_arm/external/pico-sdk/src/rp2_common/pico_stdio_uart/stdio_uart.c.obj
 .text.stdio_uart_init
                0x10003e7a       0x56 src/CMakeFiles/lab2a.dir/C_/Users/domin/Desktop/Computerarchitektur/computerarchitektur_arm/external/pico-sdk/src/rp2_common/pico_stdio_uart/stdio_uart.c.obj
                0x10003e7a                stdio_uart_init
 .text.strlen   0x10003ed0       0x64 C:/Users/domin/Desktop/Computerarchitektur/computerarchitektur_arm/external/usr/riscv32-unknown-elf/lib/rv32imac_zicsr_zifencei_zaamo_zalrsc_zba_zbb_zbkb_zbs/ilp32\libc.a(libc_a-strlen.o)
                0x10003ed0                strlen
 *(.fini)
 *crtbegin.o(.ctors)
 *crtbegin?.o(.ctors)
 *(EXCLUDE_FILE(*crtend.o *crtend?.o) .ctors)
 *(SORT_BY_NAME(.ctors.*))
 *(.ctors)
 *crtbegin.o(.dtors)
 *crtbegin?.o(.dtors)
 *(EXCLUDE_FILE(*crtend.o *crtend?.o) .dtors)
 *(SORT_BY_NAME(.dtors.*))
 *(.dtors)
                0x10003f34                        . = ALIGN (0x4)
 *fill*         0x10003f34        0x0 
                0x10003f34                        PROVIDE (__preinit_array_start = .)
 *(SORT_BY_NAME(.preinit_array.*))
 .preinit_array.00050
                0x10003f34        0x4 src/CMakeFiles/lab2a.dir/C_/Users/domin/Desktop/Computerarchitektur/computerarchitektur_arm/external/pico-sdk/src/rp2_common/pico_runtime_init/runtime_init.c.obj
                0x10003f34                __pre_init_runtime_init_bootrom_reset
 .preinit_array.00100
                0x10003f38        0x4 src/CMakeFiles/lab2a.dir/C_/Users/domin/Desktop/Computerarchitektur/computerarchitektur_arm/external/pico-sdk/src/rp2_common/pico_runtime_init/runtime_init.c.obj
                0x10003f38                __pre_init_runtime_init_early_resets
 .preinit_array.00101
                0x10003f3c        0x4 src/CMakeFiles/lab2a.dir/C_/Users/domin/Desktop/Computerarchitektur/computerarchitektur_arm/external/pico-sdk/src/rp2_common/pico_runtime_init/runtime_init.c.obj
                0x10003f3c                __pre_init_runtime_init_usb_power_down
 .preinit_array.00500
                0x10003f40        0x4 src/CMakeFiles/lab2a.dir/C_/Users/domin/Desktop/Computerarchitektur/computerarchitektur_arm/external/pico-sdk/src/rp2_common/pico_runtime_init/runtime_init.c.obj
                0x10003f40                __pre_init_runtime_init_clocks
 .preinit_array.00600
                0x10003f44        0x4 src/CMakeFiles/lab2a.dir/C_/Users/domin/Desktop/Computerarchitektur/computerarchitektur_arm/external/pico-sdk/src/rp2_common/pico_runtime_init/runtime_init.c.obj
                0x10003f44                __pre_init_runtime_init_post_clock_resets
 .preinit_array.01000
                0x10003f48        0x4 src/CMakeFiles/lab2a.dir/C_/Users/domin/Desktop/Computerarchitektur/computerarchitektur_arm/external/pico-sdk/src/rp2_common/hardware_boot_lock/boot_lock.c.obj
                0x10003f48                __pre_init_runtime_init_boot_locks_reset
 .preinit_array.01000
                0x10003f4c        0x4 src/CMakeFiles/lab2a.dir/C_/Users/domin/Desktop/Computerarchitektur/computerarchitektur_arm/external/pico-sdk/src/rp2_common/pico_runtime_init/runtime_init.c.obj
                0x10003f4c                __pre_init_runtime_init_spin_locks_reset
 .preinit_array.01010
                0x10003f50        0x4 src/CMakeFiles/lab2a.dir/C_/Users/domin/Desktop/Computerarchitektur/computerarchitektur_arm/external/pico-sdk/src/rp2_common/pico_bootrom/bootrom_lock.c.obj
                0x10003f50                __pre_init_runtime_init_bootrom_locking_enable
 .preinit_array.01100
                0x10003f54        0x4 src/CMakeFiles/lab2a.dir/C_/Users/domin/Desktop/Computerarchitektur/computerarchitektur_arm/external/pico-sdk/src/common/pico_sync/mutex.c.obj
                0x10003f54                __pre_init_runtime_init_mutex
 .preinit_array.11000
                0x10003f58        0x4 src/CMakeFiles/lab2a.dir/C_/Users/domin/Desktop/Computerarchitektur/computerarchitektur_arm/external/pico-sdk/src/common/pico_time/time.c.obj
                0x10003f58                __pre_init_runtime_init_default_alarm_pool
 .preinit_array.YYYYY
                0x10003f5c        0x4 src/CMakeFiles/lab2a.dir/C_/Users/domin/Desktop/Computerarchitektur/computerarchitektur_arm/external/pico-sdk/src/rp2_common/pico_runtime/runtime.c.obj
                0x10003f5c                __pre_init_first_per_core_initializer
 .preinit_array.ZZZZZ.00051
                0x10003f60        0x4 src/CMakeFiles/lab2a.dir/C_/Users/domin/Desktop/Computerarchitektur/computerarchitektur_arm/external/pico-sdk/src/rp2_common/pico_runtime_init/runtime_init.c.obj
                0x10003f60                __pre_init_runtime_init_per_core_bootrom_reset
 .preinit_array.ZZZZZ.00060
                0x10003f64        0x4 src/CMakeFiles/lab2a.dir/C_/Users/domin/Desktop/Computerarchitektur/computerarchitektur_arm/external/pico-sdk/src/rp2_common/pico_runtime_init/runtime_init.c.obj
                0x10003f64                __pre_init_runtime_init_per_core_h3_irq_registers
 .preinit_array.ZZZZZ.01200
                0x10003f68        0x4 src/CMakeFiles/lab2a.dir/C_/Users/domin/Desktop/Computerarchitektur/computerarchitektur_arm/external/pico-sdk/src/rp2_common/hardware_irq/irq.c.obj
                0x10003f68                __pre_init_runtime_init_per_core_irq_priorities
 *(.preinit_array)
                0x10003f6c                        PROVIDE (__preinit_array_end = .)
                0x10003f6c                        . = ALIGN (0x4)
                0x10003f6c                        PROVIDE (__init_array_start = .)
 *(SORT_BY_NAME(.init_array.*))
 *(.init_array)
 .init_array    0x10003f6c        0x4 C:/Users/domin/Desktop/Computerarchitektur/computerarchitektur_arm/external/usr/bin/../lib/gcc/riscv32-unknown-elf/15.1.0/crtbegin.o
                0x10003f70                        PROVIDE (__init_array_end = .)
                0x10003f70                        . = ALIGN (0x4)
                [!provide]                        PROVIDE (__fini_array_start = .)
 *(SORT_BY_NAME(.fini_array.*))
 *(.fini_array)
                [!provide]                        PROVIDE (__fini_array_end = .)
 *(.eh_frame*)
 .eh_frame      0x10003f70        0x0 C:/Users/domin/Desktop/Computerarchitektur/computerarchitektur_arm/external/usr/bin/../lib/gcc/riscv32-unknown-elf/15.1.0/crtbegin.o
                0x10003f70                        . = ALIGN (0x4)

.boot2          0x10003f70        0x0
                0x10003f70                        __boot2_start__ = .
 *(.boot2)
                0x10003f70                        __boot2_end__ = .
                0x00000001                        ASSERT (((__boot2_end__ - __boot2_start__) <= 0x100), ERROR: Pico second stage bootloader must be no more than 256 bytes in size)

.rodata         0x10003f70      0x3fc
 *(EXCLUDE_FILE(*libm.a: *libc.a:*lib_a-mem*.o *libgcc.a:) .rodata*)
 .rodata.main.str1.4
                0x10003f70       0xfc src/CMakeFiles/lab2a.dir/button.c.obj
                                 0x23 (size before relaxing)
 .rodata.panic.str1.4
                0x1000406c        0x0 src/CMakeFiles/lab2a.dir/C_/Users/domin/Desktop/Computerarchitektur/computerarchitektur_arm/external/pico-sdk/src/rp2_common/pico_platform_panic/panic.c.obj
                                 0x12 (size before relaxing)
 .rodata.timer_hardware_alarm_claim.str1.4
                0x1000406c        0x0 src/CMakeFiles/lab2a.dir/C_/Users/domin/Desktop/Computerarchitektur/computerarchitektur_arm/external/pico-sdk/src/rp2_common/hardware_timer/timer.c.obj
                                 0x22 (size before relaxing)
 .rodata.hard_assertion_failure.str1.4
                0x1000406c        0x0 src/CMakeFiles/lab2a.dir/C_/Users/domin/Desktop/Computerarchitektur/computerarchitektur_arm/external/pico-sdk/src/rp2_common/pico_runtime/runtime.c.obj
                                  0xc (size before relaxing)
 .rodata.str1.4
                0x1000406c        0x0 src/CMakeFiles/lab2a.dir/C_/Users/domin/Desktop/Computerarchitektur/computerarchitektur_arm/external/pico-sdk/src/rp2_common/pico_standard_binary_info/standard_binary_info.c.obj
                                 0x50 (size before relaxing)
 .rodata.__bi_84
                0x1000406c        0xc src/CMakeFiles/lab2a.dir/C_/Users/domin/Desktop/Computerarchitektur/computerarchitektur_arm/external/pico-sdk/src/rp2_common/pico_standard_binary_info/standard_binary_info.c.obj
 .rodata.__bi_78
                0x10004078        0xc src/CMakeFiles/lab2a.dir/C_/Users/domin/Desktop/Computerarchitektur/computerarchitektur_arm/external/pico-sdk/src/rp2_common/pico_standard_binary_info/standard_binary_info.c.obj
 .rodata.__bi_54
                0x10004084        0xc src/CMakeFiles/lab2a.dir/C_/Users/domin/Desktop/Computerarchitektur/computerarchitektur_arm/external/pico-sdk/src/rp2_common/pico_standard_binary_info/standard_binary_info.c.obj
 .rodata.__bi_48
                0x10004090        0xc src/CMakeFiles/lab2a.dir/C_/Users/domin/Desktop/Computerarchitektur/computerarchitektur_arm/external/pico-sdk/src/rp2_common/pico_standard_binary_info/standard_binary_info.c.obj
 .rodata.__bi_42
                0x1000409c        0xc src/CMakeFiles/lab2a.dir/C_/Users/domin/Desktop/Computerarchitektur/computerarchitektur_arm/external/pico-sdk/src/rp2_common/pico_standard_binary_info/standard_binary_info.c.obj
 .rodata.__bi_34
                0x100040a8        0xc src/CMakeFiles/lab2a.dir/C_/Users/domin/Desktop/Computerarchitektur/computerarchitektur_arm/external/pico-sdk/src/rp2_common/pico_standard_binary_info/standard_binary_info.c.obj
 .rodata.__bi_26
                0x100040b4        0xc src/CMakeFiles/lab2a.dir/C_/Users/domin/Desktop/Computerarchitektur/computerarchitektur_arm/external/pico-sdk/src/rp2_common/pico_standard_binary_info/standard_binary_info.c.obj
 .rodata._ftoa.str1.4
                0x100040c0        0x0 src/CMakeFiles/lab2a.dir/C_/Users/domin/Desktop/Computerarchitektur/computerarchitektur_arm/external/pico-sdk/src/rp2_common/pico_printf/printf.c.obj
                                 0x15 (size before relaxing)
 .rodata._vsnprintf
                0x100040c0      0x19c src/CMakeFiles/lab2a.dir/C_/Users/domin/Desktop/Computerarchitektur/computerarchitektur_arm/external/pico-sdk/src/rp2_common/pico_printf/printf.c.obj
 *fill*         0x1000425c        0x4 
 .rodata.pow10.0
                0x10004260       0x50 src/CMakeFiles/lab2a.dir/C_/Users/domin/Desktop/Computerarchitektur/computerarchitektur_arm/external/pico-sdk/src/rp2_common/pico_printf/printf.c.obj
 .rodata.str1.4
                0x100042b0        0x0 src/CMakeFiles/lab2a.dir/C_/Users/domin/Desktop/Computerarchitektur/computerarchitektur_arm/external/pico-sdk/src/rp2_common/pico_stdio_uart/stdio_uart.c.obj
                                 0x2c (size before relaxing)
 .rodata.__bi_45.4
                0x100042b0        0xc src/CMakeFiles/lab2a.dir/C_/Users/domin/Desktop/Computerarchitektur/computerarchitektur_arm/external/pico-sdk/src/rp2_common/pico_stdio_uart/stdio_uart.c.obj
 *(.srodata*)
 *fill*         0x100042bc        0x4 
 .srodata.cst8  0x100042c0       0x98 src/CMakeFiles/lab2a.dir/C_/Users/domin/Desktop/Computerarchitektur/computerarchitektur_arm/external/pico-sdk/src/rp2_common/pico_printf/printf.c.obj
 .srodata.crlf_str.0
                0x10004358        0x2 src/CMakeFiles/lab2a.dir/C_/Users/domin/Desktop/Computerarchitektur/computerarchitektur_arm/external/pico-sdk/src/rp2_common/pico_stdio/stdio.c.obj
 *fill*         0x1000435a        0x2 
 .srodata.__bi_49.5
                0x1000435c        0x8 src/CMakeFiles/lab2a.dir/C_/Users/domin/Desktop/Computerarchitektur/computerarchitektur_arm/external/pico-sdk/src/rp2_common/pico_stdio_uart/stdio_uart.c.obj
 .srodata.__bi_50.6
                0x10004364        0x8 src/CMakeFiles/lab2a.dir/C_/Users/domin/Desktop/Computerarchitektur/computerarchitektur_arm/external/pico-sdk/src/rp2_common/pico_stdio_uart/stdio_uart.c.obj
                0x1000436c                        . = ALIGN (0x4)
 *(SORT_BY_ALIGNMENT(SORT_BY_NAME(.flashdata*)))
                0x1000436c                        . = ALIGN (0x4)

.ARM.extab
 *(.ARM.extab* .gnu.linkonce.armextab.*)
                0x1000436c                        __exidx_start = .

.ARM.exidx
 *(.ARM.exidx* .gnu.linkonce.armexidx.*)
                0x1000436c                        __exidx_end = .
                0x1000436c                        . = ALIGN (0x4)
                0x1000436c                        __binary_info_start = .

.binary_info    0x1000436c       0x28
 *(.binary_info.keep.*)
 .binary_info.keep.__bi_ptr84
                0x1000436c        0x4 src/CMakeFiles/lab2a.dir/C_/Users/domin/Desktop/Computerarchitektur/computerarchitektur_arm/external/pico-sdk/src/rp2_common/pico_standard_binary_info/standard_binary_info.c.obj
 .binary_info.keep.__bi_ptr78
                0x10004370        0x4 src/CMakeFiles/lab2a.dir/C_/Users/domin/Desktop/Computerarchitektur/computerarchitektur_arm/external/pico-sdk/src/rp2_common/pico_standard_binary_info/standard_binary_info.c.obj
 .binary_info.keep.__bi_ptr54
                0x10004374        0x4 src/CMakeFiles/lab2a.dir/C_/Users/domin/Desktop/Computerarchitektur/computerarchitektur_arm/external/pico-sdk/src/rp2_common/pico_standard_binary_info/standard_binary_info.c.obj
 .binary_info.keep.__bi_ptr48
                0x10004378        0x4 src/CMakeFiles/lab2a.dir/C_/Users/domin/Desktop/Computerarchitektur/computerarchitektur_arm/external/pico-sdk/src/rp2_common/pico_standard_binary_info/standard_binary_info.c.obj
 .binary_info.keep.__bi_ptr42
                0x1000437c        0x4 src/CMakeFiles/lab2a.dir/C_/Users/domin/Desktop/Computerarchitektur/computerarchitektur_arm/external/pico-sdk/src/rp2_common/pico_standard_binary_info/standard_binary_info.c.obj
 .binary_info.keep.__bi_ptr34
                0x10004380        0x4 src/CMakeFiles/lab2a.dir/C_/Users/domin/Desktop/Computerarchitektur/computerarchitektur_arm/external/pico-sdk/src/rp2_common/pico_standard_binary_info/standard_binary_info.c.obj
 .binary_info.keep.__bi_ptr26
                0x10004384        0x4 src/CMakeFiles/lab2a.dir/C_/Users/domin/Desktop/Computerarchitektur/computerarchitektur_arm/external/pico-sdk/src/rp2_common/pico_standard_binary_info/standard_binary_info.c.obj
 *(.binary_info.*)
 .binary_info.__bi_ptr50
                0x10004388        0x4 src/CMakeFiles/lab2a.dir/C_/Users/domin/Desktop/Computerarchitektur/computerarchitektur_arm/external/pico-sdk/src/rp2_common/pico_stdio_uart/stdio_uart.c.obj
 .binary_info.__bi_ptr49
                0x1000438c        0x4 src/CMakeFiles/lab2a.dir/C_/Users/domin/Desktop/Computerarchitektur/computerarchitektur_arm/external/pico-sdk/src/rp2_common/pico_stdio_uart/stdio_uart.c.obj
 .binary_info.__bi_ptr45
                0x10004390        0x4 src/CMakeFiles/lab2a.dir/C_/Users/domin/Desktop/Computerarchitektur/computerarchitektur_arm/external/pico-sdk/src/rp2_common/pico_stdio_uart/stdio_uart.c.obj
                0x10004394                        __binary_info_end = .
                0x10004394                        . = ALIGN (0x4)

.ram_vector_table
 *(.ram_vector_table)

.uninitialized_data
                0x20000000        0x0
                0x20000000                        . = ALIGN (0x4)
 *(.uninitialized_data*)

.data           0x20000000     0x218c load address 0x10004394
                0x20000000                        __data_start__ = .
 *(vtable)
 *(.time_critical*)
 .time_critical.mutex_enter_block_until
                0x20000000       0x90 src/CMakeFiles/lab2a.dir/C_/Users/domin/Desktop/Computerarchitektur/computerarchitektur_arm/external/pico-sdk/src/common/pico_sync/mutex.c.obj
                0x20000000                mutex_enter_block_until
 .time_critical.mutex_try_enter_block_until
                0x20000090       0x6a src/CMakeFiles/lab2a.dir/C_/Users/domin/Desktop/Computerarchitektur/computerarchitektur_arm/external/pico-sdk/src/common/pico_sync/mutex.c.obj
                0x20000090                mutex_try_enter_block_until
 .time_critical.mutex_exit
                0x200000fa       0x38 src/CMakeFiles/lab2a.dir/C_/Users/domin/Desktop/Computerarchitektur/computerarchitektur_arm/external/pico-sdk/src/common/pico_sync/mutex.c.obj
                0x200000fa                mutex_exit
 *(.text*)
 .text          0x20000132      0x2e6 C:/Users/domin/Desktop/Computerarchitektur/computerarchitektur_arm/external/usr/lib/gcc/riscv32-unknown-elf/15.1.0/rv32imac_zicsr_zifencei_zaamo_zalrsc_zba_zbb_zbkb_zbs/ilp32\libgcc.a(_udivdi3.o)
                0x20000132                __udivdi3
 .text          0x20000418      0x332 C:/Users/domin/Desktop/Computerarchitektur/computerarchitektur_arm/external/usr/lib/gcc/riscv32-unknown-elf/15.1.0/rv32imac_zicsr_zifencei_zaamo_zalrsc_zba_zbb_zbkb_zbs/ilp32\libgcc.a(_umoddi3.o)
                0x20000418                __umoddi3
 .text          0x2000074a      0x57e C:/Users/domin/Desktop/Computerarchitektur/computerarchitektur_arm/external/usr/lib/gcc/riscv32-unknown-elf/15.1.0/rv32imac_zicsr_zifencei_zaamo_zalrsc_zba_zbb_zbkb_zbs/ilp32\libgcc.a(adddf3.o)
                0x2000074a                __adddf3
 .text          0x20000cc8      0x4ba C:/Users/domin/Desktop/Computerarchitektur/computerarchitektur_arm/external/usr/lib/gcc/riscv32-unknown-elf/15.1.0/rv32imac_zicsr_zifencei_zaamo_zalrsc_zba_zbb_zbkb_zbs/ilp32\libgcc.a(divdf3.o)
                0x20000cc8                __divdf3
 .text          0x20001182       0xb6 C:/Users/domin/Desktop/Computerarchitektur/computerarchitektur_arm/external/usr/lib/gcc/riscv32-unknown-elf/15.1.0/rv32imac_zicsr_zifencei_zaamo_zalrsc_zba_zbb_zbkb_zbs/ilp32\libgcc.a(gedf2.o)
                0x20001182                __gedf2
                0x20001182                __gtdf2
 .text          0x20001238       0xb6 C:/Users/domin/Desktop/Computerarchitektur/computerarchitektur_arm/external/usr/lib/gcc/riscv32-unknown-elf/15.1.0/rv32imac_zicsr_zifencei_zaamo_zalrsc_zba_zbb_zbkb_zbs/ilp32\libgcc.a(ledf2.o)
                0x20001238                __ledf2
                0x20001238                __ltdf2
 .text          0x200012ee      0x420 C:/Users/domin/Desktop/Computerarchitektur/computerarchitektur_arm/external/usr/lib/gcc/riscv32-unknown-elf/15.1.0/rv32imac_zicsr_zifencei_zaamo_zalrsc_zba_zbb_zbkb_zbs/ilp32\libgcc.a(muldf3.o)
                0x200012ee                __muldf3
 .text          0x2000170e      0x592 C:/Users/domin/Desktop/Computerarchitektur/computerarchitektur_arm/external/usr/lib/gcc/riscv32-unknown-elf/15.1.0/rv32imac_zicsr_zifencei_zaamo_zalrsc_zba_zbb_zbkb_zbs/ilp32\libgcc.a(subdf3.o)
                0x2000170e                __subdf3
 .text          0x20001ca0       0x34 C:/Users/domin/Desktop/Computerarchitektur/computerarchitektur_arm/external/usr/lib/gcc/riscv32-unknown-elf/15.1.0/rv32imac_zicsr_zifencei_zaamo_zalrsc_zba_zbb_zbkb_zbs/ilp32\libgcc.a(unorddf2.o)
                0x20001ca0                __unorddf2
 .text          0x20001cd4       0x60 C:/Users/domin/Desktop/Computerarchitektur/computerarchitektur_arm/external/usr/lib/gcc/riscv32-unknown-elf/15.1.0/rv32imac_zicsr_zifencei_zaamo_zalrsc_zba_zbb_zbkb_zbs/ilp32\libgcc.a(fixdfsi.o)
                0x20001cd4                __fixdfsi
 .text          0x20001d34       0x5e C:/Users/domin/Desktop/Computerarchitektur/computerarchitektur_arm/external/usr/lib/gcc/riscv32-unknown-elf/15.1.0/rv32imac_zicsr_zifencei_zaamo_zalrsc_zba_zbb_zbkb_zbs/ilp32\libgcc.a(fixunsdfsi.o)
                0x20001d34                __fixunsdfsi
 .text          0x20001d92       0x50 C:/Users/domin/Desktop/Computerarchitektur/computerarchitektur_arm/external/usr/lib/gcc/riscv32-unknown-elf/15.1.0/rv32imac_zicsr_zifencei_zaamo_zalrsc_zba_zbb_zbkb_zbs/ilp32\libgcc.a(floatsidf.o)
                0x20001d92                __floatsidf
 .text          0x20001de2       0x3c C:/Users/domin/Desktop/Computerarchitektur/computerarchitektur_arm/external/usr/lib/gcc/riscv32-unknown-elf/15.1.0/rv32imac_zicsr_zifencei_zaamo_zalrsc_zba_zbb_zbkb_zbs/ilp32\libgcc.a(floatunsidf.o)
                0x20001de2                __floatunsidf
                0x20001e20                        . = ALIGN (0x4)
 *fill*         0x20001e1e        0x2 
 *(.rodata*)
 .rodata        0x20001e20       0x3c C:/Users/domin/Desktop/Computerarchitektur/computerarchitektur_arm/external/usr/lib/gcc/riscv32-unknown-elf/15.1.0/rv32imac_zicsr_zifencei_zaamo_zalrsc_zba_zbb_zbkb_zbs/ilp32\libgcc.a(divdf3.o)
 .rodata        0x20001e5c      0x100 C:/Users/domin/Desktop/Computerarchitektur/computerarchitektur_arm/external/usr/lib/gcc/riscv32-unknown-elf/15.1.0/rv32imac_zicsr_zifencei_zaamo_zalrsc_zba_zbb_zbkb_zbs/ilp32\libgcc.a(_clz.o)
                0x20001e5c                __clz_tab
                0x20001f5c                        . = ALIGN (0x4)
 *(.data*)
 .data          0x20001f5c       0x4a src/CMakeFiles/lab2a.dir/C_/Users/domin/Desktop/Computerarchitektur/computerarchitektur_arm/external/pico-sdk/src/rp2_common/hardware_irq/irq_handler_chain.S.obj
                0x20001f5c                irq_handler_chain_slots
                0x20001f8c                irq_handler_chain_first_slot
                0x20001f98                irq_handler_chain_remove_tail
 *fill*         0x20001fa6        0x2 
 .data.default_alarm_pool
                0x20001fa8       0x18 src/CMakeFiles/lab2a.dir/C_/Users/domin/Desktop/Computerarchitektur/computerarchitektur_arm/external/pico-sdk/src/common/pico_time/time.c.obj
 *fill*         0x20001fc0        0x0 
 .data          0x20001fc0      0x1a8 src/CMakeFiles/lab2a.dir/C_/Users/domin/Desktop/Computerarchitektur/computerarchitektur_arm/external/pico-sdk/src/rp2_common/pico_crt0/crt0_riscv.S.obj
                0x20001fc0                __VECTOR_TABLE
                0x20001fc0                __vectors
                0x20001fec                isr_riscv_machine_external_irq
                0x20002090                __soft_vector_table
                0x20002160                isr_riscv_machine_timer
                0x20002160                __default_isrs_start
                0x20002160                isr_riscv_machine_exception
                0x20002162                isr_riscv_machine_soft_irq
                0x20002164                isr_irqIRQN
                0x20002164                __unhandled_user_irq
                0x20002164                unhandled_user_irq_num_in_a0
                0x20002168                __default_isrs_end
 .data.stdio_uart
                0x20002168       0x18 src/CMakeFiles/lab2a.dir/C_/Users/domin/Desktop/Computerarchitektur/computerarchitektur_arm/external/pico-sdk/src/rp2_common/pico_stdio_uart/stdio_uart.c.obj
                0x20002168                stdio_uart
 *(.sdata*)
 .sdata.striped_spin_lock_num
                0x20002180        0x1 src/CMakeFiles/lab2a.dir/C_/Users/domin/Desktop/Computerarchitektur/computerarchitektur_arm/external/pico-sdk/src/rp2_common/hardware_sync/sync.c.obj
                0x20002184                        . = ALIGN (0x4)
 *fill*         0x20002181        0x3 
 *(.after_data.*)
                0x20002184                        . = ALIGN (0x4)
                0x20002184                        PROVIDE (__mutex_array_start = .)
 *(SORT_BY_NAME(.mutex_array.*))
 *(.mutex_array)
 .mutex_array   0x20002184        0x8 src/CMakeFiles/lab2a.dir/C_/Users/domin/Desktop/Computerarchitektur/computerarchitektur_arm/external/pico-sdk/src/rp2_common/pico_stdio/stdio.c.obj
                0x2000218c                        PROVIDE (__mutex_array_end = .)
 *(.jcr)
                0x2000218c                        . = ALIGN (0x4)

.tdata          0x2000218c        0x0 load address 0x10006520
                0x2000218c                        . = ALIGN (0x4)
 *(.tdata .tdata.* .gnu.linkonce.td.*)
                0x2000218c                        __tdata_end = .
                0x2000218c                        PROVIDE (__data_end__ = .)
                0x10004394                        __etext = LOADADDR (.data)

.tbss           0x2000218c        0x0 load address 0x10006520
                0x2000218c                        . = ALIGN (0x4)
                0x2000218c                        __bss_start__ = .
                0x2000218c                        __tls_base = .
 *(.tbss .tbss.* .gnu.linkonce.tb.*)
 *(.tcommon)
                0x2000218c                        __tls_end = .

.bss            0x20002190      0x258 load address 0x10006520
                0x20002190                        . = ALIGN (0x4)
                0x20002190                        __tbss_end = .
 *(SORT_BY_ALIGNMENT(SORT_BY_NAME(.bss*)))
 .bss.default_alarm_pool_entries
                0x20002190      0x180 src/CMakeFiles/lab2a.dir/C_/Users/domin/Desktop/Computerarchitektur/computerarchitektur_arm/external/pico-sdk/src/common/pico_time/time.c.obj
 .bss           0x20002310       0x1c C:/Users/domin/Desktop/Computerarchitektur/computerarchitektur_arm/external/usr/bin/../lib/gcc/riscv32-unknown-elf/15.1.0/crtbegin.o
 .bss._sw_spin_locks
                0x2000232c       0x20 src/CMakeFiles/lab2a.dir/C_/Users/domin/Desktop/Computerarchitektur/computerarchitektur_arm/external/pico-sdk/src/rp2_common/hardware_sync_spin_lock/sync_spin_lock.c.obj
                0x2000232c                _sw_spin_locks
 .bss.configured_freq
                0x2000234c       0x28 src/CMakeFiles/lab2a.dir/C_/Users/domin/Desktop/Computerarchitektur/computerarchitektur_arm/external/pico-sdk/src/rp2_common/hardware_clocks/clocks.c.obj
 .bss.pools     0x20002374       0x20 src/CMakeFiles/lab2a.dir/C_/Users/domin/Desktop/Computerarchitektur/computerarchitektur_arm/external/pico-sdk/src/common/pico_time/time.c.obj
 *(COMMON)
                0x20002b94                        PROVIDE (__global_pointer$ = (. + 0x800))
 *(.sbss*)
 .sbss.last_event
                0x20002394        0x4 src/CMakeFiles/lab2a.dir/button.c.obj
                0x20002394                last_event
 .sbss.last_interrupt_time
                0x20002398        0x8 src/CMakeFiles/lab2a.dir/button.c.obj
                0x20002398                last_interrupt_time
 .sbss.press_start_time
                0x200023a0        0x8 src/CMakeFiles/lab2a.dir/button.c.obj
                0x200023a0                press_start_time
 .sbss.last_button_press
                0x200023a8        0x4 src/CMakeFiles/lab2a.dir/button.c.obj
                0x200023a8                last_button_press
 .sbss.button_press
                0x200023ac        0x4 src/CMakeFiles/lab2a.dir/button.c.obj
                0x200023ac                button_press
 .sbss.raw_irq_mask
                0x200023b0        0x8 src/CMakeFiles/lab2a.dir/C_/Users/domin/Desktop/Computerarchitektur/computerarchitektur_arm/external/pico-sdk/src/rp2_common/hardware_gpio/gpio.c.obj
 .sbss.callbacks
                0x200023b8        0x8 src/CMakeFiles/lab2a.dir/C_/Users/domin/Desktop/Computerarchitektur/computerarchitektur_arm/external/pico-sdk/src/rp2_common/hardware_gpio/gpio.c.obj
 .sbss.irq_handler_chain_free_slot_head
                0x200023c0        0x1 src/CMakeFiles/lab2a.dir/C_/Users/domin/Desktop/Computerarchitektur/computerarchitektur_arm/external/pico-sdk/src/rp2_common/hardware_irq/irq.c.obj
 *fill*         0x200023c1        0x3 
 .sbss.sleep_notifier
                0x200023c4        0x4 src/CMakeFiles/lab2a.dir/C_/Users/domin/Desktop/Computerarchitektur/computerarchitektur_arm/external/pico-sdk/src/common/pico_time/time.c.obj
 .sbss.claimed  0x200023c8        0x2 src/CMakeFiles/lab2a.dir/C_/Users/domin/Desktop/Computerarchitektur/computerarchitektur_arm/external/pico-sdk/src/rp2_common/hardware_timer/timer.c.obj
 *fill*         0x200023ca        0x2 
 .sbss.uart_char_to_line_feed
                0x200023cc        0x4 src/CMakeFiles/lab2a.dir/C_/Users/domin/Desktop/Computerarchitektur/computerarchitektur_arm/external/pico-sdk/src/rp2_common/hardware_uart/uart.c.obj
                0x200023cc                uart_char_to_line_feed
 .sbss.lazy_vsnprintf
                0x200023d0        0x4 src/CMakeFiles/lab2a.dir/C_/Users/domin/Desktop/Computerarchitektur/computerarchitektur_arm/external/pico-sdk/src/rp2_common/pico_printf/printf.c.obj
 .sbss.filter   0x200023d4        0x4 src/CMakeFiles/lab2a.dir/C_/Users/domin/Desktop/Computerarchitektur/computerarchitektur_arm/external/pico-sdk/src/rp2_common/pico_stdio/stdio.c.obj
 .sbss.drivers  0x200023d8        0x4 src/CMakeFiles/lab2a.dir/C_/Users/domin/Desktop/Computerarchitektur/computerarchitektur_arm/external/pico-sdk/src/rp2_common/pico_stdio/stdio.c.obj
 .sbss.chars_available_param
                0x200023dc        0x4 src/CMakeFiles/lab2a.dir/C_/Users/domin/Desktop/Computerarchitektur/computerarchitektur_arm/external/pico-sdk/src/rp2_common/pico_stdio_uart/stdio_uart.c.obj
 .sbss.chars_available_callback
                0x200023e0        0x4 src/CMakeFiles/lab2a.dir/C_/Users/domin/Desktop/Computerarchitektur/computerarchitektur_arm/external/pico-sdk/src/rp2_common/pico_stdio_uart/stdio_uart.c.obj
 .sbss.uart_instance
                0x200023e4        0x4 src/CMakeFiles/lab2a.dir/C_/Users/domin/Desktop/Computerarchitektur/computerarchitektur_arm/external/pico-sdk/src/rp2_common/pico_stdio_uart/stdio_uart.c.obj
                0x200023e8                        . = ALIGN (0x4)
                0x200023e8                        __bss_end__ = .

.heap           0x200023e8      0x800 load address 0x10006520
                0x200023e8                        __end__ = .
                0x200023e8                        end = __end__
 *(.heap*)
 .heap          0x200023e8      0x800 src/CMakeFiles/lab2a.dir/C_/Users/domin/Desktop/Computerarchitektur/computerarchitektur_arm/external/pico-sdk/src/rp2_common/pico_crt0/crt0_riscv.S.obj
                0x20080000                        __HeapLimit = (ORIGIN (RAM) + LENGTH (RAM))

.scratch_x      0x20080000        0x0 load address 0x10006520
                0x20080000                        __scratch_x_start__ = .
 *(.scratch_x.*)
                0x20080000                        . = ALIGN (0x4)
                0x20080000                        __scratch_x_end__ = .
                0x10006520                        __scratch_x_source__ = LOADADDR (.scratch_x)

.scratch_y      0x20081000        0x0 load address 0x10006520
                0x20081000                        __scratch_y_start__ = .
 *(.scratch_y.*)
                0x20081000                        . = ALIGN (0x4)
                0x20081000                        __scratch_y_end__ = .
                0x10006520                        __scratch_y_source__ = LOADADDR (.scratch_y)

.stack1_dummy
 *(.stack1*)

.stack_dummy    0x20081000      0x800
 *(.stack*)
 .stack         0x20081000      0x800 src/CMakeFiles/lab2a.dir/C_/Users/domin/Desktop/Computerarchitektur/computerarchitektur_arm/external/pico-sdk/src/rp2_common/pico_crt0/crt0_riscv.S.obj

.flash_end      0x10006520       0x14
 *(.embedded_end_block*)
 .embedded_end_block
                0x10006520       0x14 src/CMakeFiles/lab2a.dir/C_/Users/domin/Desktop/Computerarchitektur/computerarchitektur_arm/external/pico-sdk/src/rp2_common/pico_crt0/crt0_riscv.S.obj
                0x10006534                        PROVIDE (__flash_binary_end = .)
                0x20080000                        __StackLimit = (ORIGIN (RAM) + LENGTH (RAM))
                0x20081000                        __StackOneTop = (ORIGIN (SCRATCH_X) + LENGTH (SCRATCH_X))
                0x20082000                        __StackTop = (ORIGIN (SCRATCH_Y) + LENGTH (SCRATCH_Y))
                0x20081000                        __StackOneBottom = (__StackOneTop - SIZEOF (.stack1_dummy))
                0x20081800                        __StackBottom = (__StackTop - SIZEOF (.stack_dummy))
                [!provide]                        PROVIDE (__stack = __StackTop)
                [!provide]                        PROVIDE (__heap_start = __end__)
                [!provide]                        PROVIDE (__heap_end = __HeapLimit)
                [!provide]                        PROVIDE (__tls_align = MAX (ALIGNOF (.tdata), ALIGNOF (.tbss)))
                [!provide]                        PROVIDE (__tls_size_align = (((__tls_size + __tls_align) - 0x1) & ~ ((__tls_align - 0x1))))
                [!provide]                        PROVIDE (__arm32_tls_tcb_offset = MAX (0x8, __tls_align))
                0x200023e8                        PROVIDE (_end = __end__)
                [!provide]                        PROVIDE (__llvm_libc_heap_limit = __HeapLimit)
                0x00000001                        ASSERT ((__StackLimit >= __HeapLimit), region RAM overflowed)
                0x00000001                        ASSERT (((__binary_info_header_end - __logical_binary_start) <= 0x400), Binary info must be in first 1024 bytes of the binary)
                0x00000001                        ASSERT (((__embedded_block_end - __logical_binary_start) <= 0x1000), Embedded block must be in first 4096 bytes of the binary)
LOAD src/CMakeFiles/lab2a.dir/button.c.obj
LOAD src/CMakeFiles/lab2a.dir/C_/Users/domin/Desktop/Computerarchitektur/computerarchitektur_arm/external/pico-sdk/src/rp2_common/pico_stdlib/stdlib.c.obj
LOAD src/CMakeFiles/lab2a.dir/C_/Users/domin/Desktop/Computerarchitektur/computerarchitektur_arm/external/pico-sdk/src/rp2_common/hardware_gpio/gpio.c.obj
LOAD src/CMakeFiles/lab2a.dir/C_/Users/domin/Desktop/Computerarchitektur/computerarchitektur_arm/external/pico-sdk/src/rp2350/pico_platform/platform.c.obj
LOAD src/CMakeFiles/lab2a.dir/C_/Users/domin/Desktop/Computerarchitektur/computerarchitektur_arm/external/pico-sdk/src/rp2_common/pico_platform_common/common.c.obj
LOAD src/CMakeFiles/lab2a.dir/C_/Users/domin/Desktop/Computerarchitektur/computerarchitektur_arm/external/pico-sdk/src/rp2_common/pico_platform_panic/panic.c.obj
LOAD src/CMakeFiles/lab2a.dir/C_/Users/domin/Desktop/Computerarchitektur/computerarchitektur_arm/external/pico-sdk/src/common/hardware_claim/claim.c.obj
LOAD src/CMakeFiles/lab2a.dir/C_/Users/domin/Desktop/Computerarchitektur/computerarchitektur_arm/external/pico-sdk/src/rp2_common/hardware_sync/sync.c.obj
LOAD src/CMakeFiles/lab2a.dir/C_/Users/domin/Desktop/Computerarchitektur/computerarchitektur_arm/external/pico-sdk/src/rp2_common/hardware_sync_spin_lock/sync_spin_lock.c.obj
LOAD src/CMakeFiles/lab2a.dir/C_/Users/domin/Desktop/Computerarchitektur/computerarchitektur_arm/external/pico-sdk/src/rp2_common/hardware_irq/irq.c.obj
LOAD src/CMakeFiles/lab2a.dir/C_/Users/domin/Desktop/Computerarchitektur/computerarchitektur_arm/external/pico-sdk/src/rp2_common/hardware_irq/irq_handler_chain.S.obj
LOAD src/CMakeFiles/lab2a.dir/C_/Users/domin/Desktop/Computerarchitektur/computerarchitektur_arm/external/pico-sdk/src/common/pico_sync/sem.c.obj
LOAD src/CMakeFiles/lab2a.dir/C_/Users/domin/Desktop/Computerarchitektur/computerarchitektur_arm/external/pico-sdk/src/common/pico_sync/lock_core.c.obj
LOAD src/CMakeFiles/lab2a.dir/C_/Users/domin/Desktop/Computerarchitektur/computerarchitektur_arm/external/pico-sdk/src/common/pico_sync/mutex.c.obj
LOAD src/CMakeFiles/lab2a.dir/C_/Users/domin/Desktop/Computerarchitektur/computerarchitektur_arm/external/pico-sdk/src/common/pico_sync/critical_section.c.obj
LOAD src/CMakeFiles/lab2a.dir/C_/Users/domin/Desktop/Computerarchitektur/computerarchitektur_arm/external/pico-sdk/src/common/pico_time/time.c.obj
LOAD src/CMakeFiles/lab2a.dir/C_/Users/domin/Desktop/Computerarchitektur/computerarchitektur_arm/external/pico-sdk/src/common/pico_time/timeout_helper.c.obj
LOAD src/CMakeFiles/lab2a.dir/C_/Users/domin/Desktop/Computerarchitektur/computerarchitektur_arm/external/pico-sdk/src/rp2_common/hardware_timer/timer.c.obj
LOAD src/CMakeFiles/lab2a.dir/C_/Users/domin/Desktop/Computerarchitektur/computerarchitektur_arm/external/pico-sdk/src/common/pico_util/datetime.c.obj
LOAD src/CMakeFiles/lab2a.dir/C_/Users/domin/Desktop/Computerarchitektur/computerarchitektur_arm/external/pico-sdk/src/common/pico_util/pheap.c.obj
LOAD src/CMakeFiles/lab2a.dir/C_/Users/domin/Desktop/Computerarchitektur/computerarchitektur_arm/external/pico-sdk/src/common/pico_util/queue.c.obj
LOAD src/CMakeFiles/lab2a.dir/C_/Users/domin/Desktop/Computerarchitektur/computerarchitektur_arm/external/pico-sdk/src/rp2_common/hardware_uart/uart.c.obj
LOAD src/CMakeFiles/lab2a.dir/C_/Users/domin/Desktop/Computerarchitektur/computerarchitektur_arm/external/pico-sdk/src/rp2_common/hardware_clocks/clocks.c.obj
LOAD src/CMakeFiles/lab2a.dir/C_/Users/domin/Desktop/Computerarchitektur/computerarchitektur_arm/external/pico-sdk/src/rp2_common/hardware_pll/pll.c.obj
LOAD src/CMakeFiles/lab2a.dir/C_/Users/domin/Desktop/Computerarchitektur/computerarchitektur_arm/external/pico-sdk/src/rp2_common/hardware_vreg/vreg.c.obj
LOAD src/CMakeFiles/lab2a.dir/C_/Users/domin/Desktop/Computerarchitektur/computerarchitektur_arm/external/pico-sdk/src/rp2_common/hardware_watchdog/watchdog.c.obj
LOAD src/CMakeFiles/lab2a.dir/C_/Users/domin/Desktop/Computerarchitektur/computerarchitektur_arm/external/pico-sdk/src/rp2_common/hardware_ticks/ticks.c.obj
LOAD src/CMakeFiles/lab2a.dir/C_/Users/domin/Desktop/Computerarchitektur/computerarchitektur_arm/external/pico-sdk/src/rp2_common/pico_bootrom/bootrom.c.obj
LOAD src/CMakeFiles/lab2a.dir/C_/Users/domin/Desktop/Computerarchitektur/computerarchitektur_arm/external/pico-sdk/src/rp2_common/pico_bootrom/bootrom_lock.c.obj
LOAD src/CMakeFiles/lab2a.dir/C_/Users/domin/Desktop/Computerarchitektur/computerarchitektur_arm/external/pico-sdk/src/rp2_common/hardware_boot_lock/boot_lock.c.obj
LOAD src/CMakeFiles/lab2a.dir/C_/Users/domin/Desktop/Computerarchitektur/computerarchitektur_arm/external/pico-sdk/src/rp2_common/pico_flash/flash.c.obj
LOAD src/CMakeFiles/lab2a.dir/C_/Users/domin/Desktop/Computerarchitektur/computerarchitektur_arm/external/pico-sdk/src/rp2_common/hardware_xosc/xosc.c.obj
LOAD src/CMakeFiles/lab2a.dir/C_/Users/domin/Desktop/Computerarchitektur/computerarchitektur_arm/external/pico-sdk/src/rp2_common/hardware_divider/divider.c.obj
LOAD src/CMakeFiles/lab2a.dir/C_/Users/domin/Desktop/Computerarchitektur/computerarchitektur_arm/external/pico-sdk/src/rp2_common/pico_runtime/runtime.c.obj
LOAD src/CMakeFiles/lab2a.dir/C_/Users/domin/Desktop/Computerarchitektur/computerarchitektur_arm/external/pico-sdk/src/rp2_common/pico_runtime_init/runtime_init.c.obj
LOAD src/CMakeFiles/lab2a.dir/C_/Users/domin/Desktop/Computerarchitektur/computerarchitektur_arm/external/pico-sdk/src/rp2_common/pico_runtime_init/runtime_init_clocks.c.obj
LOAD src/CMakeFiles/lab2a.dir/C_/Users/domin/Desktop/Computerarchitektur/computerarchitektur_arm/external/pico-sdk/src/rp2_common/pico_runtime_init/runtime_init_stack_guard.c.obj
LOAD src/CMakeFiles/lab2a.dir/C_/Users/domin/Desktop/Computerarchitektur/computerarchitektur_arm/external/pico-sdk/src/rp2_common/pico_bit_ops/bit_ops_aeabi.S.obj
LOAD src/CMakeFiles/lab2a.dir/C_/Users/domin/Desktop/Computerarchitektur/computerarchitektur_arm/external/pico-sdk/src/rp2_common/pico_divider/divider_compiler.c.obj
LOAD src/CMakeFiles/lab2a.dir/C_/Users/domin/Desktop/Computerarchitektur/computerarchitektur_arm/external/pico-sdk/src/rp2_common/pico_float/float_single_hazard3.S.obj
LOAD src/CMakeFiles/lab2a.dir/C_/Users/domin/Desktop/Computerarchitektur/computerarchitektur_arm/external/pico-sdk/src/rp2_common/pico_malloc/malloc.c.obj
LOAD src/CMakeFiles/lab2a.dir/C_/Users/domin/Desktop/Computerarchitektur/computerarchitektur_arm/external/pico-sdk/src/rp2_common/pico_atomic/atomic.c.obj
LOAD src/CMakeFiles/lab2a.dir/C_/Users/domin/Desktop/Computerarchitektur/computerarchitektur_arm/external/pico-sdk/src/rp2_common/pico_cxx_options/new_delete.cpp.obj
LOAD src/CMakeFiles/lab2a.dir/C_/Users/domin/Desktop/Computerarchitektur/computerarchitektur_arm/external/pico-sdk/src/rp2_common/pico_standard_binary_info/standard_binary_info.c.obj
LOAD src/CMakeFiles/lab2a.dir/C_/Users/domin/Desktop/Computerarchitektur/computerarchitektur_arm/external/pico-sdk/src/rp2_common/pico_printf/printf.c.obj
LOAD src/CMakeFiles/lab2a.dir/C_/Users/domin/Desktop/Computerarchitektur/computerarchitektur_arm/external/pico-sdk/src/rp2_common/pico_crt0/crt0_riscv.S.obj
LOAD src/CMakeFiles/lab2a.dir/C_/Users/domin/Desktop/Computerarchitektur/computerarchitektur_arm/external/pico-sdk/src/rp2_common/pico_clib_interface/newlib_interface.c.obj
LOAD src/CMakeFiles/lab2a.dir/C_/Users/domin/Desktop/Computerarchitektur/computerarchitektur_arm/external/pico-sdk/src/rp2_common/pico_stdio/stdio.c.obj
LOAD src/CMakeFiles/lab2a.dir/C_/Users/domin/Desktop/Computerarchitektur/computerarchitektur_arm/external/pico-sdk/src/rp2_common/pico_stdio_uart/stdio_uart.c.obj
LOAD pico-sdk/src/rp2350/boot_stage2/CMakeFiles/bs2_default_library.dir/./bs2_default_padded_checksummed.S.obj
LOAD C:/Users/domin/Desktop/Computerarchitektur/computerarchitektur_arm/external/usr/riscv32-unknown-elf/lib/rv32imac_zicsr_zifencei_zaamo_zalrsc_zba_zbb_zbkb_zbs/ilp32\libstdc++.a
LOAD C:/Users/domin/Desktop/Computerarchitektur/computerarchitektur_arm/external/usr/riscv32-unknown-elf/lib/rv32imac_zicsr_zifencei_zaamo_zalrsc_zba_zbb_zbkb_zbs/ilp32\libm.a
LOAD C:/Users/domin/Desktop/Computerarchitektur/computerarchitektur_arm/external/usr/lib/gcc/riscv32-unknown-elf/15.1.0/rv32imac_zicsr_zifencei_zaamo_zalrsc_zba_zbb_zbkb_zbs/ilp32\libgcc.a
START GROUP
LOAD C:/Users/domin/Desktop/Computerarchitektur/computerarchitektur_arm/external/usr/riscv32-unknown-elf/lib/rv32imac_zicsr_zifencei_zaamo_zalrsc_zba_zbb_zbkb_zbs/ilp32\libc.a
END GROUP
LOAD C:/Users/domin/Desktop/Computerarchitektur/computerarchitektur_arm/external/usr/lib/gcc/riscv32-unknown-elf/15.1.0/rv32imac_zicsr_zifencei_zaamo_zalrsc_zba_zbb_zbkb_zbs/ilp32\libgcc.a
START GROUP
LOAD C:/Users/domin/Desktop/Computerarchitektur/computerarchitektur_arm/external/usr/lib/gcc/riscv32-unknown-elf/15.1.0/rv32imac_zicsr_zifencei_zaamo_zalrsc_zba_zbb_zbkb_zbs/ilp32\libgcc.a
LOAD C:/Users/domin/Desktop/Computerarchitektur/computerarchitektur_arm/external/usr/riscv32-unknown-elf/lib/rv32imac_zicsr_zifencei_zaamo_zalrsc_zba_zbb_zbkb_zbs/ilp32\libc.a
LOAD C:/Users/domin/Desktop/Computerarchitektur/computerarchitektur_arm/external/usr/riscv32-unknown-elf/lib/rv32imac_zicsr_zifencei_zaamo_zalrsc_zba_zbb_zbkb_zbs/ilp32\libnosys.a
END GROUP
LOAD C:/Users/domin/Desktop/Computerarchitektur/computerarchitektur_arm/external/usr/bin/../lib/gcc/riscv32-unknown-elf/15.1.0/crtend.o
OUTPUT(src\lab2a.elf elf32-littleriscv)

.rela.dyn       0x10006534        0x0
 .rela.text     0x10006534        0x0 C:/Users/domin/Desktop/Computerarchitektur/computerarchitektur_arm/external/usr/bin/../lib/gcc/riscv32-unknown-elf/15.1.0/crtbegin.o
 .rela.preinit_array.ZZZZZ.01200
                0x10006534        0x0 C:/Users/domin/Desktop/Computerarchitektur/computerarchitektur_arm/external/usr/bin/../lib/gcc/riscv32-unknown-elf/15.1.0/crtbegin.o
 .rela.text.runtime_init_mutex
                0x10006534        0x0 C:/Users/domin/Desktop/Computerarchitektur/computerarchitektur_arm/external/usr/bin/../lib/gcc/riscv32-unknown-elf/15.1.0/crtbegin.o
 .rela.preinit_array.01100
                0x10006534        0x0 C:/Users/domin/Desktop/Computerarchitektur/computerarchitektur_arm/external/usr/bin/../lib/gcc/riscv32-unknown-elf/15.1.0/crtbegin.o
 .rela.preinit_array.11000
                0x10006534        0x0 C:/Users/domin/Desktop/Computerarchitektur/computerarchitektur_arm/external/usr/bin/../lib/gcc/riscv32-unknown-elf/15.1.0/crtbegin.o
 .rela.preinit_array.01010
                0x10006534        0x0 C:/Users/domin/Desktop/Computerarchitektur/computerarchitektur_arm/external/usr/bin/../lib/gcc/riscv32-unknown-elf/15.1.0/crtbegin.o
 .rela.preinit_array.01000
                0x10006534        0x0 C:/Users/domin/Desktop/Computerarchitektur/computerarchitektur_arm/external/usr/bin/../lib/gcc/riscv32-unknown-elf/15.1.0/crtbegin.o
 .rela.text.runtime_run_initializers
                0x10006534        0x0 C:/Users/domin/Desktop/Computerarchitektur/computerarchitektur_arm/external/usr/bin/../lib/gcc/riscv32-unknown-elf/15.1.0/crtbegin.o
 .rela.preinit_array.00600
                0x10006534        0x0 C:/Users/domin/Desktop/Computerarchitektur/computerarchitektur_arm/external/usr/bin/../lib/gcc/riscv32-unknown-elf/15.1.0/crtbegin.o
 .rela.preinit_array.00500
                0x10006534        0x0 C:/Users/domin/Desktop/Computerarchitektur/computerarchitektur_arm/external/usr/bin/../lib/gcc/riscv32-unknown-elf/15.1.0/crtbegin.o
 .rela.preinit_array.00101
                0x10006534        0x0 C:/Users/domin/Desktop/Computerarchitektur/computerarchitektur_arm/external/usr/bin/../lib/gcc/riscv32-unknown-elf/15.1.0/crtbegin.o
 .rela.preinit_array.00100
                0x10006534        0x0 C:/Users/domin/Desktop/Computerarchitektur/computerarchitektur_arm/external/usr/bin/../lib/gcc/riscv32-unknown-elf/15.1.0/crtbegin.o
 .rela.preinit_array.ZZZZZ.00051
                0x10006534        0x0 C:/Users/domin/Desktop/Computerarchitektur/computerarchitektur_arm/external/usr/bin/../lib/gcc/riscv32-unknown-elf/15.1.0/crtbegin.o
 .rela.preinit_array.00050
                0x10006534        0x0 C:/Users/domin/Desktop/Computerarchitektur/computerarchitektur_arm/external/usr/bin/../lib/gcc/riscv32-unknown-elf/15.1.0/crtbegin.o
 .rela.rodata.__bi_26
                0x10006534        0x0 C:/Users/domin/Desktop/Computerarchitektur/computerarchitektur_arm/external/usr/bin/../lib/gcc/riscv32-unknown-elf/15.1.0/crtbegin.o
 .rela.data     0x10006534        0x0 C:/Users/domin/Desktop/Computerarchitektur/computerarchitektur_arm/external/usr/bin/../lib/gcc/riscv32-unknown-elf/15.1.0/crtbegin.o
 .rela.binary_info_header
                0x10006534        0x0 C:/Users/domin/Desktop/Computerarchitektur/computerarchitektur_arm/external/usr/bin/../lib/gcc/riscv32-unknown-elf/15.1.0/crtbegin.o
 .rela.reset    0x10006534        0x0 C:/Users/domin/Desktop/Computerarchitektur/computerarchitektur_arm/external/usr/bin/../lib/gcc/riscv32-unknown-elf/15.1.0/crtbegin.o
 .rela.text.runtime_init
                0x10006534        0x0 C:/Users/domin/Desktop/Computerarchitektur/computerarchitektur_arm/external/usr/bin/../lib/gcc/riscv32-unknown-elf/15.1.0/crtbegin.o

.comment        0x00000000       0x21
 .comment       0x00000000       0x21 C:/Users/domin/Desktop/Computerarchitektur/computerarchitektur_arm/external/usr/bin/../lib/gcc/riscv32-unknown-elf/15.1.0/crtbegin.o
                                 0x10 (size before relaxing)
 .comment       0x00000021        0x0 src/CMakeFiles/lab2a.dir/button.c.obj
                                 0x10 (size before relaxing)
 .comment       0x00000021        0x0 src/CMakeFiles/lab2a.dir/C_/Users/domin/Desktop/Computerarchitektur/computerarchitektur_arm/external/pico-sdk/src/rp2_common/hardware_gpio/gpio.c.obj
                                 0x10 (size before relaxing)
 .comment       0x00000021        0x0 src/CMakeFiles/lab2a.dir/C_/Users/domin/Desktop/Computerarchitektur/computerarchitektur_arm/external/pico-sdk/src/rp2_common/pico_platform_panic/panic.c.obj
                                 0x10 (size before relaxing)
 .comment       0x00000021        0x0 src/CMakeFiles/lab2a.dir/C_/Users/domin/Desktop/Computerarchitektur/computerarchitektur_arm/external/pico-sdk/src/common/hardware_claim/claim.c.obj
                                 0x10 (size before relaxing)
 .comment       0x00000021        0x0 src/CMakeFiles/lab2a.dir/C_/Users/domin/Desktop/Computerarchitektur/computerarchitektur_arm/external/pico-sdk/src/rp2_common/hardware_sync/sync.c.obj
                                 0x10 (size before relaxing)
 .comment       0x00000021        0x0 src/CMakeFiles/lab2a.dir/C_/Users/domin/Desktop/Computerarchitektur/computerarchitektur_arm/external/pico-sdk/src/rp2_common/hardware_sync_spin_lock/sync_spin_lock.c.obj
                                 0x10 (size before relaxing)
 .comment       0x00000021        0x0 src/CMakeFiles/lab2a.dir/C_/Users/domin/Desktop/Computerarchitektur/computerarchitektur_arm/external/pico-sdk/src/rp2_common/hardware_irq/irq.c.obj
                                 0x10 (size before relaxing)
 .comment       0x00000021        0x0 src/CMakeFiles/lab2a.dir/C_/Users/domin/Desktop/Computerarchitektur/computerarchitektur_arm/external/pico-sdk/src/common/pico_sync/lock_core.c.obj
                                 0x10 (size before relaxing)
 .comment       0x00000021        0x0 src/CMakeFiles/lab2a.dir/C_/Users/domin/Desktop/Computerarchitektur/computerarchitektur_arm/external/pico-sdk/src/common/pico_sync/mutex.c.obj
                                 0x10 (size before relaxing)
 .comment       0x00000021        0x0 src/CMakeFiles/lab2a.dir/C_/Users/domin/Desktop/Computerarchitektur/computerarchitektur_arm/external/pico-sdk/src/common/pico_time/time.c.obj
                                 0x10 (size before relaxing)
 .comment       0x00000021        0x0 src/CMakeFiles/lab2a.dir/C_/Users/domin/Desktop/Computerarchitektur/computerarchitektur_arm/external/pico-sdk/src/rp2_common/hardware_timer/timer.c.obj
                                 0x10 (size before relaxing)
 .comment       0x00000021        0x0 src/CMakeFiles/lab2a.dir/C_/Users/domin/Desktop/Computerarchitektur/computerarchitektur_arm/external/pico-sdk/src/rp2_common/hardware_uart/uart.c.obj
                                 0x10 (size before relaxing)
 .comment       0x00000021        0x0 src/CMakeFiles/lab2a.dir/C_/Users/domin/Desktop/Computerarchitektur/computerarchitektur_arm/external/pico-sdk/src/rp2_common/hardware_clocks/clocks.c.obj
                                 0x10 (size before relaxing)
 .comment       0x00000021        0x0 src/CMakeFiles/lab2a.dir/C_/Users/domin/Desktop/Computerarchitektur/computerarchitektur_arm/external/pico-sdk/src/rp2_common/hardware_pll/pll.c.obj
                                 0x10 (size before relaxing)
 .comment       0x00000021        0x0 src/CMakeFiles/lab2a.dir/C_/Users/domin/Desktop/Computerarchitektur/computerarchitektur_arm/external/pico-sdk/src/rp2_common/hardware_ticks/ticks.c.obj
                                 0x10 (size before relaxing)
 .comment       0x00000021        0x0 src/CMakeFiles/lab2a.dir/C_/Users/domin/Desktop/Computerarchitektur/computerarchitektur_arm/external/pico-sdk/src/rp2_common/pico_bootrom/bootrom.c.obj
                                 0x10 (size before relaxing)
 .comment       0x00000021        0x0 src/CMakeFiles/lab2a.dir/C_/Users/domin/Desktop/Computerarchitektur/computerarchitektur_arm/external/pico-sdk/src/rp2_common/pico_bootrom/bootrom_lock.c.obj
                                 0x10 (size before relaxing)
 .comment       0x00000021        0x0 src/CMakeFiles/lab2a.dir/C_/Users/domin/Desktop/Computerarchitektur/computerarchitektur_arm/external/pico-sdk/src/rp2_common/hardware_boot_lock/boot_lock.c.obj
                                 0x10 (size before relaxing)
 .comment       0x00000021        0x0 src/CMakeFiles/lab2a.dir/C_/Users/domin/Desktop/Computerarchitektur/computerarchitektur_arm/external/pico-sdk/src/rp2_common/hardware_xosc/xosc.c.obj
                                 0x10 (size before relaxing)
 .comment       0x00000021        0x0 src/CMakeFiles/lab2a.dir/C_/Users/domin/Desktop/Computerarchitektur/computerarchitektur_arm/external/pico-sdk/src/rp2_common/pico_runtime/runtime.c.obj
                                 0x10 (size before relaxing)
 .comment       0x00000021        0x0 src/CMakeFiles/lab2a.dir/C_/Users/domin/Desktop/Computerarchitektur/computerarchitektur_arm/external/pico-sdk/src/rp2_common/pico_runtime_init/runtime_init.c.obj
                                 0x10 (size before relaxing)
 .comment       0x00000021        0x0 src/CMakeFiles/lab2a.dir/C_/Users/domin/Desktop/Computerarchitektur/computerarchitektur_arm/external/pico-sdk/src/rp2_common/pico_runtime_init/runtime_init_clocks.c.obj
                                 0x10 (size before relaxing)
 .comment       0x00000021        0x0 src/CMakeFiles/lab2a.dir/C_/Users/domin/Desktop/Computerarchitektur/computerarchitektur_arm/external/pico-sdk/src/rp2_common/pico_standard_binary_info/standard_binary_info.c.obj
                                 0x10 (size before relaxing)
 .comment       0x00000021        0x0 src/CMakeFiles/lab2a.dir/C_/Users/domin/Desktop/Computerarchitektur/computerarchitektur_arm/external/pico-sdk/src/rp2_common/pico_printf/printf.c.obj
                                 0x10 (size before relaxing)
 .comment       0x00000021        0x0 src/CMakeFiles/lab2a.dir/C_/Users/domin/Desktop/Computerarchitektur/computerarchitektur_arm/external/pico-sdk/src/rp2_common/pico_clib_interface/newlib_interface.c.obj
                                 0x10 (size before relaxing)
 .comment       0x00000021        0x0 src/CMakeFiles/lab2a.dir/C_/Users/domin/Desktop/Computerarchitektur/computerarchitektur_arm/external/pico-sdk/src/rp2_common/pico_stdio/stdio.c.obj
                                 0x10 (size before relaxing)
 .comment       0x00000021        0x0 src/CMakeFiles/lab2a.dir/C_/Users/domin/Desktop/Computerarchitektur/computerarchitektur_arm/external/pico-sdk/src/rp2_common/pico_stdio_uart/stdio_uart.c.obj
                                 0x10 (size before relaxing)
 .comment       0x00000021        0x0 C:/Users/domin/Desktop/Computerarchitektur/computerarchitektur_arm/external/usr/lib/gcc/riscv32-unknown-elf/15.1.0/rv32imac_zicsr_zifencei_zaamo_zalrsc_zba_zbb_zbkb_zbs/ilp32\libgcc.a(_udivdi3.o)
                                 0x10 (size before relaxing)
 .comment       0x00000021        0x0 C:/Users/domin/Desktop/Computerarchitektur/computerarchitektur_arm/external/usr/lib/gcc/riscv32-unknown-elf/15.1.0/rv32imac_zicsr_zifencei_zaamo_zalrsc_zba_zbb_zbkb_zbs/ilp32\libgcc.a(_umoddi3.o)
                                 0x10 (size before relaxing)
 .comment       0x00000021        0x0 C:/Users/domin/Desktop/Computerarchitektur/computerarchitektur_arm/external/usr/lib/gcc/riscv32-unknown-elf/15.1.0/rv32imac_zicsr_zifencei_zaamo_zalrsc_zba_zbb_zbkb_zbs/ilp32\libgcc.a(adddf3.o)
                                 0x10 (size before relaxing)
 .comment       0x00000021        0x0 C:/Users/domin/Desktop/Computerarchitektur/computerarchitektur_arm/external/usr/lib/gcc/riscv32-unknown-elf/15.1.0/rv32imac_zicsr_zifencei_zaamo_zalrsc_zba_zbb_zbkb_zbs/ilp32\libgcc.a(divdf3.o)
                                 0x10 (size before relaxing)
 .comment       0x00000021        0x0 C:/Users/domin/Desktop/Computerarchitektur/computerarchitektur_arm/external/usr/lib/gcc/riscv32-unknown-elf/15.1.0/rv32imac_zicsr_zifencei_zaamo_zalrsc_zba_zbb_zbkb_zbs/ilp32\libgcc.a(gedf2.o)
                                 0x10 (size before relaxing)
 .comment       0x00000021        0x0 C:/Users/domin/Desktop/Computerarchitektur/computerarchitektur_arm/external/usr/lib/gcc/riscv32-unknown-elf/15.1.0/rv32imac_zicsr_zifencei_zaamo_zalrsc_zba_zbb_zbkb_zbs/ilp32\libgcc.a(ledf2.o)
                                 0x10 (size before relaxing)
 .comment       0x00000021        0x0 C:/Users/domin/Desktop/Computerarchitektur/computerarchitektur_arm/external/usr/lib/gcc/riscv32-unknown-elf/15.1.0/rv32imac_zicsr_zifencei_zaamo_zalrsc_zba_zbb_zbkb_zbs/ilp32\libgcc.a(muldf3.o)
                                 0x10 (size before relaxing)
 .comment       0x00000021        0x0 C:/Users/domin/Desktop/Computerarchitektur/computerarchitektur_arm/external/usr/lib/gcc/riscv32-unknown-elf/15.1.0/rv32imac_zicsr_zifencei_zaamo_zalrsc_zba_zbb_zbkb_zbs/ilp32\libgcc.a(subdf3.o)
                                 0x10 (size before relaxing)
 .comment       0x00000021        0x0 C:/Users/domin/Desktop/Computerarchitektur/computerarchitektur_arm/external/usr/lib/gcc/riscv32-unknown-elf/15.1.0/rv32imac_zicsr_zifencei_zaamo_zalrsc_zba_zbb_zbkb_zbs/ilp32\libgcc.a(unorddf2.o)
                                 0x10 (size before relaxing)
 .comment       0x00000021        0x0 C:/Users/domin/Desktop/Computerarchitektur/computerarchitektur_arm/external/usr/lib/gcc/riscv32-unknown-elf/15.1.0/rv32imac_zicsr_zifencei_zaamo_zalrsc_zba_zbb_zbkb_zbs/ilp32\libgcc.a(fixdfsi.o)
                                 0x10 (size before relaxing)
 .comment       0x00000021        0x0 C:/Users/domin/Desktop/Computerarchitektur/computerarchitektur_arm/external/usr/lib/gcc/riscv32-unknown-elf/15.1.0/rv32imac_zicsr_zifencei_zaamo_zalrsc_zba_zbb_zbkb_zbs/ilp32\libgcc.a(fixunsdfsi.o)
                                 0x10 (size before relaxing)
 .comment       0x00000021        0x0 C:/Users/domin/Desktop/Computerarchitektur/computerarchitektur_arm/external/usr/lib/gcc/riscv32-unknown-elf/15.1.0/rv32imac_zicsr_zifencei_zaamo_zalrsc_zba_zbb_zbkb_zbs/ilp32\libgcc.a(floatsidf.o)
                                 0x10 (size before relaxing)
 .comment       0x00000021        0x0 C:/Users/domin/Desktop/Computerarchitektur/computerarchitektur_arm/external/usr/lib/gcc/riscv32-unknown-elf/15.1.0/rv32imac_zicsr_zifencei_zaamo_zalrsc_zba_zbb_zbkb_zbs/ilp32\libgcc.a(floatunsidf.o)
                                 0x10 (size before relaxing)
 .comment       0x00000021        0x0 C:/Users/domin/Desktop/Computerarchitektur/computerarchitektur_arm/external/usr/lib/gcc/riscv32-unknown-elf/15.1.0/rv32imac_zicsr_zifencei_zaamo_zalrsc_zba_zbb_zbkb_zbs/ilp32\libgcc.a(_clz.o)
                                 0x10 (size before relaxing)
 .comment       0x00000021        0x0 C:/Users/domin/Desktop/Computerarchitektur/computerarchitektur_arm/external/usr/riscv32-unknown-elf/lib/rv32imac_zicsr_zifencei_zaamo_zalrsc_zba_zbb_zbkb_zbs/ilp32\libc.a(libc_a-strlen.o)
                                 0x13 (size before relaxing)

.note.GNU-stack
                0x00000000        0x0
 .note.GNU-stack
                0x00000000        0x0 C:/Users/domin/Desktop/Computerarchitektur/computerarchitektur_arm/external/usr/bin/../lib/gcc/riscv32-unknown-elf/15.1.0/crtbegin.o
 .note.GNU-stack
                0x00000000        0x0 src/CMakeFiles/lab2a.dir/button.c.obj
 .note.GNU-stack
                0x00000000        0x0 src/CMakeFiles/lab2a.dir/C_/Users/domin/Desktop/Computerarchitektur/computerarchitektur_arm/external/pico-sdk/src/rp2_common/hardware_gpio/gpio.c.obj
 .note.GNU-stack
                0x00000000        0x0 src/CMakeFiles/lab2a.dir/C_/Users/domin/Desktop/Computerarchitektur/computerarchitektur_arm/external/pico-sdk/src/rp2_common/pico_platform_panic/panic.c.obj
 .note.GNU-stack
                0x00000000        0x0 src/CMakeFiles/lab2a.dir/C_/Users/domin/Desktop/Computerarchitektur/computerarchitektur_arm/external/pico-sdk/src/common/hardware_claim/claim.c.obj
 .note.GNU-stack
                0x00000000        0x0 src/CMakeFiles/lab2a.dir/C_/Users/domin/Desktop/Computerarchitektur/computerarchitektur_arm/external/pico-sdk/src/rp2_common/hardware_sync/sync.c.obj
 .note.GNU-stack
                0x00000000        0x0 src/CMakeFiles/lab2a.dir/C_/Users/domin/Desktop/Computerarchitektur/computerarchitektur_arm/external/pico-sdk/src/rp2_common/hardware_sync_spin_lock/sync_spin_lock.c.obj
 .note.GNU-stack
                0x00000000        0x0 src/CMakeFiles/lab2a.dir/C_/Users/domin/Desktop/Computerarchitektur/computerarchitektur_arm/external/pico-sdk/src/rp2_common/hardware_irq/irq.c.obj
 .note.GNU-stack
                0x00000000        0x0 src/CMakeFiles/lab2a.dir/C_/Users/domin/Desktop/Computerarchitektur/computerarchitektur_arm/external/pico-sdk/src/common/pico_sync/lock_core.c.obj
 .note.GNU-stack
                0x00000000        0x0 src/CMakeFiles/lab2a.dir/C_/Users/domin/Desktop/Computerarchitektur/computerarchitektur_arm/external/pico-sdk/src/common/pico_sync/mutex.c.obj
 .note.GNU-stack
                0x00000000        0x0 src/CMakeFiles/lab2a.dir/C_/Users/domin/Desktop/Computerarchitektur/computerarchitektur_arm/external/pico-sdk/src/common/pico_time/time.c.obj
 .note.GNU-stack
                0x00000000        0x0 src/CMakeFiles/lab2a.dir/C_/Users/domin/Desktop/Computerarchitektur/computerarchitektur_arm/external/pico-sdk/src/rp2_common/hardware_timer/timer.c.obj
 .note.GNU-stack
                0x00000000        0x0 src/CMakeFiles/lab2a.dir/C_/Users/domin/Desktop/Computerarchitektur/computerarchitektur_arm/external/pico-sdk/src/rp2_common/hardware_uart/uart.c.obj
 .note.GNU-stack
                0x00000000        0x0 src/CMakeFiles/lab2a.dir/C_/Users/domin/Desktop/Computerarchitektur/computerarchitektur_arm/external/pico-sdk/src/rp2_common/hardware_clocks/clocks.c.obj
 .note.GNU-stack
                0x00000000        0x0 src/CMakeFiles/lab2a.dir/C_/Users/domin/Desktop/Computerarchitektur/computerarchitektur_arm/external/pico-sdk/src/rp2_common/hardware_pll/pll.c.obj
 .note.GNU-stack
                0x00000000        0x0 src/CMakeFiles/lab2a.dir/C_/Users/domin/Desktop/Computerarchitektur/computerarchitektur_arm/external/pico-sdk/src/rp2_common/hardware_ticks/ticks.c.obj
 .note.GNU-stack
                0x00000000        0x0 src/CMakeFiles/lab2a.dir/C_/Users/domin/Desktop/Computerarchitektur/computerarchitektur_arm/external/pico-sdk/src/rp2_common/pico_bootrom/bootrom.c.obj
 .note.GNU-stack
                0x00000000        0x0 src/CMakeFiles/lab2a.dir/C_/Users/domin/Desktop/Computerarchitektur/computerarchitektur_arm/external/pico-sdk/src/rp2_common/pico_bootrom/bootrom_lock.c.obj
 .note.GNU-stack
                0x00000000        0x0 src/CMakeFiles/lab2a.dir/C_/Users/domin/Desktop/Computerarchitektur/computerarchitektur_arm/external/pico-sdk/src/rp2_common/hardware_boot_lock/boot_lock.c.obj
 .note.GNU-stack
                0x00000000        0x0 src/CMakeFiles/lab2a.dir/C_/Users/domin/Desktop/Computerarchitektur/computerarchitektur_arm/external/pico-sdk/src/rp2_common/hardware_xosc/xosc.c.obj
 .note.GNU-stack
                0x00000000        0x0 src/CMakeFiles/lab2a.dir/C_/Users/domin/Desktop/Computerarchitektur/computerarchitektur_arm/external/pico-sdk/src/rp2_common/pico_runtime/runtime.c.obj
 .note.GNU-stack
                0x00000000        0x0 src/CMakeFiles/lab2a.dir/C_/Users/domin/Desktop/Computerarchitektur/computerarchitektur_arm/external/pico-sdk/src/rp2_common/pico_runtime_init/runtime_init.c.obj
 .note.GNU-stack
                0x00000000        0x0 src/CMakeFiles/lab2a.dir/C_/Users/domin/Desktop/Computerarchitektur/computerarchitektur_arm/external/pico-sdk/src/rp2_common/pico_runtime_init/runtime_init_clocks.c.obj
 .note.GNU-stack
                0x00000000        0x0 src/CMakeFiles/lab2a.dir/C_/Users/domin/Desktop/Computerarchitektur/computerarchitektur_arm/external/pico-sdk/src/rp2_common/pico_standard_binary_info/standard_binary_info.c.obj
 .note.GNU-stack
                0x00000000        0x0 src/CMakeFiles/lab2a.dir/C_/Users/domin/Desktop/Computerarchitektur/computerarchitektur_arm/external/pico-sdk/src/rp2_common/pico_printf/printf.c.obj
 .note.GNU-stack
                0x00000000        0x0 src/CMakeFiles/lab2a.dir/C_/Users/domin/Desktop/Computerarchitektur/computerarchitektur_arm/external/pico-sdk/src/rp2_common/pico_clib_interface/newlib_interface.c.obj
 .note.GNU-stack
                0x00000000        0x0 src/CMakeFiles/lab2a.dir/C_/Users/domin/Desktop/Computerarchitektur/computerarchitektur_arm/external/pico-sdk/src/rp2_common/pico_stdio/stdio.c.obj
 .note.GNU-stack
                0x00000000        0x0 src/CMakeFiles/lab2a.dir/C_/Users/domin/Desktop/Computerarchitektur/computerarchitektur_arm/external/pico-sdk/src/rp2_common/pico_stdio_uart/stdio_uart.c.obj
 .note.GNU-stack
                0x00000000        0x0 C:/Users/domin/Desktop/Computerarchitektur/computerarchitektur_arm/external/usr/lib/gcc/riscv32-unknown-elf/15.1.0/rv32imac_zicsr_zifencei_zaamo_zalrsc_zba_zbb_zbkb_zbs/ilp32\libgcc.a(_udivdi3.o)
 .note.GNU-stack
                0x00000000        0x0 C:/Users/domin/Desktop/Computerarchitektur/computerarchitektur_arm/external/usr/lib/gcc/riscv32-unknown-elf/15.1.0/rv32imac_zicsr_zifencei_zaamo_zalrsc_zba_zbb_zbkb_zbs/ilp32\libgcc.a(_umoddi3.o)
 .note.GNU-stack
                0x00000000        0x0 C:/Users/domin/Desktop/Computerarchitektur/computerarchitektur_arm/external/usr/lib/gcc/riscv32-unknown-elf/15.1.0/rv32imac_zicsr_zifencei_zaamo_zalrsc_zba_zbb_zbkb_zbs/ilp32\libgcc.a(adddf3.o)
 .note.GNU-stack
                0x00000000        0x0 C:/Users/domin/Desktop/Computerarchitektur/computerarchitektur_arm/external/usr/lib/gcc/riscv32-unknown-elf/15.1.0/rv32imac_zicsr_zifencei_zaamo_zalrsc_zba_zbb_zbkb_zbs/ilp32\libgcc.a(divdf3.o)
 .note.GNU-stack
                0x00000000        0x0 C:/Users/domin/Desktop/Computerarchitektur/computerarchitektur_arm/external/usr/lib/gcc/riscv32-unknown-elf/15.1.0/rv32imac_zicsr_zifencei_zaamo_zalrsc_zba_zbb_zbkb_zbs/ilp32\libgcc.a(gedf2.o)
 .note.GNU-stack
                0x00000000        0x0 C:/Users/domin/Desktop/Computerarchitektur/computerarchitektur_arm/external/usr/lib/gcc/riscv32-unknown-elf/15.1.0/rv32imac_zicsr_zifencei_zaamo_zalrsc_zba_zbb_zbkb_zbs/ilp32\libgcc.a(ledf2.o)
 .note.GNU-stack
                0x00000000        0x0 C:/Users/domin/Desktop/Computerarchitektur/computerarchitektur_arm/external/usr/lib/gcc/riscv32-unknown-elf/15.1.0/rv32imac_zicsr_zifencei_zaamo_zalrsc_zba_zbb_zbkb_zbs/ilp32\libgcc.a(muldf3.o)
 .note.GNU-stack
                0x00000000        0x0 C:/Users/domin/Desktop/Computerarchitektur/computerarchitektur_arm/external/usr/lib/gcc/riscv32-unknown-elf/15.1.0/rv32imac_zicsr_zifencei_zaamo_zalrsc_zba_zbb_zbkb_zbs/ilp32\libgcc.a(subdf3.o)
 .note.GNU-stack
                0x00000000        0x0 C:/Users/domin/Desktop/Computerarchitektur/computerarchitektur_arm/external/usr/lib/gcc/riscv32-unknown-elf/15.1.0/rv32imac_zicsr_zifencei_zaamo_zalrsc_zba_zbb_zbkb_zbs/ilp32\libgcc.a(unorddf2.o)
 .note.GNU-stack
                0x00000000        0x0 C:/Users/domin/Desktop/Computerarchitektur/computerarchitektur_arm/external/usr/lib/gcc/riscv32-unknown-elf/15.1.0/rv32imac_zicsr_zifencei_zaamo_zalrsc_zba_zbb_zbkb_zbs/ilp32\libgcc.a(fixdfsi.o)
 .note.GNU-stack
                0x00000000        0x0 C:/Users/domin/Desktop/Computerarchitektur/computerarchitektur_arm/external/usr/lib/gcc/riscv32-unknown-elf/15.1.0/rv32imac_zicsr_zifencei_zaamo_zalrsc_zba_zbb_zbkb_zbs/ilp32\libgcc.a(fixunsdfsi.o)
 .note.GNU-stack
                0x00000000        0x0 C:/Users/domin/Desktop/Computerarchitektur/computerarchitektur_arm/external/usr/lib/gcc/riscv32-unknown-elf/15.1.0/rv32imac_zicsr_zifencei_zaamo_zalrsc_zba_zbb_zbkb_zbs/ilp32\libgcc.a(floatsidf.o)
 .note.GNU-stack
                0x00000000        0x0 C:/Users/domin/Desktop/Computerarchitektur/computerarchitektur_arm/external/usr/lib/gcc/riscv32-unknown-elf/15.1.0/rv32imac_zicsr_zifencei_zaamo_zalrsc_zba_zbb_zbkb_zbs/ilp32\libgcc.a(floatunsidf.o)
 .note.GNU-stack
                0x00000000        0x0 C:/Users/domin/Desktop/Computerarchitektur/computerarchitektur_arm/external/usr/lib/gcc/riscv32-unknown-elf/15.1.0/rv32imac_zicsr_zifencei_zaamo_zalrsc_zba_zbb_zbkb_zbs/ilp32\libgcc.a(_clz.o)
 .note.GNU-stack
                0x00000000        0x0 C:/Users/domin/Desktop/Computerarchitektur/computerarchitektur_arm/external/usr/riscv32-unknown-elf/lib/rv32imac_zicsr_zifencei_zaamo_zalrsc_zba_zbb_zbkb_zbs/ilp32\libc.a(libc_a-strlen.o)

.riscv.attributes
                0x00000000       0x98
 .riscv.attributes
                0x00000000       0x8f C:/Users/domin/Desktop/Computerarchitektur/computerarchitektur_arm/external/usr/bin/../lib/gcc/riscv32-unknown-elf/15.1.0/crtbegin.o
 .riscv.attributes
                0x0000008f       0x85 src/CMakeFiles/lab2a.dir/button.c.obj
 .riscv.attributes
                0x00000114       0x85 src/CMakeFiles/lab2a.dir/C_/Users/domin/Desktop/Computerarchitektur/computerarchitektur_arm/external/pico-sdk/src/rp2_common/hardware_gpio/gpio.c.obj
 .riscv.attributes
                0x00000199       0x85 src/CMakeFiles/lab2a.dir/C_/Users/domin/Desktop/Computerarchitektur/computerarchitektur_arm/external/pico-sdk/src/rp2_common/pico_platform_panic/panic.c.obj
 .riscv.attributes
                0x0000021e       0x89 src/CMakeFiles/lab2a.dir/C_/Users/domin/Desktop/Computerarchitektur/computerarchitektur_arm/external/pico-sdk/src/common/hardware_claim/claim.c.obj
 .riscv.attributes
                0x000002a7       0x85 src/CMakeFiles/lab2a.dir/C_/Users/domin/Desktop/Computerarchitektur/computerarchitektur_arm/external/pico-sdk/src/rp2_common/hardware_sync/sync.c.obj
 .riscv.attributes
                0x0000032c       0x85 src/CMakeFiles/lab2a.dir/C_/Users/domin/Desktop/Computerarchitektur/computerarchitektur_arm/external/pico-sdk/src/rp2_common/hardware_sync_spin_lock/sync_spin_lock.c.obj
 .riscv.attributes
                0x000003b1       0x89 src/CMakeFiles/lab2a.dir/C_/Users/domin/Desktop/Computerarchitektur/computerarchitektur_arm/external/pico-sdk/src/rp2_common/hardware_irq/irq.c.obj
 .riscv.attributes
                0x0000043a       0x83 src/CMakeFiles/lab2a.dir/C_/Users/domin/Desktop/Computerarchitektur/computerarchitektur_arm/external/pico-sdk/src/rp2_common/hardware_irq/irq_handler_chain.S.obj
 .riscv.attributes
                0x000004bd       0x85 src/CMakeFiles/lab2a.dir/C_/Users/domin/Desktop/Computerarchitektur/computerarchitektur_arm/external/pico-sdk/src/common/pico_sync/lock_core.c.obj
 .riscv.attributes
                0x00000542       0x89 src/CMakeFiles/lab2a.dir/C_/Users/domin/Desktop/Computerarchitektur/computerarchitektur_arm/external/pico-sdk/src/common/pico_sync/mutex.c.obj
 .riscv.attributes
                0x000005cb       0x89 src/CMakeFiles/lab2a.dir/C_/Users/domin/Desktop/Computerarchitektur/computerarchitektur_arm/external/pico-sdk/src/common/pico_time/time.c.obj
 .riscv.attributes
                0x00000654       0x89 src/CMakeFiles/lab2a.dir/C_/Users/domin/Desktop/Computerarchitektur/computerarchitektur_arm/external/pico-sdk/src/rp2_common/hardware_timer/timer.c.obj
 .riscv.attributes
                0x000006dd       0x85 src/CMakeFiles/lab2a.dir/C_/Users/domin/Desktop/Computerarchitektur/computerarchitektur_arm/external/pico-sdk/src/rp2_common/hardware_uart/uart.c.obj
 .riscv.attributes
                0x00000762       0x85 src/CMakeFiles/lab2a.dir/C_/Users/domin/Desktop/Computerarchitektur/computerarchitektur_arm/external/pico-sdk/src/rp2_common/hardware_clocks/clocks.c.obj
 .riscv.attributes
                0x000007e7       0x85 src/CMakeFiles/lab2a.dir/C_/Users/domin/Desktop/Computerarchitektur/computerarchitektur_arm/external/pico-sdk/src/rp2_common/hardware_pll/pll.c.obj
 .riscv.attributes
                0x0000086c       0x85 src/CMakeFiles/lab2a.dir/C_/Users/domin/Desktop/Computerarchitektur/computerarchitektur_arm/external/pico-sdk/src/rp2_common/hardware_ticks/ticks.c.obj
 .riscv.attributes
                0x000008f1       0x85 src/CMakeFiles/lab2a.dir/C_/Users/domin/Desktop/Computerarchitektur/computerarchitektur_arm/external/pico-sdk/src/rp2_common/pico_bootrom/bootrom.c.obj
 .riscv.attributes
                0x00000976       0x85 src/CMakeFiles/lab2a.dir/C_/Users/domin/Desktop/Computerarchitektur/computerarchitektur_arm/external/pico-sdk/src/rp2_common/pico_bootrom/bootrom_lock.c.obj
 .riscv.attributes
                0x000009fb       0x85 src/CMakeFiles/lab2a.dir/C_/Users/domin/Desktop/Computerarchitektur/computerarchitektur_arm/external/pico-sdk/src/rp2_common/hardware_boot_lock/boot_lock.c.obj
 .riscv.attributes
                0x00000a80       0x85 src/CMakeFiles/lab2a.dir/C_/Users/domin/Desktop/Computerarchitektur/computerarchitektur_arm/external/pico-sdk/src/rp2_common/hardware_xosc/xosc.c.obj
 .riscv.attributes
                0x00000b05       0x85 src/CMakeFiles/lab2a.dir/C_/Users/domin/Desktop/Computerarchitektur/computerarchitektur_arm/external/pico-sdk/src/rp2_common/pico_runtime/runtime.c.obj
 .riscv.attributes
                0x00000b8a       0x85 src/CMakeFiles/lab2a.dir/C_/Users/domin/Desktop/Computerarchitektur/computerarchitektur_arm/external/pico-sdk/src/rp2_common/pico_runtime_init/runtime_init.c.obj
 .riscv.attributes
                0x00000c0f       0x85 src/CMakeFiles/lab2a.dir/C_/Users/domin/Desktop/Computerarchitektur/computerarchitektur_arm/external/pico-sdk/src/rp2_common/pico_runtime_init/runtime_init_clocks.c.obj
 .riscv.attributes