Archive member included to satisfy reference by file (symbol)

lib/Config/libConfig.a(DEV_Config.c.obj)
                              src/CMakeFiles/lab2a.dir/clock.c.obj (DEV_Module_Init)
lib/lcd/liblcd.a(LCD_1in28.c.obj)
                              src/CMakeFiles/lab2a.dir/clock_gui.c.obj (LCD_1IN28_Init)
lib/gui/libgui.a(gui.c.obj)   src/CMakeFiles/lab2a.dir/clock_gui.c.obj (gui_image_new)
lib/Fonts/libFonts.a(font16.c.obj)
                              src/CMakeFiles/lab2a.dir/clock_gui.c.obj (Font16)
lib/Fonts/libFonts.a(font24.c.obj)
                              src/CMakeFiles/lab2a.dir/clock_gui.c.obj (Font24)
C:/Users/domin/Desktop/Computerarchitektur/computerarchitektur_arm/external/usr/riscv32-unknown-elf/lib/rv32imac_zicsr_zifencei_zaamo_zalrsc_zba_zbb_zbkb_zbs/ilp32\libm.a(libm_a-s_cos.o)
                              src/CMakeFiles/lab2a.dir/clock_gui.c.obj (cos)
C:/Users/domin/Desktop/Computerarchitektur/computerarchitektur_arm/external/usr/riscv32-unknown-elf/lib/rv32imac_zicsr_zifencei_zaamo_zalrsc_zba_zbb_zbkb_zbs/ilp32\libm.a(libm_a-s_sin.o)
                              src/CMakeFiles/lab2a.dir/clock_gui.c.obj (sin)
C:/Users/domin/Desktop/Computerarchitektur/computerarchitektur_arm/external/usr/riscv32-unknown-elf/lib/rv32imac_zicsr_zifencei_zaamo_zalrsc_zba_zbb_zbkb_zbs/ilp32\libm.a(libm_a-s_round.o)
                              src/CMakeFiles/lab2a.dir/clock_gui.c.obj (round)
C:/Users/domin/Desktop/Computerarchitektur/computerarchitektur_arm/external/usr/riscv32-unknown-elf/lib/rv32imac_zicsr_zifencei_zaamo_zalrsc_zba_zbb_zbkb_zbs/ilp32\libm.a(libm_a-k_cos.o)
                              C:/Users/domin/Desktop/Computerarchitektur/computerarchitektur_arm/external/usr/riscv32-unknown-elf/lib/rv32imac_zicsr_zifencei_zaamo_zalrsc_zba_zbb_zbkb_zbs/ilp32\libm.a(libm_a-s_cos.o) (__kernel_cos)
C:/Users/domin/Desktop/Computerarchitektur/computerarchitektur_arm/external/usr/riscv32-unknown-elf/lib/rv32imac_zicsr_zifencei_zaamo_zalrsc_zba_zbb_zbkb_zbs/ilp32\libm.a(libm_a-k_sin.o)
                              C:/Users/domin/Desktop/Computerarchitektur/computerarchitektur_arm/external/usr/riscv32-unknown-elf/lib/rv32imac_zicsr_zifencei_zaamo_zalrsc_zba_zbb_zbkb_zbs/ilp32\libm.a(libm_a-s_cos.o) (__kernel_sin)
C:/Users/domin/Desktop/Computerarchitektur/computerarchitektur_arm/external/usr/riscv32-unknown-elf/lib/rv32imac_zicsr_zifencei_zaamo_zalrsc_zba_zbb_zbkb_zbs/ilp32\libm.a(libm_a-e_rem_pio2.o)
                              C:/Users/domin/Desktop/Computerarchitektur/computerarchitektur_arm/external/usr/riscv32-unknown-elf/lib/rv32imac_zicsr_zifencei_zaamo_zalrsc_zba_zbb_zbkb_zbs/ilp32\libm.a(libm_a-s_cos.o) (__ieee754_rem_pio2)
C:/Users/domin/Desktop/Computerarchitektur/computerarchitektur_arm/external/usr/riscv32-unknown-elf/lib/rv32imac_zicsr_zifencei_zaamo_zalrsc_zba_zbb_zbkb_zbs/ilp32\libm.a(libm_a-s_fabs.o)
                              C:/Users/domin/Desktop/Computerarchitektur/computerarchitektur_arm/external/usr/riscv32-unknown-elf/lib/rv32imac_zicsr_zifencei_zaamo_zalrsc_zba_zbb_zbkb_zbs/ilp32\libm.a(libm_a-e_rem_pio2.o) (fabs)
C:/Users/domin/Desktop/Computerarchitektur/computerarchitektur_arm/external/usr/riscv32-unknown-elf/lib/rv32imac_zicsr_zifencei_zaamo_zalrsc_zba_zbb_zbkb_zbs/ilp32\libm.a(libm_a-k_rem_pio2.o)
                              C:/Users/domin/Desktop/Computerarchitektur/computerarchitektur_arm/external/usr/riscv32-unknown-elf/lib/rv32imac_zicsr_zifencei_zaamo_zalrsc_zba_zbb_zbkb_zbs/ilp32\libm.a(libm_a-e_rem_pio2.o) (__kernel_rem_pio2)
C:/Users/domin/Desktop/Computerarchitektur/computerarchitektur_arm/external/usr/riscv32-unknown-elf/lib/rv32imac_zicsr_zifencei_zaamo_zalrsc_zba_zbb_zbkb_zbs/ilp32\libm.a(libm_a-s_floor.o)
                              C:/Users/domin/Desktop/Computerarchitektur/computerarchitektur_arm/external/usr/riscv32-unknown-elf/lib/rv32imac_zicsr_zifencei_zaamo_zalrsc_zba_zbb_zbkb_zbs/ilp32\libm.a(libm_a-k_rem_pio2.o) (floor)
C:/Users/domin/Desktop/Computerarchitektur/computerarchitektur_arm/external/usr/riscv32-unknown-elf/lib/rv32imac_zicsr_zifencei_zaamo_zalrsc_zba_zbb_zbkb_zbs/ilp32\libm.a(libm_a-s_scalbn.o)
                              C:/Users/domin/Desktop/Computerarchitektur/computerarchitektur_arm/external/usr/riscv32-unknown-elf/lib/rv32imac_zicsr_zifencei_zaamo_zalrsc_zba_zbb_zbkb_zbs/ilp32\libm.a(libm_a-k_rem_pio2.o) (scalbn)
C:/Users/domin/Desktop/Computerarchitektur/computerarchitektur_arm/external/usr/lib/gcc/riscv32-unknown-elf/15.1.0/rv32imac_zicsr_zifencei_zaamo_zalrsc_zba_zbb_zbkb_zbs/ilp32\libgcc.a(_divdi3.o)
                              src/CMakeFiles/lab2a.dir/C_/Users/domin/Desktop/Computerarchitektur/computerarchitektur_arm/external/pico-sdk/src/common/pico_time/time.c.obj (__divdi3)
C:/Users/domin/Desktop/Computerarchitektur/computerarchitektur_arm/external/usr/lib/gcc/riscv32-unknown-elf/15.1.0/rv32imac_zicsr_zifencei_zaamo_zalrsc_zba_zbb_zbkb_zbs/ilp32\libgcc.a(_moddi3.o)
[...]
Memory Configuration

Name             Origin             Length             Attributes
FLASH            0x10000000         0x00400000         xr
RAM              0x20000000         0x00080000         xrw
SCRATCH_X        0x20080000         0x00001000         xrw
SCRATCH_Y        0x20081000         0x00001000         xrw
*default*        0x00000000         0xffffffff

Linker script and memory map

LOAD C:/Users/domin/Desktop/Computerarchitektur/computerarchitektur_arm/external/usr/bin/../lib/gcc/riscv32-unknown-elf/15.1.0/../../../../riscv32-unknown-elf/lib/crt0.o
LOAD C:/Users/domin/Desktop/Computerarchitektur/computerarchitektur_arm/external/usr/bin/../lib/gcc/riscv32-unknown-elf/15.1.0/crtbegin.o

.flash_begin    0x10000000        0x0
                0x10000000                        __flash_binary_start = .

.text           0x10000000    0x10bb0
                0x10000000                        __logical_binary_start = .
 *(.vectors)
 *(.binary_info_header)
 .binary_info_header
                0x10000000       0x14 src/CMakeFiles/lab2a.dir/C_/Users/domin/Desktop/Computerarchitektur/computerarchitektur_arm/external/pico-sdk/src/rp2_common/pico_crt0/crt0_riscv.S.obj
                0x10000014                        __binary_info_header_end = .
 *(.embedded_block)
 .embedded_block
                0x10000014       0x20 src/CMakeFiles/lab2a.dir/C_/Users/domin/Desktop/Computerarchitektur/computerarchitektur_arm/external/pico-sdk/src/rp2_common/pico_crt0/crt0_riscv.S.obj
                0x10000034                        __embedded_block_end = .
 *(.reset)
 .reset         0x10000034       0xa6 src/CMakeFiles/lab2a.dir/C_/Users/domin/Desktop/Computerarchitektur/computerarchitektur_arm/external/pico-sdk/src/rp2_common/pico_crt0/crt0_riscv.S.obj
                0x10000034                _entry_point
 *(.init)
 *libgcc.a:cmse_nonsecure_call.o()
 *(EXCLUDE_FILE(*libm.a: *libc.a:*lib_a-mem*.o *libgcc.a:) .text*)
 .text          0x100000da       0x4a C:/Users/domin/Desktop/Computerarchitektur/computerarchitektur_arm/external/usr/bin/../lib/gcc/riscv32-unknown-elf/15.1.0/crtbegin.o
 .text.startup.main
                0x10000124      0x192 src/CMakeFiles/lab2a.dir/clock.c.obj
                0x10000124                main
 .text.clock_cursor_init
                0x100002b6       0xba src/CMakeFiles/lab2a.dir/clock_cursor.c.obj
                0x100002b6                clock_cursor_init
 .text.clock_cursor_update
                0x10000370      0x354 src/CMakeFiles/lab2a.dir/clock_cursor.c.obj
                0x10000370                clock_cursor_update
 .text.clock_cursor_get_state
                0x100006c4       0x24 src/CMakeFiles/lab2a.dir/clock_cursor.c.obj
                0x100006c4                clock_cursor_get_state
 .text.clock_gui_init
                0x100006e8      0x728 src/CMakeFiles/lab2a.dir/clock_gui.c.obj
                0x100006e8                clock_gui_init
 .text.clock_gui_update
                0x10000e10      0x268 src/CMakeFiles/lab2a.dir/clock_gui.c.obj
                0x10000e10                clock_gui_update
 .text.clock_time_get_timezone_name
                0x10001078       0x1a src/CMakeFiles/lab2a.dir/clock_time.c.obj
                0x10001078                clock_time_get_timezone_name
 .text.clock_time_inc_second
                0x10001092       0x9e src/CMakeFiles/lab2a.dir/clock_time.c.obj
                0x10001092                clock_time_inc_second
 .text.clock_time_get_local
                0x10001130       0x46 src/CMakeFiles/lab2a.dir/clock_time.c.obj
                0x10001130                clock_time_get_local
 .text.clock_time_set_timezone
                0x10001176       0x20 src/CMakeFiles/lab2a.dir/clock_time.c.obj
                0x10001176                clock_time_set_timezone
 .text.clock_time_change_hour_utc
                0x10001196       0x34 src/CMakeFiles/lab2a.dir/clock_time.c.obj
                0x10001196                clock_time_change_hour_utc
 .text.clock_time_change_minute_utc
                0x100011ca       0x3c src/CMakeFiles/lab2a.dir/clock_time.c.obj
                0x100011ca                clock_time_change_minute_utc
 .text.gpio_set_function
                0x10001206       0x30 src/CMakeFiles/lab2a.dir/C_/Users/domin/Desktop/Computerarchitektur/computerarchitektur_arm/external/pico-sdk/src/rp2_common/hardware_gpio/gpio.c.obj
                0x10001206                gpio_set_function
 .text.gpio_set_pulls
                0x10001236       0x1e src/CMakeFiles/lab2a.dir/C_/Users/domin/Desktop/Computerarchitektur/computerarchitektur_arm/external/pico-sdk/src/rp2_common/hardware_gpio/gpio.c.obj
                0x10001236                gpio_set_pulls
 .text.gpio_set_input_enabled
                0x10001254       0x24 src/CMakeFiles/lab2a.dir/C_/Users/domin/Desktop/Computerarchitektur/computerarchitektur_arm/external/pico-sdk/src/rp2_common/hardware_gpio/gpio.c.obj
                0x10001254                gpio_set_input_enabled
 .text.gpio_init
                0x10001278       0x3e src/CMakeFiles/lab2a.dir/C_/Users/domin/Desktop/Computerarchitektur/computerarchitektur_arm/external/pico-sdk/src/rp2_common/hardware_gpio/gpio.c.obj
                0x10001278                gpio_init
 .text.panic    0x100012b6       0x40 src/CMakeFiles/lab2a.dir/C_/Users/domin/Desktop/Computerarchitektur/computerarchitektur_arm/external/pico-sdk/src/rp2_common/pico_platform_panic/panic.c.obj
                0x100012b6                panic
 .text.hw_claim_or_assert
                0x100012f6       0x66 src/CMakeFiles/lab2a.dir/C_/Users/domin/Desktop/Computerarchitektur/computerarchitektur_arm/external/pico-sdk/src/common/hardware_claim/claim.c.obj
                0x100012f6                hw_claim_or_assert
 .text.hw_claim_unused_from_range
                0x1000135c       0x84 src/CMakeFiles/lab2a.dir/C_/Users/domin/Desktop/Computerarchitektur/computerarchitektur_arm/external/pico-sdk/src/common/hardware_claim/claim.c.obj
                0x1000135c                hw_claim_unused_from_range
 .text.next_striped_spin_lock_num
                0x100013e0       0x1e src/CMakeFiles/lab2a.dir/C_/Users/domin/Desktop/Computerarchitektur/computerarchitektur_arm/external/pico-sdk/src/rp2_common/hardware_sync/sync.c.obj
                0x100013e0                next_striped_spin_lock_num
 .text.spin_lock_claim_unused
                0x100013fe       0x14 src/CMakeFiles/lab2a.dir/C_/Users/domin/Desktop/Computerarchitektur/computerarchitektur_arm/external/pico-sdk/src/rp2_common/hardware_sync/sync.c.obj
                0x100013fe                spin_lock_claim_unused
 .text.spin_locks_reset
                0x10001412       0x22 src/CMakeFiles/lab2a.dir/C_/Users/domin/Desktop/Computerarchitektur/computerarchitektur_arm/external/pico-sdk/src/rp2_common/hardware_sync_spin_lock/sync_spin_lock.c.obj
                0x10001412                spin_locks_reset
 .text.runtime_init_per_core_irq_priorities
                0x10001434       0x38 src/CMakeFiles/lab2a.dir/C_/Users/domin/Desktop/Computerarchitektur/computerarchitektur_arm/external/pico-sdk/src/rp2_common/hardware_irq/irq.c.obj
                0x10001434                runtime_init_per_core_irq_priorities
 .text.irq_set_enabled
                0x1000146c       0x36 src/CMakeFiles/lab2a.dir/C_/Users/domin/Desktop/Computerarchitektur/computerarchitektur_arm/external/pico-sdk/src/rp2_common/hardware_irq/irq.c.obj
                0x1000146c                irq_set_enabled
 .text.irq_is_enabled
                0x100014a2       0x12 src/CMakeFiles/lab2a.dir/C_/Users/domin/Desktop/Computerarchitektur/computerarchitektur_arm/external/pico-sdk/src/rp2_common/hardware_irq/irq.c.obj
                0x100014a2                irq_is_enabled
 .text.irq_set_pending
                0x100014b4       0x14 src/CMakeFiles/lab2a.dir/C_/Users/domin/Desktop/Computerarchitektur/computerarchitektur_arm/external/pico-sdk/src/rp2_common/hardware_irq/irq.c.obj
                0x100014b4                irq_set_pending
 .text.irq_has_shared_handler
                0x100014c8       0x1e src/CMakeFiles/lab2a.dir/C_/Users/domin/Desktop/Computerarchitektur/computerarchitektur_arm/external/pico-sdk/src/rp2_common/hardware_irq/irq.c.obj
                0x100014c8                irq_has_shared_handler
 .text.irq_set_exclusive_handler
                0x100014e6       0x82 src/CMakeFiles/lab2a.dir/C_/Users/domin/Desktop/Computerarchitektur/computerarchitektur_arm/external/pico-sdk/src/rp2_common/hardware_irq/irq.c.obj
                0x100014e6                irq_set_exclusive_handler
 .text.irq_add_shared_handler
                0x10001568      0x40c src/CMakeFiles/lab2a.dir/C_/Users/domin/Desktop/Computerarchitektur/computerarchitektur_arm/external/pico-sdk/src/rp2_common/hardware_irq/irq.c.obj
                0x10001568                irq_add_shared_handler
 .text.irq_remove_handler
                0x10001974      0x35c src/CMakeFiles/lab2a.dir/C_/Users/domin/Desktop/Computerarchitektur/computerarchitektur_arm/external/pico-sdk/src/rp2_common/hardware_irq/irq.c.obj
                0x10001974                irq_remove_handler
 .text.irq_add_tail_to_free_list
                0x10001cd0       0xea src/CMakeFiles/lab2a.dir/C_/Users/domin/Desktop/Computerarchitektur/computerarchitektur_arm/external/pico-sdk/src/rp2_common/hardware_irq/irq.c.obj
                0x10001cd0                irq_add_tail_to_free_list
 .text.user_irq_claim_unused
                0x10001dba       0x2c src/CMakeFiles/lab2a.dir/C_/Users/domin/Desktop/Computerarchitektur/computerarchitektur_arm/external/pico-sdk/src/rp2_common/hardware_irq/irq.c.obj
                0x10001dba                user_irq_claim_unused
 .text.lock_init
                0x10001de6        0xe src/CMakeFiles/lab2a.dir/C_/Users/domin/Desktop/Computerarchitektur/computerarchitektur_arm/external/pico-sdk/src/common/pico_sync/lock_core.c.obj
                0x10001de6                lock_init
 .text.runtime_init_mutex
                0x10001df4       0x6a src/CMakeFiles/lab2a.dir/C_/Users/domin/Desktop/Computerarchitektur/computerarchitektur_arm/external/pico-sdk/src/common/pico_sync/mutex.c.obj
                0x10001df4                runtime_init_mutex
 .text.mutex_init
                0x10001e5e       0x24 src/CMakeFiles/lab2a.dir/C_/Users/domin/Desktop/Computerarchitektur/computerarchitektur_arm/external/pico-sdk/src/common/pico_sync/mutex.c.obj
                0x10001e5e                mutex_init
 .text.critical_section_init
                0x10001e82       0x26 src/CMakeFiles/lab2a.dir/C_/Users/domin/Desktop/Computerarchitektur/computerarchitektur_arm/external/pico-sdk/src/common/pico_sync/critical_section.c.obj
                0x10001e82                critical_section_init
 .text.critical_section_init_with_lock_num
                0x10001ea8       0x12 src/CMakeFiles/lab2a.dir/C_/Users/domin/Desktop/Computerarchitektur/computerarchitektur_arm/external/pico-sdk/src/common/pico_sync/critical_section.c.obj
                0x10001ea8                critical_section_init_with_lock_num
 .text.sleep_until_callback
                0x10001eba       0x3c src/CMakeFiles/lab2a.dir/C_/Users/domin/Desktop/Computerarchitektur/computerarchitektur_arm/external/pico-sdk/src/common/pico_time/time.c.obj
 .text.alarm_pool_irq_handler
                0x10001ef6      0x39a src/CMakeFiles/lab2a.dir/C_/Users/domin/Desktop/Computerarchitektur/computerarchitektur_arm/external/pico-sdk/src/common/pico_time/time.c.obj
 .text.runtime_init_default_alarm_pool
                0x10002290      0x104 src/CMakeFiles/lab2a.dir/C_/Users/domin/Desktop/Computerarchitektur/computerarchitektur_arm/external/pico-sdk/src/common/pico_time/time.c.obj
                0x10002290                runtime_init_default_alarm_pool
 .text.alarm_pool_get_default
                0x10002394        0xa src/CMakeFiles/lab2a.dir/C_/Users/domin/Desktop/Computerarchitektur/computerarchitektur_arm/external/pico-sdk/src/common/pico_time/time.c.obj
                0x10002394                alarm_pool_get_default
 .text.alarm_pool_add_alarm_at
                0x1000239e      0x116 src/CMakeFiles/lab2a.dir/C_/Users/domin/Desktop/Computerarchitektur/computerarchitektur_arm/external/pico-sdk/src/common/pico_time/time.c.obj
                0x1000239e                alarm_pool_add_alarm_at
 .text.alarm_pool_add_alarm_at_force_in_context
                0x100024b4       0xdc src/CMakeFiles/lab2a.dir/C_/Users/domin/Desktop/Computerarchitektur/computerarchitektur_arm/external/pico-sdk/src/common/pico_time/time.c.obj
                0x100024b4                alarm_pool_add_alarm_at_force_in_context
 .text.alarm_pool_cancel_alarm
                0x10002590       0x90 src/CMakeFiles/lab2a.dir/C_/Users/domin/Desktop/Computerarchitektur/computerarchitektur_arm/external/pico-sdk/src/common/pico_time/time.c.obj
                0x10002590                alarm_pool_cancel_alarm
 .text.alarm_pool_core_num
                0x10002620        0x6 src/CMakeFiles/lab2a.dir/C_/Users/domin/Desktop/Computerarchitektur/computerarchitektur_arm/external/pico-sdk/src/common/pico_time/time.c.obj
                0x10002620                alarm_pool_core_num
 .text.sleep_ms
                0x10002626      0x112 src/CMakeFiles/lab2a.dir/C_/Users/domin/Desktop/Computerarchitektur/computerarchitektur_arm/external/pico-sdk/src/common/pico_time/time.c.obj
                0x10002626                sleep_ms
 .text.best_effort_wfe_or_timeout
                0x10002738      0x128 src/CMakeFiles/lab2a.dir/C_/Users/domin/Desktop/Computerarchitektur/computerarchitektur_arm/external/pico-sdk/src/common/pico_time/time.c.obj
                0x10002738                best_effort_wfe_or_timeout
 .text.timer_hardware_alarm_claim
                0x10002860       0x1c src/CMakeFiles/lab2a.dir/C_/Users/domin/Desktop/Computerarchitektur/computerarchitektur_arm/external/pico-sdk/src/rp2_common/hardware_timer/timer.c.obj
                0x10002860                timer_hardware_alarm_claim
 .text.timer_time_us_64
                0x1000287c       0x10 src/CMakeFiles/lab2a.dir/C_/Users/domin/Desktop/Computerarchitektur/computerarchitektur_arm/external/pico-sdk/src/rp2_common/hardware_timer/timer.c.obj
                0x1000287c                timer_time_us_64
 .text.time_us_64
                0x1000288c       0x12 src/CMakeFiles/lab2a.dir/C_/Users/domin/Desktop/Computerarchitektur/computerarchitektur_arm/external/pico-sdk/src/rp2_common/hardware_timer/timer.c.obj
                0x1000288c                time_us_64
 .text.busy_wait_us
                0x1000289e       0x66 src/CMakeFiles/lab2a.dir/C_/Users/domin/Desktop/Computerarchitektur/computerarchitektur_arm/external/pico-sdk/src/rp2_common/hardware_timer/timer.c.obj
                0x1000289e                busy_wait_us
 .text.busy_wait_until
                0x10002904       0x22 src/CMakeFiles/lab2a.dir/C_/Users/domin/Desktop/Computerarchitektur/computerarchitektur_arm/external/pico-sdk/src/rp2_common/hardware_timer/timer.c.obj
                0x10002904                busy_wait_until
 .text.uart_init
                0x10002926      0x12e src/CMakeFiles/lab2a.dir/C_/Users/domin/Desktop/Computerarchitektur/computerarchitektur_arm/external/pico-sdk/src/rp2_common/hardware_uart/uart.c.obj
                0x10002926                uart_init
 *fill*         0x10002a54        0x0 
 .text.clock_configure_undivided
                0x10002a54       0xdc src/CMakeFiles/lab2a.dir/C_/Users/domin/Desktop/Computerarchitektur/computerarchitektur_arm/external/pico-sdk/src/rp2_common/hardware_clocks/clocks.c.obj
                0x10002a54                clock_configure_undivided
 .text.clock_get_hz
                0x10002b30       0x10 src/CMakeFiles/lab2a.dir/C_/Users/domin/Desktop/Computerarchitektur/computerarchitektur_arm/external/pico-sdk/src/rp2_common/hardware_clocks/clocks.c.obj
                0x10002b30                clock_get_hz
 .text.pll_init
                0x10002b40       0x8a src/CMakeFiles/lab2a.dir/C_/Users/domin/Desktop/Computerarchitektur/computerarchitektur_arm/external/pico-sdk/src/rp2_common/hardware_pll/pll.c.obj
                0x10002b40                pll_init
 .text.watchdog_reboot
                0x10002bca       0x92 src/CMakeFiles/lab2a.dir/C_/Users/domin/Desktop/Computerarchitektur/computerarchitektur_arm/external/pico-sdk/src/rp2_common/hardware_watchdog/watchdog.c.obj
                0x10002bca                watchdog_reboot
 .text.tick_start
                0x10002c5c       0x14 src/CMakeFiles/lab2a.dir/C_/Users/domin/Desktop/Computerarchitektur/computerarchitektur_arm/external/pico-sdk/src/rp2_common/hardware_ticks/ticks.c.obj
                0x10002c5c                tick_start
 .text.rom_func_lookup
                0x10002c70        0xe src/CMakeFiles/lab2a.dir/C_/Users/domin/Desktop/Computerarchitektur/computerarchitektur_arm/external/pico-sdk/src/rp2_common/pico_bootrom/bootrom.c.obj
                0x10002c70                rom_func_lookup
 .text.rom_reset_usb_boot_extra
                0x10002c7e       0x3e src/CMakeFiles/lab2a.dir/C_/Users/domin/Desktop/Computerarchitektur/computerarchitektur_arm/external/pico-sdk/src/rp2_common/pico_bootrom/bootrom.c.obj
                0x10002c7e                rom_reset_usb_boot_extra
 .text.runtime_init_bootrom_locking_enable
                0x10002cbc       0x12 src/CMakeFiles/lab2a.dir/C_/Users/domin/Desktop/Computerarchitektur/computerarchitektur_arm/external/pico-sdk/src/rp2_common/pico_bootrom/bootrom_lock.c.obj
                0x10002cbc                runtime_init_bootrom_locking_enable
 .text.runtime_init_boot_locks_reset
                0x10002cce       0x20 src/CMakeFiles/lab2a.dir/C_/Users/domin/Desktop/Computerarchitektur/computerarchitektur_arm/external/pico-sdk/src/rp2_common/hardware_boot_lock/boot_lock.c.obj
                0x10002cce                runtime_init_boot_locks_reset
 .text.xosc_init
                0x10002cee       0x24 src/CMakeFiles/lab2a.dir/C_/Users/domin/Desktop/Computerarchitektur/computerarchitektur_arm/external/pico-sdk/src/rp2_common/hardware_xosc/xosc.c.obj
                0x10002cee                xosc_init
 .text.first_per_core_initializer
                0x10002d12        0x2 src/CMakeFiles/lab2a.dir/C_/Users/domin/Desktop/Computerarchitektur/computerarchitektur_arm/external/pico-sdk/src/rp2_common/pico_runtime/runtime.c.obj
 .text.hard_assertion_failure
                0x10002d14       0x10 src/CMakeFiles/lab2a.dir/C_/Users/domin/Desktop/Computerarchitektur/computerarchitektur_arm/external/pico-sdk/src/rp2_common/pico_runtime/runtime.c.obj
                0x10002d14                hard_assertion_failure
 .text.runtime_run_initializers
                0x10002d24       0x30 src/CMakeFiles/lab2a.dir/C_/Users/domin/Desktop/Computerarchitektur/computerarchitektur_arm/external/pico-sdk/src/rp2_common/pico_runtime/runtime.c.obj
                0x10002d24                runtime_run_initializers
 .text.runtime_init_early_resets
                0x10002d54       0x2a src/CMakeFiles/lab2a.dir/C_/Users/domin/Desktop/Computerarchitektur/computerarchitektur_arm/external/pico-sdk/src/rp2_common/pico_runtime_init/runtime_init.c.obj
                0x10002d54                runtime_init_early_resets
 .text.runtime_init_usb_power_down
                0x10002d7e       0x1a src/CMakeFiles/lab2a.dir/C_/Users/domin/Desktop/Computerarchitektur/computerarchitektur_arm/external/pico-sdk/src/rp2_common/pico_runtime_init/runtime_init.c.obj
                0x10002d7e                runtime_init_usb_power_down
 .text.runtime_init_post_clock_resets
                0x10002d98       0x1c src/CMakeFiles/lab2a.dir/C_/Users/domin/Desktop/Computerarchitektur/computerarchitektur_arm/external/pico-sdk/src/rp2_common/pico_runtime_init/runtime_init.c.obj
                0x10002d98                runtime_init_post_clock_resets
 .text.runtime_init_bootrom_reset
                0x10002db4       0x16 src/CMakeFiles/lab2a.dir/C_/Users/domin/Desktop/Computerarchitektur/computerarchitektur_arm/external/pico-sdk/src/rp2_common/pico_runtime_init/runtime_init.c.obj
                0x10002db4                runtime_init_bootrom_reset
 .text.runtime_init_per_core_bootrom_reset
                0x10002dca       0x16 src/CMakeFiles/lab2a.dir/C_/Users/domin/Desktop/Computerarchitektur/computerarchitektur_arm/external/pico-sdk/src/rp2_common/pico_runtime_init/runtime_init.c.obj
                0x10002dca                runtime_init_per_core_bootrom_reset
 .text.runtime_init_spin_locks_reset
                0x10002de0        0x4 src/CMakeFiles/lab2a.dir/C_/Users/domin/Desktop/Computerarchitektur/computerarchitektur_arm/external/pico-sdk/src/rp2_common/pico_runtime_init/runtime_init.c.obj
                0x10002de0                runtime_init_spin_locks_reset
 .text.runtime_init_clocks
                0x10002de4       0xec src/CMakeFiles/lab2a.dir/C_/Users/domin/Desktop/Computerarchitektur/computerarchitektur_arm/external/pico-sdk/src/rp2_common/pico_runtime_init/runtime_init_clocks.c.obj
                0x10002de4                runtime_init_clocks
 .text.__wrap_malloc
                0x10002ed0       0x32 src/CMakeFiles/lab2a.dir/C_/Users/domin/Desktop/Computerarchitektur/computerarchitektur_arm/external/pico-sdk/src/rp2_common/pico_malloc/malloc.c.obj
                0x10002ed0                __wrap_malloc
 .text.__wrap_calloc
                0x10002f02       0x3c src/CMakeFiles/lab2a.dir/C_/Users/domin/Desktop/Computerarchitektur/computerarchitektur_arm/external/pico-sdk/src/rp2_common/pico_malloc/malloc.c.obj
                0x10002f02                __wrap_calloc
 .text._out_buffer
                0x10002f3e        0xc src/CMakeFiles/lab2a.dir/C_/Users/domin/Desktop/Computerarchitektur/computerarchitektur_arm/external/pico-sdk/src/rp2_common/pico_printf/printf.c.obj
 .text._out_null
                0x10002f4a        0x2 src/CMakeFiles/lab2a.dir/C_/Users/domin/Desktop/Computerarchitektur/computerarchitektur_arm/external/pico-sdk/src/rp2_common/pico_printf/printf.c.obj
 .text._out_rev
                0x10002f4c       0xc4 src/CMakeFiles/lab2a.dir/C_/Users/domin/Desktop/Computerarchitektur/computerarchitektur_arm/external/pico-sdk/src/rp2_common/pico_printf/printf.c.obj
 .text._ntoa_format
                0x10003010      0x20a src/CMakeFiles/lab2a.dir/C_/Users/domin/Desktop/Computerarchitektur/computerarchitektur_arm/external/pico-sdk/src/rp2_common/pico_printf/printf.c.obj
 .text._out_char
                0x1000321a        0x8 src/CMakeFiles/lab2a.dir/C_/Users/domin/Desktop/Computerarchitektur/computerarchitektur_arm/external/pico-sdk/src/rp2_common/pico_printf/printf.c.obj
 .text._ftoa    0x10003222      0x594 src/CMakeFiles/lab2a.dir/C_/Users/domin/Desktop/Computerarchitektur/computerarchitektur_arm/external/pico-sdk/src/rp2_common/pico_printf/printf.c.obj
 .text._etoa    0x100037b6      0x59e src/CMakeFiles/lab2a.dir/C_/Users/domin/Desktop/Computerarchitektur/computerarchitektur_arm/external/pico-sdk/src/rp2_common/pico_printf/printf.c.obj
 .text._vsnprintf
                0x10003d54      0xa60 src/CMakeFiles/lab2a.dir/C_/Users/domin/Desktop/Computerarchitektur/computerarchitektur_arm/external/pico-sdk/src/rp2_common/pico_printf/printf.c.obj
 .text.__wrap_snprintf
                0x100047b4       0x30 src/CMakeFiles/lab2a.dir/C_/Users/domin/Desktop/Computerarchitektur/computerarchitektur_arm/external/pico-sdk/src/rp2_common/pico_printf/printf.c.obj
                0x100047b4                __wrap_snprintf
 .text.weak_raw_printf
                0x100047e4       0x44 src/CMakeFiles/lab2a.dir/C_/Users/domin/Desktop/Computerarchitektur/computerarchitektur_arm/external/pico-sdk/src/rp2_common/pico_printf/printf.c.obj
                0x100047e4                weak_raw_printf
 .text.weak_raw_vprintf
                0x10004828       0x2e src/CMakeFiles/lab2a.dir/C_/Users/domin/Desktop/Computerarchitektur/computerarchitektur_arm/external/pico-sdk/src/rp2_common/pico_printf/printf.c.obj
                0x10004828                weak_raw_vprintf
 .text          0x10004856       0x20 src/CMakeFiles/lab2a.dir/C_/Users/domin/Desktop/Computerarchitektur/computerarchitektur_arm/external/pico-sdk/src/rp2_common/pico_crt0/crt0_riscv.S.obj
                0x10004856                runtime_init_per_core_h3_irq_registers
 .text._exit    0x10004876        0x4 src/CMakeFiles/lab2a.dir/C_/Users/domin/Desktop/Computerarchitektur/computerarchitektur_arm/external/pico-sdk/src/rp2_common/pico_clib_interface/newlib_interface.c.obj
                0x10004876                _exit
 .text._sbrk    0x1000487a       0x38 src/CMakeFiles/lab2a.dir/C_/Users/domin/Desktop/Computerarchitektur/computerarchitektur_arm/external/pico-sdk/src/rp2_common/pico_clib_interface/newlib_interface.c.obj
                0x1000487a                _sbrk
 .text._read    0x100048b2       0x1a src/CMakeFiles/lab2a.dir/C_/Users/domin/Desktop/Computerarchitektur/computerarchitektur_arm/external/pico-sdk/src/rp2_common/pico_clib_interface/newlib_interface.c.obj
                0x100048b2                _read
 .text._write   0x100048cc       0x24 src/CMakeFiles/lab2a.dir/C_/Users/domin/Desktop/Computerarchitektur/computerarchitektur_arm/external/pico-sdk/src/rp2_common/pico_clib_interface/newlib_interface.c.obj
                0x100048cc                _write
 .text._close   0x100048f0        0x4 src/CMakeFiles/lab2a.dir/C_/Users/domin/Desktop/Computerarchitektur/computerarchitektur_arm/external/pico-sdk/src/rp2_common/pico_clib_interface/newlib_interface.c.obj
                0x100048f0                _close
 .text._lseek   0x100048f4        0x4 src/CMakeFiles/lab2a.dir/C_/Users/domin/Desktop/Computerarchitektur/computerarchitektur_arm/external/pico-sdk/src/rp2_common/pico_clib_interface/newlib_interface.c.obj
                0x100048f4                _lseek
 .text._fstat   0x100048f8        0x4 src/CMakeFiles/lab2a.dir/C_/Users/domin/Desktop/Computerarchitektur/computerarchitektur_arm/external/pico-sdk/src/rp2_common/pico_clib_interface/newlib_interface.c.obj
                0x100048f8                _fstat
 .text._isatty  0x100048fc        0x6 src/CMakeFiles/lab2a.dir/C_/Users/domin/Desktop/Computerarchitektur/computerarchitektur_arm/external/pico-sdk/src/rp2_common/pico_clib_interface/newlib_interface.c.obj
                0x100048fc                _isatty
 .text.exit     0x10004902        0x6 src/CMakeFiles/lab2a.dir/C_/Users/domin/Desktop/Computerarchitektur/computerarchitektur_arm/external/pico-sdk/src/rp2_common/pico_clib_interface/newlib_interface.c.obj
                0x10004902                exit
 .text.__assert_func
                0x10004908       0x32 src/CMakeFiles/lab2a.dir/C_/Users/domin/Desktop/Computerarchitektur/computerarchitektur_arm/external/pico-sdk/src/rp2_common/pico_clib_interface/newlib_interface.c.obj
                0x10004908                __assert_func
 .text.runtime_init
                0x1000493a       0x34 src/CMakeFiles/lab2a.dir/C_/Users/domin/Desktop/Computerarchitektur/computerarchitektur_arm/external/pico-sdk/src/rp2_common/pico_clib_interface/newlib_interface.c.obj
                0x1000493a                runtime_init
 .text.stdio_out_chars_no_crlf
                0x1000496e        0x8 src/CMakeFiles/lab2a.dir/C_/Users/domin/Desktop/Computerarchitektur/computerarchitektur_arm/external/pico-sdk/src/rp2_common/pico_stdio/stdio.c.obj
 .text.stdio_out_chars_crlf
                0x10004976       0xd4 src/CMakeFiles/lab2a.dir/C_/Users/domin/Desktop/Computerarchitektur/computerarchitektur_arm/external/pico-sdk/src/rp2_common/pico_stdio/stdio.c.obj
 .text.stdio_put_string
                0x10004a4a       0xfe src/CMakeFiles/lab2a.dir/C_/Users/domin/Desktop/Computerarchitektur/computerarchitektur_arm/external/pico-sdk/src/rp2_common/pico_stdio/stdio.c.obj
                0x10004a4a                stdio_put_string
 .text.stdio_get_until
                0x10004b48       0x7c src/CMakeFiles/lab2a.dir/C_/Users/domin/Desktop/Computerarchitektur/computerarchitektur_arm/external/pico-sdk/src/rp2_common/pico_stdio/stdio.c.obj
                0x10004b48                stdio_get_until
 .text.stdio_set_driver_enabled
                0x10004bc4       0x28 src/CMakeFiles/lab2a.dir/C_/Users/domin/Desktop/Computerarchitektur/computerarchitektur_arm/external/pico-sdk/src/rp2_common/pico_stdio/stdio.c.obj
                0x10004bc4                stdio_set_driver_enabled
 .text.stdio_init_all
                0x10004bec       0x12 src/CMakeFiles/lab2a.dir/C_/Users/domin/Desktop/Computerarchitektur/computerarchitektur_arm/external/pico-sdk/src/rp2_common/pico_stdio/stdio.c.obj
                0x10004bec                stdio_init_all
 .text.__wrap_putchar
                0x10004bfe       0xa4 src/CMakeFiles/lab2a.dir/C_/Users/domin/Desktop/Computerarchitektur/computerarchitektur_arm/external/pico-sdk/src/rp2_common/pico_stdio/stdio.c.obj
                0x10004bfe                __wrap_putchar
                0x10004bfe                stdio_putchar
 .text.__wrap_puts
                0x10004ca2       0x46 src/CMakeFiles/lab2a.dir/C_/Users/domin/Desktop/Computerarchitektur/computerarchitektur_arm/external/pico-sdk/src/rp2_common/pico_stdio/stdio.c.obj
                0x10004ca2                stdio_puts
                0x10004ca2                __wrap_puts
 .text.stdio_uart_out_chars
                0x10004ce8       0x4a src/CMakeFiles/lab2a.dir/C_/Users/domin/Desktop/Computerarchitektur/computerarchitektur_arm/external/pico-sdk/src/rp2_common/pico_stdio_uart/stdio_uart.c.obj
 .text.stdio_uart_in_chars
                0x10004d32       0x8c src/CMakeFiles/lab2a.dir/C_/Users/domin/Desktop/Computerarchitektur/computerarchitektur_arm/external/pico-sdk/src/rp2_common/pico_stdio_uart/stdio_uart.c.obj
                0x10004d32                stdio_uart_in_chars
 .text.on_uart_rx
                0x10004dbe       0x16 src/CMakeFiles/lab2a.dir/C_/Users/domin/Desktop/Computerarchitektur/computerarchitektur_arm/external/pico-sdk/src/rp2_common/pico_stdio_uart/stdio_uart.c.obj
 .text.stdio_uart_out_flush
                0x10004dd4        0xc src/CMakeFiles/lab2a.dir/C_/Users/domin/Desktop/Computerarchitektur/computerarchitektur_arm/external/pico-sdk/src/rp2_common/pico_stdio_uart/stdio_uart.c.obj
 .text.stdio_uart_set_chars_available_callback
                0x10004de0       0x92 src/CMakeFiles/lab2a.dir/C_/Users/domin/Desktop/Computerarchitektur/computerarchitektur_arm/external/pico-sdk/src/rp2_common/pico_stdio_uart/stdio_uart.c.obj
 .text.stdio_uart_init
                0x10004e72       0x56 src/CMakeFiles/lab2a.dir/C_/Users/domin/Desktop/Computerarchitektur/computerarchitektur_arm/external/pico-sdk/src/rp2_common/pico_stdio_uart/stdio_uart.c.obj
                0x10004e72                stdio_uart_init
 .text.resetd_init
                0x10004ec8        0x2 src/CMakeFiles/lab2a.dir/C_/Users/domin/Desktop/Computerarchitektur/computerarchitektur_arm/external/pico-sdk/src/rp2_common/pico_stdio_usb/reset_interface.c.obj
 .text.resetd_reset
                0x10004eca        0x6 src/CMakeFiles/lab2a.dir/C_/Users/domin/Desktop/Computerarchitektur/computerarchitektur_arm/external/pico-sdk/src/rp2_common/pico_stdio_usb/reset_interface.c.obj
 .text.resetd_open
                0x10004ed0       0x32 src/CMakeFiles/lab2a.dir/C_/Users/domin/Desktop/Computerarchitektur/computerarchitektur_arm/external/pico-sdk/src/rp2_common/pico_stdio_usb/reset_interface.c.obj
 .text.resetd_xfer_cb
                0x10004f02        0x4 src/CMakeFiles/lab2a.dir/C_/Users/domin/Desktop/Computerarchitektur/computerarchitektur_arm/external/pico-sdk/src/rp2_common/pico_stdio_usb/reset_interface.c.obj
 .text.resetd_control_xfer_cb
                0x10004f06       0x74 src/CMakeFiles/lab2a.dir/C_/Users/domin/Desktop/Computerarchitektur/computerarchitektur_arm/external/pico-sdk/src/rp2_common/pico_stdio_usb/reset_interface.c.obj
 .text.tud_descriptor_bos_cb
                0x10004f7a        0xa src/CMakeFiles/lab2a.dir/C_/Users/domin/Desktop/Computerarchitektur/computerarchitektur_arm/external/pico-sdk/src/rp2_common/pico_stdio_usb/reset_interface.c.obj
                0x10004f7a                tud_descriptor_bos_cb
 .text.tud_vendor_control_xfer_cb
                0x10004f84       0x3e src/CMakeFiles/lab2a.dir/C_/Users/domin/Desktop/Computerarchitektur/computerarchitektur_arm/external/pico-sdk/src/rp2_common/pico_stdio_usb/reset_interface.c.obj
                0x10004f84                tud_vendor_control_xfer_cb
 .text.usbd_app_driver_get_cb
                0x10004fc2       0x10 src/CMakeFiles/lab2a.dir/C_/Users/domin/Desktop/Computerarchitektur/computerarchitektur_arm/external/pico-sdk/src/rp2_common/pico_stdio_usb/reset_interface.c.obj
                0x10004fc2                usbd_app_driver_get_cb
 .text.tud_cdc_line_coding_cb
                0x10004fd2       0x34 src/CMakeFiles/lab2a.dir/C_/Users/domin/Desktop/Computerarchitektur/computerarchitektur_arm/external/pico-sdk/src/rp2_common/pico_stdio_usb/reset_interface.c.obj
                0x10004fd2                tud_cdc_line_coding_cb
 .text.stdio_usb_set_chars_available_callback
                0x10005006        0xa src/CMakeFiles/lab2a.dir/C_/Users/domin/Desktop/Computerarchitektur/computerarchitektur_arm/external/pico-sdk/src/rp2_common/pico_stdio_usb/stdio_usb.c.obj
                0x10005006                stdio_usb_set_chars_available_callback
 .text.usb_irq  0x10005010        0x8 src/CMakeFiles/lab2a.dir/C_/Users/domin/Desktop/Computerarchitektur/computerarchitektur_arm/external/pico-sdk/src/rp2_common/pico_stdio_usb/stdio_usb.c.obj
 .text.timer_task
                0x10005018       0x84 src/CMakeFiles/lab2a.dir/C_/Users/domin/Desktop/Computerarchitektur/computerarchitektur_arm/external/pico-sdk/src/rp2_common/pico_stdio_usb/stdio_usb.c.obj
 .text.stdio_usb_in_chars
                0x1000509c       0x9c src/CMakeFiles/lab2a.dir/C_/Users/domin/Desktop/Computerarchitektur/computerarchitektur_arm/external/pico-sdk/src/rp2_common/pico_stdio_usb/stdio_usb.c.obj
                0x1000509c                stdio_usb_in_chars
 .text.stdio_usb_out_flush
                0x10005138       0x62 src/CMakeFiles/lab2a.dir/C_/Users/domin/Desktop/Computerarchitektur/computerarchitektur_arm/external/pico-sdk/src/rp2_common/pico_stdio_usb/stdio_usb.c.obj
 .text.stdio_usb_out_chars
                0x1000519a      0x124 src/CMakeFiles/lab2a.dir/C_/Users/domin/Desktop/Computerarchitektur/computerarchitektur_arm/external/pico-sdk/src/rp2_common/pico_stdio_usb/stdio_usb.c.obj
 .text.low_priority_worker_irq
                0x100052be       0xdc src/CMakeFiles/lab2a.dir/C_/Users/domin/Desktop/Computerarchitektur/computerarchitektur_arm/external/pico-sdk/src/rp2_common/pico_stdio_usb/stdio_usb.c.obj
 .text.stdio_usb_init
                0x1000539a       0xee src/CMakeFiles/lab2a.dir/C_/Users/domin/Desktop/Computerarchitektur/computerarchitektur_arm/external/pico-sdk/src/rp2_common/pico_stdio_usb/stdio_usb.c.obj
                0x1000539a                stdio_usb_init
 .text.tud_descriptor_device_cb
                0x10005488        0xa src/CMakeFiles/lab2a.dir/C_/Users/domin/Desktop/Computerarchitektur/computerarchitektur_arm/external/pico-sdk/src/rp2_common/pico_stdio_usb/stdio_usb_descriptors.c.obj
                0x10005488                tud_descriptor_device_cb
 .text.tud_descriptor_configuration_cb
                0x10005492        0xa src/CMakeFiles/lab2a.dir/C_/Users/domin/Desktop/Computerarchitektur/computerarchitektur_arm/external/pico-sdk/src/rp2_common/pico_stdio_usb/stdio_usb_descriptors.c.obj
                0x10005492                tud_descriptor_configuration_cb
 .text.tud_descriptor_string_cb
                0x1000549c       0x8e src/CMakeFiles/lab2a.dir/C_/Users/domin/Desktop/Computerarchitektur/computerarchitektur_arm/external/pico-sdk/src/rp2_common/pico_stdio_usb/stdio_usb_descriptors.c.obj
                0x1000549c                tud_descriptor_string_cb
 .text.startup._retrieve_unique_id_on_boot
                0x1000552a       0x34 src/CMakeFiles/lab2a.dir/C_/Users/domin/Desktop/Computerarchitektur/computerarchitektur_arm/external/pico-sdk/src/rp2_common/pico_unique_id/unique_id.c.obj
 .text.pico_get_unique_board_id_string
                0x1000555e      0x20a src/CMakeFiles/lab2a.dir/C_/Users/domin/Desktop/Computerarchitektur/computerarchitektur_arm/external/pico-sdk/src/rp2_common/pico_unique_id/unique_id.c.obj
                0x1000555e                pico_get_unique_board_id_string
 .text.dcd_init
                0x10005768       0xaa src/CMakeFiles/lab2a.dir/C_/Users/domin/Desktop/Computerarchitektur/computerarchitektur_arm/external/pico-sdk/lib/tinyusb/src/portable/raspberrypi/rp2040/dcd_rp2040.c.obj
                0x10005768                dcd_init
 .text.dcd_int_enable
                0x10005812        0x8 src/CMakeFiles/lab2a.dir/C_/Users/domin/Desktop/Computerarchitektur/computerarchitektur_arm/external/pico-sdk/lib/tinyusb/src/portable/raspberrypi/rp2040/dcd_rp2040.c.obj
                0x10005812                dcd_int_enable
 .text.dcd_set_address
                0x1000581a        0xe src/CMakeFiles/lab2a.dir/C_/Users/domin/Desktop/Computerarchitektur/computerarchitektur_arm/external/pico-sdk/lib/tinyusb/src/portable/raspberrypi/rp2040/dcd_rp2040.c.obj
                0x1000581a                dcd_set_address
 .text.dcd_sof_enable
                0x10005828       0x14 src/CMakeFiles/lab2a.dir/C_/Users/domin/Desktop/Computerarchitektur/computerarchitektur_arm/external/pico-sdk/lib/tinyusb/src/portable/raspberrypi/rp2040/dcd_rp2040.c.obj
                0x10005828                dcd_sof_enable
 .text.dcd_edpt0_status_complete
                0x1000583c       0x22 src/CMakeFiles/lab2a.dir/C_/Users/domin/Desktop/Computerarchitektur/computerarchitektur_arm/external/pico-sdk/lib/tinyusb/src/portable/raspberrypi/rp2040/dcd_rp2040.c.obj
                0x1000583c                dcd_edpt0_status_complete
 .text.dcd_edpt_open
                0x1000585e      0x13e src/CMakeFiles/lab2a.dir/C_/Users/domin/Desktop/Computerarchitektur/computerarchitektur_arm/external/pico-sdk/lib/tinyusb/src/portable/raspberrypi/rp2040/dcd_rp2040.c.obj
                0x1000585e                dcd_edpt_open
 .text.dcd_edpt_close_all
                0x1000599c        0x8 src/CMakeFiles/lab2a.dir/C_/Users/domin/Desktop/Computerarchitektur/computerarchitektur_arm/external/pico-sdk/lib/tinyusb/src/portable/raspberrypi/rp2040/dcd_rp2040.c.obj
                0x1000599c                dcd_edpt_close_all
 .text.dcd_edpt_xfer
                0x100059a4       0x28 src/CMakeFiles/lab2a.dir/C_/Users/domin/Desktop/Computerarchitektur/computerarchitektur_arm/external/pico-sdk/lib/tinyusb/src/portable/raspberrypi/rp2040/dcd_rp2040.c.obj
                0x100059a4                dcd_edpt_xfer
 .text.dcd_edpt_stall
                0x100059cc       0x32 src/CMakeFiles/lab2a.dir/C_/Users/domin/Desktop/Computerarchitektur/computerarchitektur_arm/external/pico-sdk/lib/tinyusb/src/portable/raspberrypi/rp2040/dcd_rp2040.c.obj
                0x100059cc                dcd_edpt_stall
 .text.dcd_edpt_clear_stall
                0x100059fe       0x2e src/CMakeFiles/lab2a.dir/C_/Users/domin/Desktop/Computerarchitektur/computerarchitektur_arm/external/pico-sdk/lib/tinyusb/src/portable/raspberrypi/rp2040/dcd_rp2040.c.obj
                0x100059fe                dcd_edpt_clear_stall
 .text.rp2040_usb_init
                0x10005a2c       0x3c src/CMakeFiles/lab2a.dir/C_/Users/domin/Desktop/Computerarchitektur/computerarchitektur_arm/external/pico-sdk/lib/tinyusb/src/portable/raspberrypi/rp2040/rp2040_usb.c.obj
                0x10005a2c                rp2040_usb_init
 .text.hw_endpoint_xfer_start
                0x10005a68       0x58 src/CMakeFiles/lab2a.dir/C_/Users/domin/Desktop/Computerarchitektur/computerarchitektur_arm/external/pico-sdk/lib/tinyusb/src/portable/raspberrypi/rp2040/rp2040_usb.c.obj
                0x10005a68                hw_endpoint_xfer_start
 .text.configuration_reset
                0x10005ac0       0xb2 src/CMakeFiles/lab2a.dir/C_/Users/domin/Desktop/Computerarchitektur/computerarchitektur_arm/external/pico-sdk/lib/tinyusb/src/device/usbd.c.obj
 .text.tud_event_hook_cb
                0x10005b72        0x2 src/CMakeFiles/lab2a.dir/C_/Users/domin/Desktop/Computerarchitektur/computerarchitektur_arm/external/pico-sdk/lib/tinyusb/src/device/usbd.c.obj
                0x10005b72                tud_event_hook_cb
 .text.tud_sof_cb
                0x10005b74        0x2 src/CMakeFiles/lab2a.dir/C_/Users/domin/Desktop/Computerarchitektur/computerarchitektur_arm/external/pico-sdk/lib/tinyusb/src/device/usbd.c.obj
                0x10005b74                tud_sof_cb
 .text.tud_descriptor_device_qualifier_cb
                0x10005b76        0x4 src/CMakeFiles/lab2a.dir/C_/Users/domin/Desktop/Computerarchitektur/computerarchitektur_arm/external/pico-sdk/lib/tinyusb/src/device/usbd.c.obj
                0x10005b76                tud_descriptor_device_qualifier_cb
 .text.tud_descriptor_other_speed_configuration_cb
                0x10005b7a        0x4 src/CMakeFiles/lab2a.dir/C_/Users/domin/Desktop/Computerarchitektur/computerarchitektur_arm/external/pico-sdk/lib/tinyusb/src/device/usbd.c.obj
                0x10005b7a                tud_descriptor_other_speed_configuration_cb
 .text.tud_mount_cb
                0x10005b7e        0x2 src/CMakeFiles/lab2a.dir/C_/Users/domin/Desktop/Computerarchitektur/computerarchitektur_arm/external/pico-sdk/lib/tinyusb/src/device/usbd.c.obj
                0x10005b7e                tud_mount_cb
 .text.tud_umount_cb
                0x10005b80        0x2 src/CMakeFiles/lab2a.dir/C_/Users/domin/Desktop/Computerarchitektur/computerarchitektur_arm/external/pico-sdk/lib/tinyusb/src/device/usbd.c.obj
                0x10005b80                tud_umount_cb
 .text.tud_suspend_cb
                0x10005b82        0x2 src/CMakeFiles/lab2a.dir/C_/Users/domin/Desktop/Computerarchitektur/computerarchitektur_arm/external/pico-sdk/lib/tinyusb/src/device/usbd.c.obj
                0x10005b82                tud_suspend_cb
 .text.tud_resume_cb
                0x10005b84        0x2 src/CMakeFiles/lab2a.dir/C_/Users/domin/Desktop/Computerarchitektur/computerarchitektur_arm/external/pico-sdk/lib/tinyusb/src/device/usbd.c.obj
                0x10005b84                tud_resume_cb
 .text.tud_mounted
                0x10005b86       0x12 src/CMakeFiles/lab2a.dir/C_/Users/domin/Desktop/Computerarchitektur/computerarchitektur_arm/external/pico-sdk/lib/tinyusb/src/device/usbd.c.obj
                0x10005b86                tud_mounted
 .text.tud_suspended
                0x10005b98       0x10 src/CMakeFiles/lab2a.dir/C_/Users/domin/Desktop/Computerarchitektur/computerarchitektur_arm/external/pico-sdk/lib/tinyusb/src/device/usbd.c.obj
                0x10005b98                tud_suspended
 .text.tud_rhport_init
                0x10005ba8      0x114 src/CMakeFiles/lab2a.dir/C_/Users/domin/Desktop/Computerarchitektur/computerarchitektur_arm/external/pico-sdk/lib/tinyusb/src/device/usbd.c.obj
                0x10005ba8                tud_rhport_init
 .text.tud_task_ext
                0x10005cbc      0x7a2 src/CMakeFiles/lab2a.dir/C_/Users/domin/Desktop/Computerarchitektur/computerarchitektur_arm/external/pico-sdk/lib/tinyusb/src/device/usbd.c.obj
                0x10005cbc                tud_task_ext
 .text.usbd_open_edpt_pair
                0x1000645e       0xc2 src/CMakeFiles/lab2a.dir/C_/Users/domin/Desktop/Computerarchitektur/computerarchitektur_arm/external/pico-sdk/lib/tinyusb/src/device/usbd.c.obj
                0x1000645e                usbd_open_edpt_pair
 .text.usbd_edpt_open
                0x10006520       0x50 src/CMakeFiles/lab2a.dir/C_/Users/domin/Desktop/Computerarchitektur/computerarchitektur_arm/external/pico-sdk/lib/tinyusb/src/device/usbd.c.obj
                0x10006520                usbd_edpt_open
 .text.usbd_edpt_claim
                0x10006570       0x22 src/CMakeFiles/lab2a.dir/C_/Users/domin/Desktop/Computerarchitektur/computerarchitektur_arm/external/pico-sdk/lib/tinyusb/src/device/usbd.c.obj
                0x10006570                usbd_edpt_claim
 .text.usbd_edpt_release
                0x10006592       0x22 src/CMakeFiles/lab2a.dir/C_/Users/domin/Desktop/Computerarchitektur/computerarchitektur_arm/external/pico-sdk/lib/tinyusb/src/device/usbd.c.obj
                0x10006592                usbd_edpt_release
 .text.usbd_edpt_xfer
                0x100065b4       0x64 src/CMakeFiles/lab2a.dir/C_/Users/domin/Desktop/Computerarchitektur/computerarchitektur_arm/external/pico-sdk/lib/tinyusb/src/device/usbd.c.obj
                0x100065b4                usbd_edpt_xfer
 .text.tud_control_status
                0x10006618       0x62 src/CMakeFiles/lab2a.dir/C_/Users/domin/Desktop/Computerarchitektur/computerarchitektur_arm/external/pico-sdk/lib/tinyusb/src/device/usbd_control.c.obj
                0x10006618                tud_control_status
 .text.tud_control_xfer
                0x1000667a       0xee src/CMakeFiles/lab2a.dir/C_/Users/domin/Desktop/Computerarchitektur/computerarchitektur_arm/external/pico-sdk/lib/tinyusb/src/device/usbd_control.c.obj
                0x1000667a                tud_control_xfer
 .text.usbd_control_reset
                0x10006768       0x1e src/CMakeFiles/lab2a.dir/C_/Users/domin/Desktop/Computerarchitektur/computerarchitektur_arm/external/pico-sdk/lib/tinyusb/src/device/usbd_control.c.obj
                0x10006768                usbd_control_reset
 .text.usbd_control_set_complete_callback
                0x10006786        0xa src/CMakeFiles/lab2a.dir/C_/Users/domin/Desktop/Computerarchitektur/computerarchitektur_arm/external/pico-sdk/lib/tinyusb/src/device/usbd_control.c.obj
                0x10006786                usbd_control_set_complete_callback
 .text.usbd_control_set_request
                0x10006790       0x52 src/CMakeFiles/lab2a.dir/C_/Users/domin/Desktop/Computerarchitektur/computerarchitektur_arm/external/pico-sdk/lib/tinyusb/src/device/usbd_control.c.obj
                0x10006790                usbd_control_set_request
 .text.usbd_control_xfer_cb
                0x100067e2      0x140 src/CMakeFiles/lab2a.dir/C_/Users/domin/Desktop/Computerarchitektur/computerarchitektur_arm/external/pico-sdk/lib/tinyusb/src/device/usbd_control.c.obj
                0x100067e2                usbd_control_xfer_cb
 .text._prep_out_transaction.isra.0
                0x10006922       0xa4 src/CMakeFiles/lab2a.dir/C_/Users/domin/Desktop/Computerarchitektur/computerarchitektur_arm/external/pico-sdk/lib/tinyusb/src/class/cdc/cdc_device.c.obj
 .text.tud_cdc_n_connected
                0x100069c6       0x40 src/CMakeFiles/lab2a.dir/C_/Users/domin/Desktop/Computerarchitektur/computerarchitektur_arm/external/pico-sdk/lib/tinyusb/src/class/cdc/cdc_device.c.obj
                0x100069c6                tud_cdc_n_connected
 .text.tud_cdc_n_available
                0x10006a06       0x26 src/CMakeFiles/lab2a.dir/C_/Users/domin/Desktop/Computerarchitektur/computerarchitektur_arm/external/pico-sdk/lib/tinyusb/src/class/cdc/cdc_device.c.obj
                0x10006a06                tud_cdc_n_available
 .text.tud_cdc_n_read
                0x10006a2c       0xb2 src/CMakeFiles/lab2a.dir/C_/Users/domin/Desktop/Computerarchitektur/computerarchitektur_arm/external/pico-sdk/lib/tinyusb/src/class/cdc/cdc_device.c.obj
                0x10006a2c                tud_cdc_n_read
 .text.tud_cdc_n_write_flush
                0x10006ade       0xba src/CMakeFiles/lab2a.dir/C_/Users/domin/Desktop/Computerarchitektur/computerarchitektur_arm/external/pico-sdk/lib/tinyusb/src/class/cdc/cdc_device.c.obj
                0x10006ade                tud_cdc_n_write_flush
 .text.tud_cdc_n_write
                0x10006b98       0x6c src/CMakeFiles/lab2a.dir/C_/Users/domin/Desktop/Computerarchitektur/computerarchitektur_arm/external/pico-sdk/lib/tinyusb/src/class/cdc/cdc_device.c.obj
                0x10006b98                tud_cdc_n_write
 .text.tud_cdc_n_write_available
                0x10006c04       0x28 src/CMakeFiles/lab2a.dir/C_/Users/domin/Desktop/Computerarchitektur/computerarchitektur_arm/external/pico-sdk/lib/tinyusb/src/class/cdc/cdc_device.c.obj
                0x10006c04                tud_cdc_n_write_available
 .text.cdcd_init
                0x10006c2c       0xa8 src/CMakeFiles/lab2a.dir/C_/Users/domin/Desktop/Computerarchitektur/computerarchitektur_arm/external/pico-sdk/lib/tinyusb/src/class/cdc/cdc_device.c.obj
                0x10006c2c                cdcd_init
 .text.cdcd_deinit
                0x10006cd4       0x38 src/CMakeFiles/lab2a.dir/C_/Users/domin/Desktop/Computerarchitektur/computerarchitektur_arm/external/pico-sdk/lib/tinyusb/src/class/cdc/cdc_device.c.obj
                0x10006cd4                cdcd_deinit
 .text.cdcd_reset
                0x10006d0c       0x66 src/CMakeFiles/lab2a.dir/C_/Users/domin/Desktop/Computerarchitektur/computerarchitektur_arm/external/pico-sdk/lib/tinyusb/src/class/cdc/cdc_device.c.obj
                0x10006d0c                cdcd_reset
 .text.cdcd_open
                0x10006d72       0xfe src/CMakeFiles/lab2a.dir/C_/Users/domin/Desktop/Computerarchitektur/computerarchitektur_arm/external/pico-sdk/lib/tinyusb/src/class/cdc/cdc_device.c.obj
                0x10006d72                cdcd_open
 .text.cdcd_control_xfer_cb
                0x10006e70      0x12e src/CMakeFiles/lab2a.dir/C_/Users/domin/Desktop/Computerarchitektur/computerarchitektur_arm/external/pico-sdk/lib/tinyusb/src/class/cdc/cdc_device.c.obj
                0x10006e70                cdcd_control_xfer_cb
 .text.cdcd_xfer_cb
                0x10006f9e      0x130 src/CMakeFiles/lab2a.dir/C_/Users/domin/Desktop/Computerarchitektur/computerarchitektur_arm/external/pico-sdk/lib/tinyusb/src/class/cdc/cdc_device.c.obj
                0x10006f9e                cdcd_xfer_cb
 .text.vendord_init
                0x100070ce       0x6a src/CMakeFiles/lab2a.dir/C_/Users/domin/Desktop/Computerarchitektur/computerarchitektur_arm/external/pico-sdk/lib/tinyusb/src/class/vendor/vendor_device.c.obj
                0x100070ce                vendord_init
 .text.vendord_deinit
                0x10007138       0x20 src/CMakeFiles/lab2a.dir/C_/Users/domin/Desktop/Computerarchitektur/computerarchitektur_arm/external/pico-sdk/lib/tinyusb/src/class/vendor/vendor_device.c.obj
                0x10007138                vendord_deinit
 .text.vendord_reset
                0x10007158       0x3a src/CMakeFiles/lab2a.dir/C_/Users/domin/Desktop/Computerarchitektur/computerarchitektur_arm/external/pico-sdk/lib/tinyusb/src/class/vendor/vendor_device.c.obj
                0x10007158                vendord_reset
 .text.vendord_open
                0x10007192      0x174 src/CMakeFiles/lab2a.dir/C_/Users/domin/Desktop/Computerarchitektur/computerarchitektur_arm/external/pico-sdk/lib/tinyusb/src/class/vendor/vendor_device.c.obj
                0x10007192                vendord_open
 .text.vendord_xfer_cb
                0x10007306       0xc2 src/CMakeFiles/lab2a.dir/C_/Users/domin/Desktop/Computerarchitektur/computerarchitektur_arm/external/pico-sdk/lib/tinyusb/src/class/vendor/vendor_device.c.obj
                0x10007306                vendord_xfer_cb
 .text.tusb_rhport_init
                0x100073c8       0x52 src/CMakeFiles/lab2a.dir/C_/Users/domin/Desktop/Computerarchitektur/computerarchitektur_arm/external/pico-sdk/lib/tinyusb/src/tusb.c.obj
                0x100073c8                tusb_rhport_init
 .text.tu_edpt_claim
                0x1000741a       0x70 src/CMakeFiles/lab2a.dir/C_/Users/domin/Desktop/Computerarchitektur/computerarchitektur_arm/external/pico-sdk/lib/tinyusb/src/tusb.c.obj
                0x1000741a                tu_edpt_claim
 .text.tu_edpt_release
                0x1000748a       0x54 src/CMakeFiles/lab2a.dir/C_/Users/domin/Desktop/Computerarchitektur/computerarchitektur_arm/external/pico-sdk/lib/tinyusb/src/tusb.c.obj
                0x1000748a                tu_edpt_release
 .text.tu_edpt_validate
                0x100074de       0x6e src/CMakeFiles/lab2a.dir/C_/Users/domin/Desktop/Computerarchitektur/computerarchitektur_arm/external/pico-sdk/lib/tinyusb/src/tusb.c.obj
                0x100074de                tu_edpt_validate
 .text.tu_edpt_bind_driver
                0x1000754c       0x3c src/CMakeFiles/lab2a.dir/C_/Users/domin/Desktop/Computerarchitektur/computerarchitektur_arm/external/pico-sdk/lib/tinyusb/src/tusb.c.obj
                0x1000754c                tu_edpt_bind_driver
 .text.tu_edpt_stream_init
                0x10007588       0x6e src/CMakeFiles/lab2a.dir/C_/Users/domin/Desktop/Computerarchitektur/computerarchitektur_arm/external/pico-sdk/lib/tinyusb/src/tusb.c.obj
                0x10007588                tu_edpt_stream_init
 .text.tu_edpt_stream_deinit
                0x100075f6        0x4 src/CMakeFiles/lab2a.dir/C_/Users/domin/Desktop/Computerarchitektur/computerarchitektur_arm/external/pico-sdk/lib/tinyusb/src/tusb.c.obj
                0x100075f6                tu_edpt_stream_deinit
 .text.tu_edpt_stream_write_zlp_if_needed
                0x100075fa       0x72 src/CMakeFiles/lab2a.dir/C_/Users/domin/Desktop/Computerarchitektur/computerarchitektur_arm/external/pico-sdk/lib/tinyusb/src/tusb.c.obj
                0x100075fa                tu_edpt_stream_write_zlp_if_needed
 .text.tu_edpt_stream_write_xfer
                0x1000766c       0x72 src/CMakeFiles/lab2a.dir/C_/Users/domin/Desktop/Computerarchitektur/computerarchitektur_arm/external/pico-sdk/lib/tinyusb/src/tusb.c.obj
                0x1000766c                tu_edpt_stream_write_xfer
 .text.tu_edpt_stream_read_xfer
                0x100076de      0x100 src/CMakeFiles/lab2a.dir/C_/Users/domin/Desktop/Computerarchitektur/computerarchitektur_arm/external/pico-sdk/lib/tinyusb/src/tusb.c.obj
                0x100076de                tu_edpt_stream_read_xfer
 .text.tu_fifo_config
                0x100077de       0x88 src/CMakeFiles/lab2a.dir/C_/Users/domin/Desktop/Computerarchitektur/computerarchitektur_arm/external/pico-sdk/lib/tinyusb/src/common/tusb_fifo.c.obj
                0x100077de                tu_fifo_config
 .text.tu_fifo_count
                0x10007866       0x28 src/CMakeFiles/lab2a.dir/C_/Users/domin/Desktop/Computerarchitektur/computerarchitektur_arm/external/pico-sdk/lib/tinyusb/src/common/tusb_fifo.c.obj
                0x10007866                tu_fifo_count
 .text.tu_fifo_empty
                0x1000788e       0x12 src/CMakeFiles/lab2a.dir/C_/Users/domin/Desktop/Computerarchitektur/computerarchitektur_arm/external/pico-sdk/lib/tinyusb/src/common/tusb_fifo.c.obj
                0x1000788e                tu_fifo_empty
 .text.tu_fifo_remaining
                0x100078a0       0x32 src/CMakeFiles/lab2a.dir/C_/Users/domin/Desktop/Computerarchitektur/computerarchitektur_arm/external/pico-sdk/lib/tinyusb/src/common/tusb_fifo.c.obj
                0x100078a0                tu_fifo_remaining
 .text.tu_fifo_read
                0x100078d2       0xdc src/CMakeFiles/lab2a.dir/C_/Users/domin/Desktop/Computerarchitektur/computerarchitektur_arm/external/pico-sdk/lib/tinyusb/src/common/tusb_fifo.c.obj
                0x100078d2                tu_fifo_read
 .text.tu_fifo_read_n
                0x100079ae      0x14c src/CMakeFiles/lab2a.dir/C_/Users/domin/Desktop/Computerarchitektur/computerarchitektur_arm/external/pico-sdk/lib/tinyusb/src/common/tusb_fifo.c.obj
                0x100079ae                tu_fifo_read_n
 .text.tu_fifo_write
                0x10007afa       0xe2 src/CMakeFiles/lab2a.dir/C_/Users/domin/Desktop/Computerarchitektur/computerarchitektur_arm/external/pico-sdk/lib/tinyusb/src/common/tusb_fifo.c.obj
                0x10007afa                tu_fifo_write
 .text.tu_fifo_write_n
                0x10007bdc      0x1ce src/CMakeFiles/lab2a.dir/C_/Users/domin/Desktop/Computerarchitektur/computerarchitektur_arm/external/pico-sdk/lib/tinyusb/src/common/tusb_fifo.c.obj
                0x10007bdc                tu_fifo_write_n
 .text.tu_fifo_clear
                0x10007daa       0x4e src/CMakeFiles/lab2a.dir/C_/Users/domin/Desktop/Computerarchitektur/computerarchitektur_arm/external/pico-sdk/lib/tinyusb/src/common/tusb_fifo.c.obj
                0x10007daa                tu_fifo_clear
 .text.tu_fifo_set_overwritable
                0x10007df8       0x5e src/CMakeFiles/lab2a.dir/C_/Users/domin/Desktop/Computerarchitektur/computerarchitektur_arm/external/pico-sdk/lib/tinyusb/src/common/tusb_fifo.c.obj
                0x10007df8                tu_fifo_set_overwritable
 .text.adc_init
                0x10007e56       0x30 src/CMakeFiles/lab2a.dir/C_/Users/domin/Desktop/Computerarchitektur/computerarchitektur_arm/external/pico-sdk/src/rp2_common/hardware_adc/adc.c.obj
                0x10007e56                adc_init
 .text.spi_init
                0x10007e86       0xfc src/CMakeFiles/lab2a.dir/C_/Users/domin/Desktop/Computerarchitektur/computerarchitektur_arm/external/pico-sdk/src/rp2_common/hardware_spi/spi.c.obj
                0x10007e86                spi_init
 .text.i2c_set_baudrate
                0x10007f82       0xb4 src/CMakeFiles/lab2a.dir/C_/Users/domin/Desktop/Computerarchitektur/computerarchitektur_arm/external/pico-sdk/src/rp2_common/hardware_i2c/i2c.c.obj
                0x10007f82                i2c_set_baudrate
 .text.i2c_init
                0x10008036       0x50 src/CMakeFiles/lab2a.dir/C_/Users/domin/Desktop/Computerarchitektur/computerarchitektur_arm/external/pico-sdk/src/rp2_common/hardware_i2c/i2c.c.obj
                0x10008036                i2c_init
 .text.DEV_SPI_WriteByte
                0x10008086       0x20 lib/Config/libConfig.a(DEV_Config.c.obj)
                0x10008086                DEV_SPI_WriteByte
 .text.DEV_SPI_Write_nByte
                0x100080a6       0x10 lib/Config/libConfig.a(DEV_Config.c.obj)
                0x100080a6                DEV_SPI_Write_nByte
 .text.DEV_SET_PWM
                0x100080b6       0x38 lib/Config/libConfig.a(DEV_Config.c.obj)
                0x100080b6                DEV_SET_PWM
 .text.DEV_Module_Init
                0x100080ee      0x12a lib/Config/libConfig.a(DEV_Config.c.obj)
                0x100080ee                DEV_Module_Init
 .text.LCD_1IN28_Init
                0x10008218      0x738 lib/lcd/liblcd.a(LCD_1in28.c.obj)
                0x10008218                LCD_1IN28_Init
 .text.LCD_1IN28_Display
                0x10008950       0xba lib/lcd/liblcd.a(LCD_1in28.c.obj)
                0x10008950                LCD_1IN28_Display
 .text.gui_draw_char.part.0
                0x10008a0a      0x482 lib/gui/libgui.a(gui.c.obj)
 .text.gui_image_new
                0x10008e8c       0x3e lib/gui/libgui.a(gui.c.obj)
                0x10008e8c                gui_image_new
 .text.gui_image_backup
                0x10008eca       0x4c lib/gui/libgui.a(gui.c.obj)
                0x10008eca                gui_image_backup
 .text.gui_image_restore
                0x10008f16       0x22 lib/gui/libgui.a(gui.c.obj)
                0x10008f16                gui_image_restore
 .text.gui_draw_pixel
                0x10008f38      0x102 lib/gui/libgui.a(gui.c.obj)
                0x10008f38                gui_draw_pixel
 .text.gui_draw_line
                0x1000903a      0x1ce lib/gui/libgui.a(gui.c.obj)
                0x1000903a                gui_draw_line
 .text.gui_draw_line_width
                0x10009208      0x244 lib/gui/libgui.a(gui.c.obj)
                0x10009208                gui_draw_line_width
 .text.gui_draw_circle
                0x1000944c     0x13b4 lib/gui/libgui.a(gui.c.obj)
                0x1000944c                gui_draw_circle
 .text.gui_draw_string
                0x1000a800       0xc4 lib/gui/libgui.a(gui.c.obj)
                0x1000a800                gui_draw_string
 .text.calloc   0x1000a8c4       0x10 C:/Users/domin/Desktop/Computerarchitektur/computerarchitektur_arm/external/usr/riscv32-unknown-elf/lib/rv32imac_zicsr_zifencei_zaamo_zalrsc_zba_zbb_zbkb_zbs/ilp32\libc.a(libc_a-calloc.o)
                0x1000a8c4                calloc
 .text._calloc_r
                0x1000a8d4       0xa2 C:/Users/domin/Desktop/Computerarchitektur/computerarchitektur_arm/external/usr/riscv32-unknown-elf/lib/rv32imac_zicsr_zifencei_zaamo_zalrsc_zba_zbb_zbkb_zbs/ilp32\libc.a(libc_a-callocr.o)
                0x1000a8d4                _calloc_r
 .text.malloc   0x1000a976        0xc C:/Users/domin/Desktop/Computerarchitektur/computerarchitektur_arm/external/usr/riscv32-unknown-elf/lib/rv32imac_zicsr_zifencei_zaamo_zalrsc_zba_zbb_zbkb_zbs/ilp32\libc.a(libc_a-malloc.o)
                0x1000a976                malloc
 .text._malloc_r
                0x1000a982      0x610 C:/Users/domin/Desktop/Computerarchitektur/computerarchitektur_arm/external/usr/riscv32-unknown-elf/lib/rv32imac_zicsr_zifencei_zaamo_zalrsc_zba_zbb_zbkb_zbs/ilp32\libc.a(libc_a-mallocr.o)
                0x1000a982                _malloc_r
 .text.__malloc_lock
                0x1000af92        0x2 C:/Users/domin/Desktop/Computerarchitektur/computerarchitektur_arm/external/usr/riscv32-unknown-elf/lib/rv32imac_zicsr_zifencei_zaamo_zalrsc_zba_zbb_zbkb_zbs/ilp32\libc.a(libc_a-mlock.o)
                0x1000af92                __malloc_lock
 .text.__malloc_unlock
                0x1000af94        0x2 C:/Users/domin/Desktop/Computerarchitektur/computerarchitektur_arm/external/usr/riscv32-unknown-elf/lib/rv32imac_zicsr_zifencei_zaamo_zalrsc_zba_zbb_zbkb_zbs/ilp32\libc.a(libc_a-mlock.o)
                0x1000af94                __malloc_unlock
 .text._realloc_r
                0x1000af96      0x448 C:/Users/domin/Desktop/Computerarchitektur/computerarchitektur_arm/external/usr/riscv32-unknown-elf/lib/rv32imac_zicsr_zifencei_zaamo_zalrsc_zba_zbb_zbkb_zbs/ilp32\libc.a(libc_a-reallocr.o)
                0x1000af96                _realloc_r
 .text.fprintf  0x1000b3de       0x30 C:/Users/domin/Desktop/Computerarchitektur/computerarchitektur_arm/external/usr/riscv32-unknown-elf/lib/rv32imac_zicsr_zifencei_zaamo_zalrsc_zba_zbb_zbkb_zbs/ilp32\libc.a(libc_a-fprintf.o)
                0x1000b3de                fprintf
 .text._sbrk_r  0x1000b40e       0x36 C:/Users/domin/Desktop/Computerarchitektur/computerarchitektur_arm/external/usr/riscv32-unknown-elf/lib/rv32imac_zicsr_zifencei_zaamo_zalrsc_zba_zbb_zbkb_zbs/ilp32\libc.a(libc_a-sbrkr.o)
                0x1000b40e                _sbrk_r
 .text.__errno  0x1000b444        0xa C:/Users/domin/Desktop/Computerarchitektur/computerarchitektur_arm/external/usr/riscv32-unknown-elf/lib/rv32imac_zicsr_zifencei_zaamo_zalrsc_zba_zbb_zbkb_zbs/ilp32\libc.a(libc_a-errno.o)
                0x1000b444                __errno
 .text.memmove  0x1000b44e       0xda C:/Users/domin/Desktop/Computerarchitektur/computerarchitektur_arm/external/usr/riscv32-unknown-elf/lib/rv32imac_zicsr_zifencei_zaamo_zalrsc_zba_zbb_zbkb_zbs/ilp32\libc.a(libc_a-memmove-stub.o)
                0x1000b44e                memmove
 .text          0x1000b528       0xa8 C:/Users/domin/Desktop/Computerarchitektur/computerarchitektur_arm/external/usr/riscv32-unknown-elf/lib/rv32imac_zicsr_zifencei_zaamo_zalrsc_zba_zbb_zbkb_zbs/ilp32\libc.a(libc_a-memset.o)
                0x1000b528                memset
 .text.memcpy   0x1000b5d0       0xe8 C:/Users/domin/Desktop/Computerarchitektur/computerarchitektur_arm/external/usr/riscv32-unknown-elf/lib/rv32imac_zicsr_zifencei_zaamo_zalrsc_zba_zbb_zbkb_zbs/ilp32\libc.a(libc_a-memcpy.o)
                0x1000b5d0                memcpy
 .text.strlen   0x1000b6b8       0x64 C:/Users/domin/Desktop/Computerarchitektur/computerarchitektur_arm/external/usr/riscv32-unknown-elf/lib/rv32imac_zicsr_zifencei_zaamo_zalrsc_zba_zbb_zbkb_zbs/ilp32\libc.a(libc_a-strlen.o)
                0x1000b6b8                strlen
 .text._malloc_trim_r
                0x1000b71c       0xd4 C:/Users/domin/Desktop/Computerarchitektur/computerarchitektur_arm/external/usr/riscv32-unknown-elf/lib/rv32imac_zicsr_zifencei_zaamo_zalrsc_zba_zbb_zbkb_zbs/ilp32\libc.a(libc_a-freer.o)
                0x1000b71c                _malloc_trim_r
 .text._free_r  0x1000b7f0      0x222 C:/Users/domin/Desktop/Computerarchitektur/computerarchitektur_arm/external/usr/riscv32-unknown-elf/lib/rv32imac_zicsr_zifencei_zaamo_zalrsc_zba_zbb_zbkb_zbs/ilp32\libc.a(libc_a-freer.o)
                0x1000b7f0                _free_r
 .text._vfprintf_r
                0x1000ba12     0x20b6 C:/Users/domin/Desktop/Computerarchitektur/computerarchitektur_arm/external/usr/riscv32-unknown-elf/lib/rv32imac_zicsr_zifencei_zaamo_zalrsc_zba_zbb_zbkb_zbs/ilp32\libc.a(libc_a-vfprintf.o)
                0x1000ba12                _vfprintf_r
 .text.__sbprintf
                0x1000dac8       0x90 C:/Users/domin/Desktop/Computerarchitektur/computerarchitektur_arm/external/usr/riscv32-unknown-elf/lib/rv32imac_zicsr_zifencei_zaamo_zalrsc_zba_zbb_zbkb_zbs/ilp32\libc.a(libc_a-vfprintf.o)
 .text.__sprint_r
                0x1000db58       0x24 C:/Users/domin/Desktop/Computerarchitektur/computerarchitektur_arm/external/usr/riscv32-unknown-elf/lib/rv32imac_zicsr_zifencei_zaamo_zalrsc_zba_zbb_zbkb_zbs/ilp32\libc.a(libc_a-sprint_r.o)
                0x1000db58                __sprint_r
 .text.__sflush_r
                0x1000db7c      0x18c C:/Users/domin/Desktop/Computerarchitektur/computerarchitektur_arm/external/usr/riscv32-unknown-elf/lib/rv32imac_zicsr_zifencei_zaamo_zalrsc_zba_zbb_zbkb_zbs/ilp32\libc.a(libc_a-fflush.o)
                0x1000db7c                __sflush_r
 .text._fflush_r
                0x1000dd08       0x3e C:/Users/domin/Desktop/Computerarchitektur/computerarchitektur_arm/external/usr/riscv32-unknown-elf/lib/rv32imac_zicsr_zifencei_zaamo_zalrsc_zba_zbb_zbkb_zbs/ilp32\libc.a(libc_a-fflush.o)
                0x1000dd08                _fflush_r
 .text.stdio_exit_handler
                0x1000dd46       0x1a C:/Users/domin/Desktop/Computerarchitektur/computerarchitektur_arm/external/usr/riscv32-unknown-elf/lib/rv32imac_zicsr_zifencei_zaamo_zalrsc_zba_zbb_zbkb_zbs/ilp32\libc.a(libc_a-findfp.o)
 .text.cleanup_stdio
                0x1000dd60       0x50 C:/Users/domin/Desktop/Computerarchitektur/computerarchitektur_arm/external/usr/riscv32-unknown-elf/lib/rv32imac_zicsr_zifencei_zaamo_zalrsc_zba_zbb_zbkb_zbs/ilp32\libc.a(libc_a-findfp.o)
 .text.global_stdio_init.part.0
                0x1000ddb0      0x132 C:/Users/domin/Desktop/Computerarchitektur/computerarchitektur_arm/external/usr/riscv32-unknown-elf/lib/rv32imac_zicsr_zifencei_zaamo_zalrsc_zba_zbb_zbkb_zbs/ilp32\libc.a(libc_a-findfp.o)
 .text.__sinit  0x1000dee2       0x1a C:/Users/domin/Desktop/Computerarchitektur/computerarchitektur_arm/external/usr/riscv32-unknown-elf/lib/rv32imac_zicsr_zifencei_zaamo_zalrsc_zba_zbb_zbkb_zbs/ilp32\libc.a(libc_a-findfp.o)
                0x1000dee2                __sinit
 .text.__sfp_lock_acquire
                0x1000defc        0x2 C:/Users/domin/Desktop/Computerarchitektur/computerarchitektur_arm/external/usr/riscv32-unknown-elf/lib/rv32imac_zicsr_zifencei_zaamo_zalrsc_zba_zbb_zbkb_zbs/ilp32\libc.a(libc_a-findfp.o)
                0x1000defc                __sfp_lock_acquire
 .text.__sfp_lock_release
                0x1000defe        0x2 C:/Users/domin/Desktop/Computerarchitektur/computerarchitektur_arm/external/usr/riscv32-unknown-elf/lib/rv32imac_zicsr_zifencei_zaamo_zalrsc_zba_zbb_zbkb_zbs/ilp32\libc.a(libc_a-findfp.o)
                0x1000defe                __sfp_lock_release
 .text.__sfvwrite_r
                0x1000df00      0x326 C:/Users/domin/Desktop/Computerarchitektur/computerarchitektur_arm/external/usr/riscv32-unknown-elf/lib/rv32imac_zicsr_zifencei_zaamo_zalrsc_zba_zbb_zbkb_zbs/ilp32\libc.a(libc_a-fvwrite.o)
                0x1000df00                __sfvwrite_r
 .text._fwalk_sglue
                0x1000e226       0x72 C:/Users/domin/Desktop/Computerarchitektur/computerarchitektur_arm/external/usr/riscv32-unknown-elf/lib/rv32imac_zicsr_zifencei_zaamo_zalrsc_zba_zbb_zbkb_zbs/ilp32\libc.a(libc_a-fwalk.o)
                0x1000e226                _fwalk_sglue
 .text.__sread  0x1000e298       0x34 C:/Users/domin/Desktop/Computerarchitektur/computerarchitektur_arm/external/usr/riscv32-unknown-elf/lib/rv32imac_zicsr_zifencei_zaamo_zalrsc_zba_zbb_zbkb_zbs/ilp32\libc.a(libc_a-stdio.o)
                0x1000e298                __sread
 .text.__swrite
                0x1000e2cc       0x58 C:/Users/domin/Desktop/Computerarchitektur/computerarchitektur_arm/external/usr/riscv32-unknown-elf/lib/rv32imac_zicsr_zifencei_zaamo_zalrsc_zba_zbb_zbkb_zbs/ilp32\libc.a(libc_a-stdio.o)
                0x1000e2cc                __swrite
 .text.__sseek  0x1000e324       0x3a C:/Users/domin/Desktop/Computerarchitektur/computerarchitektur_arm/external/usr/riscv32-unknown-elf/lib/rv32imac_zicsr_zifencei_zaamo_zalrsc_zba_zbb_zbkb_zbs/ilp32\libc.a(libc_a-stdio.o)
                0x1000e324                __sseek
 .text.__sclose
                0x1000e35e        0x6 C:/Users/domin/Desktop/Computerarchitektur/computerarchitektur_arm/external/usr/riscv32-unknown-elf/lib/rv32imac_zicsr_zifencei_zaamo_zalrsc_zba_zbb_zbkb_zbs/ilp32\libc.a(libc_a-stdio.o)
                0x1000e35e                __sclose
 .text.__swsetup_r
                0x1000e364       0xf4 C:/Users/domin/Desktop/Computerarchitektur/computerarchitektur_arm/external/usr/riscv32-unknown-elf/lib/rv32imac_zicsr_zifencei_zaamo_zalrsc_zba_zbb_zbkb_zbs/ilp32\libc.a(libc_a-wsetup.o)
                0x1000e364                __swsetup_r
 .text.memchr   0x1000e458       0x78 C:/Users/domin/Desktop/Computerarchitektur/computerarchitektur_arm/external/usr/riscv32-unknown-elf/lib/rv32imac_zicsr_zifencei_zaamo_zalrsc_zba_zbb_zbkb_zbs/ilp32\libc.a(libc_a-memchr.o)
                0x1000e458                memchr
 .text.strncpy  0x1000e4d0       0x74 C:/Users/domin/Desktop/Computerarchitektur/computerarchitektur_arm/external/usr/riscv32-unknown-elf/lib/rv32imac_zicsr_zifencei_zaamo_zalrsc_zba_zbb_zbkb_zbs/ilp32\libc.a(libc_a-strncpy.o)
                0x1000e4d0                strncpy
 .text._localeconv_r
                0x1000e544        0xa C:/Users/domin/Desktop/Computerarchitektur/computerarchitektur_arm/external/usr/riscv32-unknown-elf/lib/rv32imac_zicsr_zifencei_zaamo_zalrsc_zba_zbb_zbkb_zbs/ilp32\libc.a(libc_a-localeconv.o)
                0x1000e544                _localeconv_r
 .text._close_r
                0x1000e54e       0x36 C:/Users/domin/Desktop/Computerarchitektur/computerarchitektur_arm/external/usr/riscv32-unknown-elf/lib/rv32imac_zicsr_zifencei_zaamo_zalrsc_zba_zbb_zbkb_zbs/ilp32\libc.a(libc_a-closer.o)
                0x1000e54e                _close_r
 .text._lseek_r
                0x1000e584       0x3c C:/Users/domin/Desktop/Computerarchitektur/computerarchitektur_arm/external/usr/riscv32-unknown-elf/lib/rv32imac_zicsr_zifencei_zaamo_zalrsc_zba_zbb_zbkb_zbs/ilp32\libc.a(libc_a-lseekr.o)
                0x1000e584                _lseek_r
 .text._read_r  0x1000e5c0       0x3c C:/Users/domin/Desktop/Computerarchitektur/computerarchitektur_arm/external/usr/riscv32-unknown-elf/lib/rv32imac_zicsr_zifencei_zaamo_zalrsc_zba_zbb_zbkb_zbs/ilp32\libc.a(libc_a-readr.o)
                0x1000e5c0                _read_r
 .text._write_r
                0x1000e5fc       0x3c C:/Users/domin/Desktop/Computerarchitektur/computerarchitektur_arm/external/usr/riscv32-unknown-elf/lib/rv32imac_zicsr_zifencei_zaamo_zalrsc_zba_zbb_zbkb_zbs/ilp32\libc.a(libc_a-writer.o)
                0x1000e5fc                _write_r
 .text.frexpl   0x1000e638       0xe6 C:/Users/domin/Desktop/Computerarchitektur/computerarchitektur_arm/external/usr/riscv32-unknown-elf/lib/rv32imac_zicsr_zifencei_zaamo_zalrsc_zba_zbb_zbkb_zbs/ilp32\libc.a(libm_a-frexpl.o)
                0x1000e638                frexpl
 .text._ldtoa_r
                0x1000e71e      0x1a0 C:/Users/domin/Desktop/Computerarchitektur/computerarchitektur_arm/external/usr/riscv32-unknown-elf/lib/rv32imac_zicsr_zifencei_zaamo_zalrsc_zba_zbb_zbkb_zbs/ilp32\libc.a(libc_a-gdtoa-ldtoa.o)
                0x1000e71e                _ldtoa_r
 .text._ldcheck
                0x1000e8be       0x9c C:/Users/domin/Desktop/Computerarchitektur/computerarchitektur_arm/external/usr/riscv32-unknown-elf/lib/rv32imac_zicsr_zifencei_zaamo_zalrsc_zba_zbb_zbkb_zbs/ilp32\libc.a(libc_a-gdtoa-ldtoa.o)
                0x1000e8be                _ldcheck
 .text.__gdtoa  0x1000e95a     0x13c8 C:/Users/domin/Desktop/Computerarchitektur/computerarchitektur_arm/external/usr/riscv32-unknown-elf/lib/rv32imac_zicsr_zifencei_zaamo_zalrsc_zba_zbb_zbkb_zbs/ilp32\libc.a(libc_a-gdtoa-gdtoa.o)
                0x1000e95a                __gdtoa
 .text.__rv_alloc_D2A.part.0
                0x1000fd22       0x1e C:/Users/domin/Desktop/Computerarchitektur/computerarchitektur_arm/external/usr/riscv32-unknown-elf/lib/rv32imac_zicsr_zifencei_zaamo_zalrsc_zba_zbb_zbkb_zbs/ilp32\libc.a(libc_a-gdtoa-dmisc.o)
 .text.__rv_alloc_D2A
                0x1000fd40       0x40 C:/Users/domin/Desktop/Computerarchitektur/computerarchitektur_arm/external/usr/riscv32-unknown-elf/lib/rv32imac_zicsr_zifencei_zaamo_zalrsc_zba_zbb_zbkb_zbs/ilp32\libc.a(libc_a-gdtoa-dmisc.o)
                0x1000fd40                __rv_alloc_D2A
 .text.__nrv_alloc_D2A
                0x1000fd80       0x6e C:/Users/domin/Desktop/Computerarchitektur/computerarchitektur_arm/external/usr/riscv32-unknown-elf/lib/rv32imac_zicsr_zifencei_zaamo_zalrsc_zba_zbb_zbkb_zbs/ilp32\libc.a(libc_a-gdtoa-dmisc.o)
                0x1000fd80                __nrv_alloc_D2A
 .text.__freedtoa
                0x1000fdee        0xc C:/Users/domin/Desktop/Computerarchitektur/computerarchitektur_arm/external/usr/riscv32-unknown-elf/lib/rv32imac_zicsr_zifencei_zaamo_zalrsc_zba_zbb_zbkb_zbs/ilp32\libc.a(libc_a-gdtoa-dmisc.o)
                0x1000fdee                __freedtoa
 .text.__quorem_D2A
                0x1000fdfa      0x134 C:/Users/domin/Desktop/Computerarchitektur/computerarchitektur_arm/external/usr/riscv32-unknown-elf/lib/rv32imac_zicsr_zifencei_zaamo_zalrsc_zba_zbb_zbkb_zbs/ilp32\libc.a(libc_a-gdtoa-dmisc.o)
                0x1000fdfa                __quorem_D2A
 .text.__rshift_D2A
                0x1000ff2e       0xa0 C:/Users/domin/Desktop/Computerarchitektur/computerarchitektur_arm/external/usr/riscv32-unknown-elf/lib/rv32imac_zicsr_zifencei_zaamo_zalrsc_zba_zbb_zbkb_zbs/ilp32\libc.a(libc_a-gdtoa-gmisc.o)
                0x1000ff2e                __rshift_D2A
 .text.__trailz_D2A
                0x1000ffce       0x3e C:/Users/domin/Desktop/Computerarchitektur/computerarchitektur_arm/external/usr/riscv32-unknown-elf/lib/rv32imac_zicsr_zifencei_zaamo_zalrsc_zba_zbb_zbkb_zbs/ilp32\libc.a(libc_a-gdtoa-gmisc.o)
                0x1000ffce                __trailz_D2A
 .text.__ascii_mbtowc
                0x1001000c       0x40 C:/Users/domin/Desktop/Computerarchitektur/computerarchitektur_arm/external/usr/riscv32-unknown-elf/lib/rv32imac_zicsr_zifencei_zaamo_zalrsc_zba_zbb_zbkb_zbs/ilp32\libc.a(libc_a-mbtowc_r.o)
                0x1001000c                __ascii_mbtowc
 .text._Balloc  0x1001004c       0x64 C:/Users/domin/Desktop/Computerarchitektur/computerarchitektur_arm/external/usr/riscv32-unknown-elf/lib/rv32imac_zicsr_zifencei_zaamo_zalrsc_zba_zbb_zbkb_zbs/ilp32\libc.a(libc_a-mprec.o)
                0x1001004c                _Balloc
 .text._Bfree   0x100100b0       0x12 C:/Users/domin/Desktop/Computerarchitektur/computerarchitektur_arm/external/usr/riscv32-unknown-elf/lib/rv32imac_zicsr_zifencei_zaamo_zalrsc_zba_zbb_zbkb_zbs/ilp32\libc.a(libc_a-mprec.o)
                0x100100b0                _Bfree
 .text.__multadd
                0x100100c2       0xe2 C:/Users/domin/Desktop/Computerarchitektur/computerarchitektur_arm/external/usr/riscv32-unknown-elf/lib/rv32imac_zicsr_zifencei_zaamo_zalrsc_zba_zbb_zbkb_zbs/ilp32\libc.a(libc_a-mprec.o)
                0x100100c2                __multadd
 .text.__hi0bits
                0x100101a4       0x68 C:/Users/domin/Desktop/Computerarchitektur/computerarchitektur_arm/external/usr/riscv32-unknown-elf/lib/rv32imac_zicsr_zifencei_zaamo_zalrsc_zba_zbb_zbkb_zbs/ilp32\libc.a(libc_a-mprec.o)
                0x100101a4                __hi0bits
 .text.__lo0bits
                0x1001020c       0xa2 C:/Users/domin/Desktop/Computerarchitektur/computerarchitektur_arm/external/usr/riscv32-unknown-elf/lib/rv32imac_zicsr_zifencei_zaamo_zalrsc_zba_zbb_zbkb_zbs/ilp32\libc.a(libc_a-mprec.o)
                0x1001020c                __lo0bits
 .text.__i2b    0x100102ae       0x7e C:/Users/domin/Desktop/Computerarchitektur/computerarchitektur_arm/external/usr/riscv32-unknown-elf/lib/rv32imac_zicsr_zifencei_zaamo_zalrsc_zba_zbb_zbkb_zbs/ilp32\libc.a(libc_a-mprec.o)
                0x100102ae                __i2b
 .text.__multiply
                0x1001032c      0x192 C:/Users/domin/Desktop/Computerarchitektur/computerarchitektur_arm/external/usr/riscv32-unknown-elf/lib/rv32imac_zicsr_zifencei_zaamo_zalrsc_zba_zbb_zbkb_zbs/ilp32\libc.a(libc_a-mprec.o)
                0x1001032c                __multiply
 .text.__pow5mult
                0x100104be       0xe8 C:/Users/domin/Desktop/Computerarchitektur/computerarchitektur_arm/external/usr/riscv32-unknown-elf/lib/rv32imac_zicsr_zifencei_zaamo_zalrsc_zba_zbb_zbkb_zbs/ilp32\libc.a(libc_a-mprec.o)
                0x100104be                __pow5mult
 .text.__lshift
                0x100105a6      0x10a C:/Users/domin/Desktop/Computerarchitektur/computerarchitektur_arm/external/usr/riscv32-unknown-elf/lib/rv32imac_zicsr_zifencei_zaamo_zalrsc_zba_zbb_zbkb_zbs/ilp32\libc.a(libc_a-mprec.o)
                0x100105a6                __lshift
 .text.__mcmp   0x100106b0       0x3c C:/Users/domin/Desktop/Computerarchitektur/computerarchitektur_arm/external/usr/riscv32-unknown-elf/lib/rv32imac_zicsr_zifencei_zaamo_zalrsc_zba_zbb_zbkb_zbs/ilp32\libc.a(libc_a-mprec.o)
                0x100106b0                __mcmp
 .text.__mdiff  0x100106ec      0x182 C:/Users/domin/Desktop/Computerarchitektur/computerarchitektur_arm/external/usr/riscv32-unknown-elf/lib/rv32imac_zicsr_zifencei_zaamo_zalrsc_zba_zbb_zbkb_zbs/ilp32\libc.a(libc_a-mprec.o)
                0x100106ec                __mdiff
 .text.__b2d    0x1001086e       0xd0 C:/Users/domin/Desktop/Computerarchitektur/computerarchitektur_arm/external/usr/riscv32-unknown-elf/lib/rv32imac_zicsr_zifencei_zaamo_zalrsc_zba_zbb_zbkb_zbs/ilp32\libc.a(libc_a-mprec.o)
                0x1001086e                __b2d
 .text.__ascii_wctomb
                0x1001093e       0x20 C:/Users/domin/Desktop/Computerarchitektur/computerarchitektur_arm/external/usr/riscv32-unknown-elf/lib/rv32imac_zicsr_zifencei_zaamo_zalrsc_zba_zbb_zbkb_zbs/ilp32\libc.a(libc_a-wctomb_r.o)
                0x1001093e                __ascii_wctomb
 .text._fclose_r
                0x1001095e       0xa8 C:/Users/domin/Desktop/Computerarchitektur/computerarchitektur_arm/external/usr/riscv32-unknown-elf/lib/rv32imac_zicsr_zifencei_zaamo_zalrsc_zba_zbb_zbkb_zbs/ilp32\libc.a(libc_a-fclose.o)
                0x1001095e                _fclose_r
 .text.__smakebuf_r
                0x10010a06       0xf8 C:/Users/domin/Desktop/Computerarchitektur/computerarchitektur_arm/external/usr/riscv32-unknown-elf/lib/rv32imac_zicsr_zifencei_zaamo_zalrsc_zba_zbb_zbkb_zbs/ilp32\libc.a(libc_a-makebuf.o)
                0x10010a06                __smakebuf_r
 .text._fstat_r
                0x10010afe       0x3a C:/Users/domin/Desktop/Computerarchitektur/computerarchitektur_arm/external/usr/riscv32-unknown-elf/lib/rv32imac_zicsr_zifencei_zaamo_zalrsc_zba_zbb_zbkb_zbs/ilp32\libc.a(libc_a-fstatr.o)
                0x10010afe                _fstat_r
 .text._isatty_r
                0x10010b38       0x36 C:/Users/domin/Desktop/Computerarchitektur/computerarchitektur_arm/external/usr/riscv32-unknown-elf/lib/rv32imac_zicsr_zifencei_zaamo_zalrsc_zba_zbb_zbkb_zbs/ilp32\libc.a(libc_a-isattyr.o)
                0x10010b38                _isatty_r
 *(.fini)
 *crtbegin.o(.ctors)
 *crtbegin?.o(.ctors)
 *(EXCLUDE_FILE(*crtend.o *crtend?.o) .ctors)
 *(SORT_BY_NAME(.ctors.*))
 *(.ctors)
 *crtbegin.o(.dtors)
 *crtbegin?.o(.dtors)
 *(EXCLUDE_FILE(*crtend.o *crtend?.o) .dtors)
 *(SORT_BY_NAME(.dtors.*))
 *(.dtors)
                0x10010b70                        . = ALIGN (0x4)
 *fill*         0x10010b6e        0x2 
                0x10010b70                        PROVIDE (__preinit_array_start = .)
 *(SORT_BY_NAME(.preinit_array.*))
 .preinit_array.00050
                0x10010b70        0x4 src/CMakeFiles/lab2a.dir/C_/Users/domin/Desktop/Computerarchitektur/computerarchitektur_arm/external/pico-sdk/src/rp2_common/pico_runtime_init/runtime_init.c.obj
                0x10010b70                __pre_init_runtime_init_bootrom_reset
 .preinit_array.00100
                0x10010b74        0x4 src/CMakeFiles/lab2a.dir/C_/Users/domin/Desktop/Computerarchitektur/computerarchitektur_arm/external/pico-sdk/src/rp2_common/pico_runtime_init/runtime_init.c.obj
                0x10010b74                __pre_init_runtime_init_early_resets
 .preinit_array.00101
                0x10010b78        0x4 src/CMakeFiles/lab2a.dir/C_/Users/domin/Desktop/Computerarchitektur/computerarchitektur_arm/external/pico-sdk/src/rp2_common/pico_runtime_init/runtime_init.c.obj
                0x10010b78                __pre_init_runtime_init_usb_power_down
 .preinit_array.00500
                0x10010b7c        0x4 src/CMakeFiles/lab2a.dir/C_/Users/domin/Desktop/Computerarchitektur/computerarchitektur_arm/external/pico-sdk/src/rp2_common/pico_runtime_init/runtime_init.c.obj
                0x10010b7c                __pre_init_runtime_init_clocks
 .preinit_array.00600
                0x10010b80        0x4 src/CMakeFiles/lab2a.dir/C_/Users/domin/Desktop/Computerarchitektur/computerarchitektur_arm/external/pico-sdk/src/rp2_common/pico_runtime_init/runtime_init.c.obj
                0x10010b80                __pre_init_runtime_init_post_clock_resets
 .preinit_array.01000
                0x10010b84        0x4 src/CMakeFiles/lab2a.dir/C_/Users/domin/Desktop/Computerarchitektur/computerarchitektur_arm/external/pico-sdk/src/rp2_common/hardware_boot_lock/boot_lock.c.obj
                0x10010b84                __pre_init_runtime_init_boot_locks_reset
 .preinit_array.01000
                0x10010b88        0x4 src/CMakeFiles/lab2a.dir/C_/Users/domin/Desktop/Computerarchitektur/computerarchitektur_arm/external/pico-sdk/src/rp2_common/pico_runtime_init/runtime_init.c.obj
                0x10010b88                __pre_init_runtime_init_spin_locks_reset
 .preinit_array.01010
                0x10010b8c        0x4 src/CMakeFiles/lab2a.dir/C_/Users/domin/Desktop/Computerarchitektur/computerarchitektur_arm/external/pico-sdk/src/rp2_common/pico_bootrom/bootrom_lock.c.obj
                0x10010b8c                __pre_init_runtime_init_bootrom_locking_enable
 .preinit_array.01100
                0x10010b90        0x4 src/CMakeFiles/lab2a.dir/C_/Users/domin/Desktop/Computerarchitektur/computerarchitektur_arm/external/pico-sdk/src/common/pico_sync/mutex.c.obj
                0x10010b90                __pre_init_runtime_init_mutex
 .preinit_array.11000
                0x10010b94        0x4 src/CMakeFiles/lab2a.dir/C_/Users/domin/Desktop/Computerarchitektur/computerarchitektur_arm/external/pico-sdk/src/common/pico_time/time.c.obj
                0x10010b94                __pre_init_runtime_init_default_alarm_pool
 .preinit_array.YYYYY
                0x10010b98        0x4 src/CMakeFiles/lab2a.dir/C_/Users/domin/Desktop/Computerarchitektur/computerarchitektur_arm/external/pico-sdk/src/rp2_common/pico_runtime/runtime.c.obj
                0x10010b98                __pre_init_first_per_core_initializer
 .preinit_array.ZZZZZ.00051
                0x10010b9c        0x4 src/CMakeFiles/lab2a.dir/C_/Users/domin/Desktop/Computerarchitektur/computerarchitektur_arm/external/pico-sdk/src/rp2_common/pico_runtime_init/runtime_init.c.obj
                0x10010b9c                __pre_init_runtime_init_per_core_bootrom_reset
 .preinit_array.ZZZZZ.00060
                0x10010ba0        0x4 src/CMakeFiles/lab2a.dir/C_/Users/domin/Desktop/Computerarchitektur/computerarchitektur_arm/external/pico-sdk/src/rp2_common/pico_runtime_init/runtime_init.c.obj
                0x10010ba0                __pre_init_runtime_init_per_core_h3_irq_registers
 .preinit_array.ZZZZZ.01200
                0x10010ba4        0x4 src/CMakeFiles/lab2a.dir/C_/Users/domin/Desktop/Computerarchitektur/computerarchitektur_arm/external/pico-sdk/src/rp2_common/hardware_irq/irq.c.obj
                0x10010ba4                __pre_init_runtime_init_per_core_irq_priorities
 *(.preinit_array)
                0x10010ba8                        PROVIDE (__preinit_array_end = .)
                0x10010ba8                        . = ALIGN (0x4)
                0x10010ba8                        PROVIDE (__init_array_start = .)
 *(SORT_BY_NAME(.init_array.*))
 .init_array.01000
                0x10010ba8        0x4 src/CMakeFiles/lab2a.dir/C_/Users/domin/Desktop/Computerarchitektur/computerarchitektur_arm/external/pico-sdk/src/rp2_common/pico_unique_id/unique_id.c.obj
 *(.init_array)
 .init_array    0x10010bac        0x4 C:/Users/domin/Desktop/Computerarchitektur/computerarchitektur_arm/external/usr/bin/../lib/gcc/riscv32-unknown-elf/15.1.0/crtbegin.o
                0x10010bb0                        PROVIDE (__init_array_end = .)
                0x10010bb0                        . = ALIGN (0x4)
                [!provide]                        PROVIDE (__fini_array_start = .)
 *(SORT_BY_NAME(.fini_array.*))
 *(.fini_array)
                [!provide]                        PROVIDE (__fini_array_end = .)
 *(.eh_frame*)
 .eh_frame      0x10010bb0        0x0 C:/Users/domin/Desktop/Computerarchitektur/computerarchitektur_arm/external/usr/bin/../lib/gcc/riscv32-unknown-elf/15.1.0/crtbegin.o
                0x10010bb0                        . = ALIGN (0x4)

.boot2          0x10010bb0        0x0
                0x10010bb0                        __boot2_start__ = .
 *(.boot2)
                0x10010bb0                        __boot2_end__ = .
                0x00000001                        ASSERT (((__boot2_end__ - __boot2_start__) <= 0x100), ERROR: Pico second stage bootloader must be no more than 256 bytes in size)

.rodata         0x10010bb0    0x3b8e4
 *(EXCLUDE_FILE(*libm.a: *libc.a:*lib_a-mem*.o *libgcc.a:) .rodata*)
 .rodata.main.str1.4
                0x10010bb0    0x387fb src/CMakeFiles/lab2a.dir/clock.c.obj
                                 0x73 (size before relaxing)
 .rodata.clock_gui_init.str1.4
                0x100493ab        0x0 src/CMakeFiles/lab2a.dir/clock_gui.c.obj
                              0x38473 (size before relaxing)
 .rodata.clock_gui_update.str1.4
                0x100493ab        0x0 src/CMakeFiles/lab2a.dir/clock_gui.c.obj
                                  0xb (size before relaxing)
 .rodata.panic.str1.4
                0x100493ab        0x0 src/CMakeFiles/lab2a.dir/C_/Users/domin/Desktop/Computerarchitektur/computerarchitektur_arm/external/pico-sdk/src/rp2_common/pico_platform_panic/panic.c.obj
                                 0x12 (size before relaxing)
 .rodata.spin_lock_claim_unused.str1.4
                0x100493ab        0x0 src/CMakeFiles/lab2a.dir/C_/Users/domin/Desktop/Computerarchitektur/computerarchitektur_arm/external/pico-sdk/src/rp2_common/hardware_sync/sync.c.obj
                                 0x1b (size before relaxing)
 .rodata.user_irq_claim_unused.str1.4
                0x100493ab        0x0 src/CMakeFiles/lab2a.dir/C_/Users/domin/Desktop/Computerarchitektur/computerarchitektur_arm/external/pico-sdk/src/rp2_common/hardware_irq/irq.c.obj
                                 0x1b (size before relaxing)
 .rodata.timer_hardware_alarm_claim.str1.4
                0x100493ab        0x0 src/CMakeFiles/lab2a.dir/C_/Users/domin/Desktop/Computerarchitektur/computerarchitektur_arm/external/pico-sdk/src/rp2_common/hardware_timer/timer.c.obj
                                 0x22 (size before relaxing)
 .rodata.hard_assertion_failure.str1.4
                0x100493ab        0x0 src/CMakeFiles/lab2a.dir/C_/Users/domin/Desktop/Computerarchitektur/computerarchitektur_arm/external/pico-sdk/src/rp2_common/pico_runtime/runtime.c.obj
                                  0xc (size before relaxing)
 .rodata.__wrap_malloc.str1.4
                0x100493ab        0x0 src/CMakeFiles/lab2a.dir/C_/Users/domin/Desktop/Computerarchitektur/computerarchitektur_arm/external/pico-sdk/src/rp2_common/pico_malloc/malloc.c.obj
                                  0xe (size before relaxing)
 .rodata.str1.4
                0x100493ab        0x0 src/CMakeFiles/lab2a.dir/C_/Users/domin/Desktop/Computerarchitektur/computerarchitektur_arm/external/pico-sdk/src/rp2_common/pico_standard_binary_info/standard_binary_info.c.obj
                                 0x50 (size before relaxing)
 *fill*         0x100493ab        0x1 
 .rodata.__bi_84
                0x100493ac        0xc src/CMakeFiles/lab2a.dir/C_/Users/domin/Desktop/Computerarchitektur/computerarchitektur_arm/external/pico-sdk/src/rp2_common/pico_standard_binary_info/standard_binary_info.c.obj
 .rodata.__bi_78
                0x100493b8        0xc src/CMakeFiles/lab2a.dir/C_/Users/domin/Desktop/Computerarchitektur/computerarchitektur_arm/external/pico-sdk/src/rp2_common/pico_standard_binary_info/standard_binary_info.c.obj
 .rodata.__bi_54
                0x100493c4        0xc src/CMakeFiles/lab2a.dir/C_/Users/domin/Desktop/Computerarchitektur/computerarchitektur_arm/external/pico-sdk/src/rp2_common/pico_standard_binary_info/standard_binary_info.c.obj
 .rodata.__bi_48
                0x100493d0        0xc src/CMakeFiles/lab2a.dir/C_/Users/domin/Desktop/Computerarchitektur/computerarchitektur_arm/external/pico-sdk/src/rp2_common/pico_standard_binary_info/standard_binary_info.c.obj
 .rodata.__bi_42
                0x100493dc        0xc src/CMakeFiles/lab2a.dir/C_/Users/domin/Desktop/Computerarchitektur/computerarchitektur_arm/external/pico-sdk/src/rp2_common/pico_standard_binary_info/standard_binary_info.c.obj
 .rodata.__bi_34
                0x100493e8        0xc src/CMakeFiles/lab2a.dir/C_/Users/domin/Desktop/Computerarchitektur/computerarchitektur_arm/external/pico-sdk/src/rp2_common/pico_standard_binary_info/standard_binary_info.c.obj
 .rodata.__bi_26
                0x100493f4        0xc src/CMakeFiles/lab2a.dir/C_/Users/domin/Desktop/Computerarchitektur/computerarchitektur_arm/external/pico-sdk/src/rp2_common/pico_standard_binary_info/standard_binary_info.c.obj
 .rodata._ftoa.str1.4
                0x10049400        0x0 src/CMakeFiles/lab2a.dir/C_/Users/domin/Desktop/Computerarchitektur/computerarchitektur_arm/external/pico-sdk/src/rp2_common/pico_printf/printf.c.obj
                                 0x15 (size before relaxing)
 .rodata._vsnprintf
                0x10049400      0x19c src/CMakeFiles/lab2a.dir/C_/Users/domin/Desktop/Computerarchitektur/computerarchitektur_arm/external/pico-sdk/src/rp2_common/pico_printf/printf.c.obj
 *fill*         0x1004959c        0x4 
 .rodata.pow10.0
                0x100495a0       0x50 src/CMakeFiles/lab2a.dir/C_/Users/domin/Desktop/Computerarchitektur/computerarchitektur_arm/external/pico-sdk/src/rp2_common/pico_printf/printf.c.obj
 .rodata.__assert_func.str1.4
                0x100495f0        0x0 src/CMakeFiles/lab2a.dir/C_/Users/domin/Desktop/Computerarchitektur/computerarchitektur_arm/external/pico-sdk/src/rp2_common/pico_clib_interface/newlib_interface.c.obj
                                 0x43 (size before relaxing)
 .rodata.str1.4
                0x100495f0        0x0 src/CMakeFiles/lab2a.dir/C_/Users/domin/Desktop/Computerarchitektur/computerarchitektur_arm/external/pico-sdk/src/rp2_common/pico_stdio_uart/stdio_uart.c.obj
                                 0x2c (size before relaxing)
 .rodata.__bi_45.4
                0x100495f0        0xc src/CMakeFiles/lab2a.dir/C_/Users/domin/Desktop/Computerarchitektur/computerarchitektur_arm/external/pico-sdk/src/rp2_common/pico_stdio_uart/stdio_uart.c.obj
 .rodata._resetd_driver
                0x100495fc       0x20 src/CMakeFiles/lab2a.dir/C_/Users/domin/Desktop/Computerarchitektur/computerarchitektur_arm/external/pico-sdk/src/rp2_common/pico_stdio_usb/reset_interface.c.obj
 .rodata.desc_ms_os_20
                0x1004961c       0xa6 src/CMakeFiles/lab2a.dir/C_/Users/domin/Desktop/Computerarchitektur/computerarchitektur_arm/external/pico-sdk/src/rp2_common/pico_stdio_usb/reset_interface.c.obj
 *fill*         0x100496c2        0x2 
 .rodata.desc_bos
                0x100496c4       0x21 src/CMakeFiles/lab2a.dir/C_/Users/domin/Desktop/Computerarchitektur/computerarchitektur_arm/external/pico-sdk/src/rp2_common/pico_stdio_usb/reset_interface.c.obj
                0x100496c4                desc_bos
 .rodata.str1.4
                0x100496e5        0x0 src/CMakeFiles/lab2a.dir/C_/Users/domin/Desktop/Computerarchitektur/computerarchitektur_arm/external/pico-sdk/src/rp2_common/pico_stdio_usb/stdio_usb.c.obj
                                 0x13 (size before relaxing)
 *fill*         0x100496e5        0x3 
 .rodata.__bi_202.0
                0x100496e8        0xc src/CMakeFiles/lab2a.dir/C_/Users/domin/Desktop/Computerarchitektur/computerarchitektur_arm/external/pico-sdk/src/rp2_common/pico_stdio_usb/stdio_usb.c.obj
 .rodata.str1.4
                0x100496f4        0x0 src/CMakeFiles/lab2a.dir/C_/Users/domin/Desktop/Computerarchitektur/computerarchitektur_arm/external/pico-sdk/src/rp2_common/pico_stdio_usb/stdio_usb_descriptors.c.obj
                                 0x2a (size before relaxing)
 .rodata.usbd_desc_str
                0x100496f4       0x18 src/CMakeFiles/lab2a.dir/C_/Users/domin/Desktop/Computerarchitektur/computerarchitektur_arm/external/pico-sdk/src/rp2_common/pico_stdio_usb/stdio_usb_descriptors.c.obj
 .rodata.usbd_desc_cfg
                0x1004970c       0x54 src/CMakeFiles/lab2a.dir/C_/Users/domin/Desktop/Computerarchitektur/computerarchitektur_arm/external/pico-sdk/src/rp2_common/pico_stdio_usb/stdio_usb_descriptors.c.obj
 .rodata.usbd_desc_device
                0x10049760       0x12 src/CMakeFiles/lab2a.dir/C_/Users/domin/Desktop/Computerarchitektur/computerarchitektur_arm/external/pico-sdk/src/rp2_common/pico_stdio_usb/stdio_usb_descriptors.c.obj
 .rodata.str1.4
                0x10049772        0x0 src/CMakeFiles/lab2a.dir/C_/Users/domin/Desktop/Computerarchitektur/computerarchitektur_arm/external/pico-sdk/lib/tinyusb/src/portable/raspberrypi/rp2040/dcd_rp2040.c.obj
                                 0x14 (size before relaxing)
 .rodata.str1.4