Archive member included to satisfy reference by file (symbol)

C:/Users/domin/Desktop/Computerarchitektur/computerarchitektur_arm/external/usr/lib/gcc/riscv32-unknown-elf/15.1.0/rv32imac_zicsr_zifencei_zaamo_zalrsc_zba_zbb_zbkb_zbs/ilp32\libgcc.a(_divdi3.o)
                              src/CMakeFiles/lab2b.dir/C_/Users/domin/Desktop/Computerarchitektur/computerarchitektur_arm/external/pico-sdk/src/common/pico_time/time.c.obj (__divdi3)
C:/Users/domin/Desktop/Computerarchitektur/computerarchitektur_arm/external/usr/lib/gcc/riscv32-unknown-elf/15.1.0/rv32imac_zicsr_zifencei_zaamo_zalrsc_zba_zbb_zbkb_zbs/ilp32\libgcc.a(_moddi3.o)
                              src/CMakeFiles/lab2b.dir/C_/Users/domin/Desktop/Computerarchitektur/computerarchitektur_arm/external/pico-sdk/src/common/pico_util/datetime.c.obj (__moddi3)
C:/Users/domin/Desktop/Computerarchitektur/computerarchitektur_arm/external/usr/lib/gcc/riscv32-unknown-elf/15.1.0/rv32imac_zicsr_zifencei_zaamo_zalrsc_zba_zbb_zbkb_zbs/ilp32\libgcc.a(_udivdi3.o)
                              src/CMakeFiles/lab2b.dir/C_/Users/domin/Desktop/Computerarchitektur/computerarchitektur_arm/external/pico-sdk/src/rp2_common/hardware_clocks/clocks.c.obj (__udivdi3)
C:/Users/domin/Desktop/Computerarchitektur/computerarchitektur_arm/external/usr/lib/gcc/riscv32-unknown-elf/15.1.0/rv32imac_zicsr_zifencei_zaamo_zalrsc_zba_zbb_zbkb_zbs/ilp32\libgcc.a(_umoddi3.o)
                              src/CMakeFiles/lab2b.dir/C_/Users/domin/Desktop/Computerarchitektur/computerarchitektur_arm/external/pico-sdk/src/rp2_common/pico_divider/divider_compiler.c.obj (__umoddi3)
C:/Users/domin/Desktop/Computerarchitektur/computerarchitektur_arm/external/usr/lib/gcc/riscv32-unknown-elf/15.1.0/rv32imac_zicsr_zifencei_zaamo_zalrsc_zba_zbb_zbkb_zbs/ilp32\libgcc.a(adddf3.o)
                              src/CMakeFiles/lab2b.dir/C_/Users/domin/Desktop/Computerarchitektur/computerarchitektur_arm/external/pico-sdk/src/rp2_common/pico_printf/printf.c.obj (__adddf3)
C:/Users/domin/Desktop/Computerarchitektur/computerarchitektur_arm/external/usr/lib/gcc/riscv32-unknown-elf/15.1.0/rv32imac_zicsr_zifencei_zaamo_zalrsc_zba_zbb_zbkb_zbs/ilp32\libgcc.a(divdf3.o)
                              src/CMakeFiles/lab2b.dir/C_/Users/domin/Desktop/Computerarchitektur/computerarchitektur_arm/external/pico-sdk/src/rp2_common/pico_printf/printf.c.obj (__divdf3)
C:/Users/domin/Desktop/Computerarchitektur/computerarchitektur_arm/external/usr/lib/gcc/riscv32-unknown-elf/15.1.0/rv32imac_zicsr_zifencei_zaamo_zalrsc_zba_zbb_zbkb_zbs/ilp32\libgcc.a(gedf2.o)
                              src/CMakeFiles/lab2b.dir/C_/Users/domin/Desktop/Computerarchitektur/computerarchitektur_arm/external/pico-sdk/src/rp2_common/pico_printf/printf.c.obj (__gedf2)
C:/Users/domin/Desktop/Computerarchitektur/computerarchitektur_arm/external/usr/lib/gcc/riscv32-unknown-elf/15.1.0/rv32imac_zicsr_zifencei_zaamo_zalrsc_zba_zbb_zbkb_zbs/ilp32\libgcc.a(ledf2.o)
                              src/CMakeFiles/lab2b.dir/C_/Users/domin/Desktop/Computerarchitektur/computerarchitektur_arm/external/pico-sdk/src/rp2_common/pico_printf/printf.c.obj (__ltdf2)
C:/Users/domin/Desktop/Computerarchitektur/computerarchitektur_arm/external/usr/lib/gcc/riscv32-unknown-elf/15.1.0/rv32imac_zicsr_zifencei_zaamo_zalrsc_zba_zbb_zbkb_zbs/ilp32\libgcc.a(muldf3.o)
                              src/CMakeFiles/lab2b.dir/C_/Users/domin/Desktop/Computerarchitektur/computerarchitektur_arm/external/pico-sdk/src/rp2_common/pico_printf/printf.c.obj (__muldf3)
C:/Users/domin/Desktop/Computerarchitektur/computerarchitektur_arm/external/usr/lib/gcc/riscv32-unknown-elf/15.1.0/rv32imac_zicsr_zifencei_zaamo_zalrsc_zba_zbb_zbkb_zbs/ilp32\libgcc.a(subdf3.o)
                              src/CMakeFiles/lab2b.dir/C_/Users/domin/Desktop/Computerarchitektur/computerarchitektur_arm/external/pico-sdk/src/rp2_common/pico_printf/printf.c.obj (__subdf3)
C:/Users/domin/Desktop/Computerarchitektur/computerarchitektur_arm/external/usr/lib/gcc/riscv32-unknown-elf/15.1.0/rv32imac_zicsr_zifencei_zaamo_zalrsc_zba_zbb_zbkb_zbs/ilp32\libgcc.a(unorddf2.o)
                              src/CMakeFiles/lab2b.dir/C_/Users/domin/Desktop/Computerarchitektur/computerarchitektur_arm/external/pico-sdk/src/rp2_common/pico_printf/printf.c.obj (__unorddf2)
C:/Users/domin/Desktop/Computerarchitektur/computerarchitektur_arm/external/usr/lib/gcc/riscv32-unknown-elf/15.1.0/rv32imac_zicsr_zifencei_zaamo_zalrsc_zba_zbb_zbkb_zbs/ilp32\libgcc.a(fixdfsi.o)
                              src/CMakeFiles/lab2b.dir/C_/Users/domin/Desktop/Computerarchitektur/computerarchitektur_arm/external/pico-sdk/src/rp2_common/pico_printf/printf.c.obj (__fixdfsi)
C:/Users/domin/Desktop/Computerarchitektur/computerarchitektur_arm/external/usr/lib/gcc/riscv32-unknown-elf/15.1.0/rv32imac_zicsr_zifencei_zaamo_zalrsc_zba_zbb_zbkb_zbs/ilp32\libgcc.a(fixunsdfsi.o)
[...]
Memory Configuration

Name             Origin             Length             Attributes
FLASH            0x10000000         0x00400000         xr
RAM              0x20000000         0x00080000         xrw
SCRATCH_X        0x20080000         0x00001000         xrw
SCRATCH_Y        0x20081000         0x00001000         xrw
*default*        0x00000000         0xffffffff

Linker script and memory map

LOAD C:/Users/domin/Desktop/Computerarchitektur/computerarchitektur_arm/external/usr/bin/../lib/gcc/riscv32-unknown-elf/15.1.0/../../../../riscv32-unknown-elf/lib/crt0.o
LOAD C:/Users/domin/Desktop/Computerarchitektur/computerarchitektur_arm/external/usr/bin/../lib/gcc/riscv32-unknown-elf/15.1.0/crtbegin.o

.flash_begin    0x10000000        0x0
                0x10000000                        __flash_binary_start = .

.text           0x10000000     0x77ac
                0x10000000                        __logical_binary_start = .
 *(.vectors)
 *(.binary_info_header)
 .binary_info_header
                0x10000000       0x14 src/CMakeFiles/lab2b.dir/C_/Users/domin/Desktop/Computerarchitektur/computerarchitektur_arm/external/pico-sdk/src/rp2_common/pico_crt0/crt0_riscv.S.obj
                0x10000014                        __binary_info_header_end = .
 *(.embedded_block)
 .embedded_block
                0x10000014       0x20 src/CMakeFiles/lab2b.dir/C_/Users/domin/Desktop/Computerarchitektur/computerarchitektur_arm/external/pico-sdk/src/rp2_common/pico_crt0/crt0_riscv.S.obj
                0x10000034                        __embedded_block_end = .
 *(.reset)
 .reset         0x10000034       0xa6 src/CMakeFiles/lab2b.dir/C_/Users/domin/Desktop/Computerarchitektur/computerarchitektur_arm/external/pico-sdk/src/rp2_common/pico_crt0/crt0_riscv.S.obj
                0x10000034                _entry_point
 *(.init)
 *libgcc.a:cmse_nonsecure_call.o()
 *(EXCLUDE_FILE(*libm.a: *libc.a:*lib_a-mem*.o *libgcc.a:) .text*)
 .text          0x100000da       0x4a C:/Users/domin/Desktop/Computerarchitektur/computerarchitektur_arm/external/usr/bin/../lib/gcc/riscv32-unknown-elf/15.1.0/crtbegin.o
 .text.adc_gpio_init
                0x10000124       0x20 src/CMakeFiles/lab2b.dir/joystick_rgb.c.obj
 .text.startup.main
                0x10000144      0x188 src/CMakeFiles/lab2b.dir/joystick_rgb.c.obj
                0x10000144                main
 .text.first_per_core_initializer
                0x100002cc        0x2 src/CMakeFiles/lab2b.dir/C_/Users/domin/Desktop/Computerarchitektur/computerarchitektur_arm/external/pico-sdk/src/rp2_common/pico_runtime/runtime.c.obj
 .text.hard_assertion_failure
                0x100002ce        0xe src/CMakeFiles/lab2b.dir/C_/Users/domin/Desktop/Computerarchitektur/computerarchitektur_arm/external/pico-sdk/src/rp2_common/pico_runtime/runtime.c.obj
                0x100002ce                hard_assertion_failure
 .text.runtime_run_initializers
                0x100002dc       0x30 src/CMakeFiles/lab2b.dir/C_/Users/domin/Desktop/Computerarchitektur/computerarchitektur_arm/external/pico-sdk/src/rp2_common/pico_runtime/runtime.c.obj
                0x100002dc                runtime_run_initializers
 .text.runtime_init_early_resets
                0x1000030c       0x2a src/CMakeFiles/lab2b.dir/C_/Users/domin/Desktop/Computerarchitektur/computerarchitektur_arm/external/pico-sdk/src/rp2_common/pico_runtime_init/runtime_init.c.obj
                0x1000030c                runtime_init_early_resets
 .text.runtime_init_usb_power_down
                0x10000336       0x1a src/CMakeFiles/lab2b.dir/C_/Users/domin/Desktop/Computerarchitektur/computerarchitektur_arm/external/pico-sdk/src/rp2_common/pico_runtime_init/runtime_init.c.obj
                0x10000336                runtime_init_usb_power_down
 .text.runtime_init_post_clock_resets
                0x10000350       0x1c src/CMakeFiles/lab2b.dir/C_/Users/domin/Desktop/Computerarchitektur/computerarchitektur_arm/external/pico-sdk/src/rp2_common/pico_runtime_init/runtime_init.c.obj
                0x10000350                runtime_init_post_clock_resets
 .text.runtime_init_bootrom_reset
                0x1000036c       0x18 src/CMakeFiles/lab2b.dir/C_/Users/domin/Desktop/Computerarchitektur/computerarchitektur_arm/external/pico-sdk/src/rp2_common/pico_runtime_init/runtime_init.c.obj
                0x1000036c                runtime_init_bootrom_reset
 .text.runtime_init_per_core_bootrom_reset
                0x10000384       0x18 src/CMakeFiles/lab2b.dir/C_/Users/domin/Desktop/Computerarchitektur/computerarchitektur_arm/external/pico-sdk/src/rp2_common/pico_runtime_init/runtime_init.c.obj
                0x10000384                runtime_init_per_core_bootrom_reset
 .text.runtime_init_spin_locks_reset
                0x1000039c        0x2 src/CMakeFiles/lab2b.dir/C_/Users/domin/Desktop/Computerarchitektur/computerarchitektur_arm/external/pico-sdk/src/rp2_common/pico_runtime_init/runtime_init.c.obj
                0x1000039c                runtime_init_spin_locks_reset
 .text.runtime_init_clocks
                0x1000039e       0xf4 src/CMakeFiles/lab2b.dir/C_/Users/domin/Desktop/Computerarchitektur/computerarchitektur_arm/external/pico-sdk/src/rp2_common/pico_runtime_init/runtime_init_clocks.c.obj
                0x1000039e                runtime_init_clocks
 *fill*         0x10000492        0x2 
 .text.clock_configure_undivided
                0x10000494       0xdc src/CMakeFiles/lab2b.dir/C_/Users/domin/Desktop/Computerarchitektur/computerarchitektur_arm/external/pico-sdk/src/rp2_common/hardware_clocks/clocks.c.obj
                0x10000494                clock_configure_undivided
 .text.clock_get_hz
                0x10000570       0x10 src/CMakeFiles/lab2b.dir/C_/Users/domin/Desktop/Computerarchitektur/computerarchitektur_arm/external/pico-sdk/src/rp2_common/hardware_clocks/clocks.c.obj
                0x10000570                clock_get_hz
 .text.panic    0x10000580       0x40 src/CMakeFiles/lab2b.dir/C_/Users/domin/Desktop/Computerarchitektur/computerarchitektur_arm/external/pico-sdk/src/rp2_common/pico_platform_panic/panic.c.obj
                0x10000580                panic
 .text.hw_claim_or_assert
                0x100005c0       0x66 src/CMakeFiles/lab2b.dir/C_/Users/domin/Desktop/Computerarchitektur/computerarchitektur_arm/external/pico-sdk/src/common/hardware_claim/claim.c.obj
                0x100005c0                hw_claim_or_assert
 .text.next_striped_spin_lock_num
                0x10000626       0x1e src/CMakeFiles/lab2b.dir/C_/Users/domin/Desktop/Computerarchitektur/computerarchitektur_arm/external/pico-sdk/src/rp2_common/hardware_sync/sync.c.obj
                0x10000626                next_striped_spin_lock_num
 .text.spin_locks_reset
                0x10000644       0x22 src/CMakeFiles/lab2b.dir/C_/Users/domin/Desktop/Computerarchitektur/computerarchitektur_arm/external/pico-sdk/src/rp2_common/hardware_sync_spin_lock/sync_spin_lock.c.obj
                0x10000644                spin_locks_reset
 .text.gpio_set_function
                0x10000666       0x30 src/CMakeFiles/lab2b.dir/C_/Users/domin/Desktop/Computerarchitektur/computerarchitektur_arm/external/pico-sdk/src/rp2_common/hardware_gpio/gpio.c.obj
                0x10000666                gpio_set_function
 .text.gpio_set_pulls
                0x10000696       0x1e src/CMakeFiles/lab2b.dir/C_/Users/domin/Desktop/Computerarchitektur/computerarchitektur_arm/external/pico-sdk/src/rp2_common/hardware_gpio/gpio.c.obj
                0x10000696                gpio_set_pulls
 .text.gpio_set_input_enabled
                0x100006b4       0x24 src/CMakeFiles/lab2b.dir/C_/Users/domin/Desktop/Computerarchitektur/computerarchitektur_arm/external/pico-sdk/src/rp2_common/hardware_gpio/gpio.c.obj
                0x100006b4                gpio_set_input_enabled
 .text.gpio_init
                0x100006d8       0x3e src/CMakeFiles/lab2b.dir/C_/Users/domin/Desktop/Computerarchitektur/computerarchitektur_arm/external/pico-sdk/src/rp2_common/hardware_gpio/gpio.c.obj
                0x100006d8                gpio_init
 .text.runtime_init_per_core_irq_priorities
                0x10000716       0x38 src/CMakeFiles/lab2b.dir/C_/Users/domin/Desktop/Computerarchitektur/computerarchitektur_arm/external/pico-sdk/src/rp2_common/hardware_irq/irq.c.obj
                0x10000716                runtime_init_per_core_irq_priorities
 .text.irq_set_enabled
                0x1000074e       0x36 src/CMakeFiles/lab2b.dir/C_/Users/domin/Desktop/Computerarchitektur/computerarchitektur_arm/external/pico-sdk/src/rp2_common/hardware_irq/irq.c.obj
                0x1000074e                irq_set_enabled
 .text.irq_set_exclusive_handler
                0x10000784       0x80 src/CMakeFiles/lab2b.dir/C_/Users/domin/Desktop/Computerarchitektur/computerarchitektur_arm/external/pico-sdk/src/rp2_common/hardware_irq/irq.c.obj
                0x10000784                irq_set_exclusive_handler
 .text.lock_init
                0x10000804        0xe src/CMakeFiles/lab2b.dir/C_/Users/domin/Desktop/Computerarchitektur/computerarchitektur_arm/external/pico-sdk/src/common/pico_sync/lock_core.c.obj
                0x10000804                lock_init
 .text.runtime_init_mutex
                0x10000812       0x66 src/CMakeFiles/lab2b.dir/C_/Users/domin/Desktop/Computerarchitektur/computerarchitektur_arm/external/pico-sdk/src/common/pico_sync/mutex.c.obj
                0x10000812                runtime_init_mutex
 .text.sleep_until_callback
                0x10000878       0x40 src/CMakeFiles/lab2b.dir/C_/Users/domin/Desktop/Computerarchitektur/computerarchitektur_arm/external/pico-sdk/src/common/pico_time/time.c.obj
 .text.alarm_pool_irq_handler
                0x100008b8      0x396 src/CMakeFiles/lab2b.dir/C_/Users/domin/Desktop/Computerarchitektur/computerarchitektur_arm/external/pico-sdk/src/common/pico_time/time.c.obj
 .text.runtime_init_default_alarm_pool
                0x10000c4e      0x106 src/CMakeFiles/lab2b.dir/C_/Users/domin/Desktop/Computerarchitektur/computerarchitektur_arm/external/pico-sdk/src/common/pico_time/time.c.obj
                0x10000c4e                runtime_init_default_alarm_pool
 .text.alarm_pool_add_alarm_at_force_in_context
                0x10000d54       0xdc src/CMakeFiles/lab2b.dir/C_/Users/domin/Desktop/Computerarchitektur/computerarchitektur_arm/external/pico-sdk/src/common/pico_time/time.c.obj
                0x10000d54                alarm_pool_add_alarm_at_force_in_context
 .text.sleep_us
                0x10000e30      0x10c src/CMakeFiles/lab2b.dir/C_/Users/domin/Desktop/Computerarchitektur/computerarchitektur_arm/external/pico-sdk/src/common/pico_time/time.c.obj
                0x10000e30                sleep_us
 .text.timer_hardware_alarm_claim
                0x10000f3c       0x20 src/CMakeFiles/lab2b.dir/C_/Users/domin/Desktop/Computerarchitektur/computerarchitektur_arm/external/pico-sdk/src/rp2_common/hardware_timer/timer.c.obj
                0x10000f3c                timer_hardware_alarm_claim
 .text.timer_time_us_64
                0x10000f5c       0x10 src/CMakeFiles/lab2b.dir/C_/Users/domin/Desktop/Computerarchitektur/computerarchitektur_arm/external/pico-sdk/src/rp2_common/hardware_timer/timer.c.obj
                0x10000f5c                timer_time_us_64
 .text.time_us_64
                0x10000f6c       0x12 src/CMakeFiles/lab2b.dir/C_/Users/domin/Desktop/Computerarchitektur/computerarchitektur_arm/external/pico-sdk/src/rp2_common/hardware_timer/timer.c.obj
                0x10000f6c                time_us_64
 .text.busy_wait_until
                0x10000f7e       0x22 src/CMakeFiles/lab2b.dir/C_/Users/domin/Desktop/Computerarchitektur/computerarchitektur_arm/external/pico-sdk/src/rp2_common/hardware_timer/timer.c.obj
                0x10000f7e                busy_wait_until
 .text.pll_init
                0x10000fa0       0x8a src/CMakeFiles/lab2b.dir/C_/Users/domin/Desktop/Computerarchitektur/computerarchitektur_arm/external/pico-sdk/src/rp2_common/hardware_pll/pll.c.obj
                0x10000fa0                pll_init
 .text.tick_start
                0x1000102a       0x14 src/CMakeFiles/lab2b.dir/C_/Users/domin/Desktop/Computerarchitektur/computerarchitektur_arm/external/pico-sdk/src/rp2_common/hardware_ticks/ticks.c.obj
                0x1000102a                tick_start
 .text.rom_func_lookup
                0x1000103e        0xe src/CMakeFiles/lab2b.dir/C_/Users/domin/Desktop/Computerarchitektur/computerarchitektur_arm/external/pico-sdk/src/rp2_common/pico_bootrom/bootrom.c.obj
                0x1000103e                rom_func_lookup
 .text.runtime_init_bootrom_locking_enable
                0x1000104c       0x12 src/CMakeFiles/lab2b.dir/C_/Users/domin/Desktop/Computerarchitektur/computerarchitektur_arm/external/pico-sdk/src/rp2_common/pico_bootrom/bootrom_lock.c.obj
                0x1000104c                runtime_init_bootrom_locking_enable
 .text.runtime_init_boot_locks_reset
                0x1000105e       0x20 src/CMakeFiles/lab2b.dir/C_/Users/domin/Desktop/Computerarchitektur/computerarchitektur_arm/external/pico-sdk/src/rp2_common/hardware_boot_lock/boot_lock.c.obj
                0x1000105e                runtime_init_boot_locks_reset
 .text.xosc_init
                0x1000107e       0x24 src/CMakeFiles/lab2b.dir/C_/Users/domin/Desktop/Computerarchitektur/computerarchitektur_arm/external/pico-sdk/src/rp2_common/hardware_xosc/xosc.c.obj
                0x1000107e                xosc_init
 *fill*         0x100010a2        0x2 
 .text.__mulsf3
                0x100010a4       0xd6 src/CMakeFiles/lab2b.dir/C_/Users/domin/Desktop/Computerarchitektur/computerarchitektur_arm/external/pico-sdk/src/rp2_common/pico_float/float_single_hazard3.S.obj
                0x100010a4                __mulsf3
 .text._out_char
                0x1000117a        0x8 src/CMakeFiles/lab2b.dir/C_/Users/domin/Desktop/Computerarchitektur/computerarchitektur_arm/external/pico-sdk/src/rp2_common/pico_printf/printf.c.obj
 .text.weak_raw_printf
                0x10001182       0x4a src/CMakeFiles/lab2b.dir/C_/Users/domin/Desktop/Computerarchitektur/computerarchitektur_arm/external/pico-sdk/src/rp2_common/pico_printf/printf.c.obj
                0x10001182                weak_raw_printf
 .text.weak_raw_vprintf
                0x100011cc       0x34 src/CMakeFiles/lab2b.dir/C_/Users/domin/Desktop/Computerarchitektur/computerarchitektur_arm/external/pico-sdk/src/rp2_common/pico_printf/printf.c.obj
                0x100011cc                weak_raw_vprintf
 .text          0x10001200       0x20 src/CMakeFiles/lab2b.dir/C_/Users/domin/Desktop/Computerarchitektur/computerarchitektur_arm/external/pico-sdk/src/rp2_common/pico_crt0/crt0_riscv.S.obj
                0x10001200                runtime_init_per_core_h3_irq_registers
 .text._exit    0x10001220        0x4 src/CMakeFiles/lab2b.dir/C_/Users/domin/Desktop/Computerarchitektur/computerarchitektur_arm/external/pico-sdk/src/rp2_common/pico_clib_interface/newlib_interface.c.obj
                0x10001220                _exit
 .text._sbrk    0x10001224       0x38 src/CMakeFiles/lab2b.dir/C_/Users/domin/Desktop/Computerarchitektur/computerarchitektur_arm/external/pico-sdk/src/rp2_common/pico_clib_interface/newlib_interface.c.obj
                0x10001224                _sbrk
 .text._read    0x1000125c        0x4 src/CMakeFiles/lab2b.dir/C_/Users/domin/Desktop/Computerarchitektur/computerarchitektur_arm/external/pico-sdk/src/rp2_common/pico_clib_interface/newlib_interface.c.obj
                0x1000125c                _read
 .text._write   0x10001260        0x4 src/CMakeFiles/lab2b.dir/C_/Users/domin/Desktop/Computerarchitektur/computerarchitektur_arm/external/pico-sdk/src/rp2_common/pico_clib_interface/newlib_interface.c.obj
                0x10001260                _write
 .text._close   0x10001264        0x4 src/CMakeFiles/lab2b.dir/C_/Users/domin/Desktop/Computerarchitektur/computerarchitektur_arm/external/pico-sdk/src/rp2_common/pico_clib_interface/newlib_interface.c.obj
                0x10001264                _close
 .text._lseek   0x10001268        0x4 src/CMakeFiles/lab2b.dir/C_/Users/domin/Desktop/Computerarchitektur/computerarchitektur_arm/external/pico-sdk/src/rp2_common/pico_clib_interface/newlib_interface.c.obj
                0x10001268                _lseek
 .text._fstat   0x1000126c        0x4 src/CMakeFiles/lab2b.dir/C_/Users/domin/Desktop/Computerarchitektur/computerarchitektur_arm/external/pico-sdk/src/rp2_common/pico_clib_interface/newlib_interface.c.obj
                0x1000126c                _fstat
 .text._isatty  0x10001270        0x6 src/CMakeFiles/lab2b.dir/C_/Users/domin/Desktop/Computerarchitektur/computerarchitektur_arm/external/pico-sdk/src/rp2_common/pico_clib_interface/newlib_interface.c.obj
                0x10001270                _isatty
 .text.exit     0x10001276        0x6 src/CMakeFiles/lab2b.dir/C_/Users/domin/Desktop/Computerarchitektur/computerarchitektur_arm/external/pico-sdk/src/rp2_common/pico_clib_interface/newlib_interface.c.obj
                0x10001276                exit
 .text.__assert_func
                0x1000127c       0x32 src/CMakeFiles/lab2b.dir/C_/Users/domin/Desktop/Computerarchitektur/computerarchitektur_arm/external/pico-sdk/src/rp2_common/pico_clib_interface/newlib_interface.c.obj
                0x1000127c                __assert_func
 .text.runtime_init
                0x100012ae       0x34 src/CMakeFiles/lab2b.dir/C_/Users/domin/Desktop/Computerarchitektur/computerarchitektur_arm/external/pico-sdk/src/rp2_common/pico_clib_interface/newlib_interface.c.obj
                0x100012ae                runtime_init
 .text.adc_init
                0x100012e2       0x30 src/CMakeFiles/lab2b.dir/C_/Users/domin/Desktop/Computerarchitektur/computerarchitektur_arm/external/pico-sdk/src/rp2_common/hardware_adc/adc.c.obj
                0x100012e2                adc_init
 .text._calloc_r
                0x10001312       0xa2 C:/Users/domin/Desktop/Computerarchitektur/computerarchitektur_arm/external/usr/riscv32-unknown-elf/lib/rv32imac_zicsr_zifencei_zaamo_zalrsc_zba_zbb_zbkb_zbs/ilp32\libc.a(libc_a-callocr.o)
                0x10001312                _calloc_r
 .text._malloc_r
                0x100013b4      0x610 C:/Users/domin/Desktop/Computerarchitektur/computerarchitektur_arm/external/usr/riscv32-unknown-elf/lib/rv32imac_zicsr_zifencei_zaamo_zalrsc_zba_zbb_zbkb_zbs/ilp32\libc.a(libc_a-mallocr.o)
                0x100013b4                _malloc_r
 .text.__malloc_lock
                0x100019c4        0x2 C:/Users/domin/Desktop/Computerarchitektur/computerarchitektur_arm/external/usr/riscv32-unknown-elf/lib/rv32imac_zicsr_zifencei_zaamo_zalrsc_zba_zbb_zbkb_zbs/ilp32\libc.a(libc_a-mlock.o)
                0x100019c4                __malloc_lock
 .text.__malloc_unlock
                0x100019c6        0x2 C:/Users/domin/Desktop/Computerarchitektur/computerarchitektur_arm/external/usr/riscv32-unknown-elf/lib/rv32imac_zicsr_zifencei_zaamo_zalrsc_zba_zbb_zbkb_zbs/ilp32\libc.a(libc_a-mlock.o)
                0x100019c6                __malloc_unlock
 .text._realloc_r
                0x100019c8      0x43e C:/Users/domin/Desktop/Computerarchitektur/computerarchitektur_arm/external/usr/riscv32-unknown-elf/lib/rv32imac_zicsr_zifencei_zaamo_zalrsc_zba_zbb_zbkb_zbs/ilp32\libc.a(libc_a-reallocr.o)
                0x100019c8                _realloc_r
 .text.printf   0x10001e06       0x2e C:/Users/domin/Desktop/Computerarchitektur/computerarchitektur_arm/external/usr/riscv32-unknown-elf/lib/rv32imac_zicsr_zifencei_zaamo_zalrsc_zba_zbb_zbkb_zbs/ilp32\libc.a(libc_a-printf.o)
                0x10001e06                printf
 .text.putchar  0x10001e34       0x12 C:/Users/domin/Desktop/Computerarchitektur/computerarchitektur_arm/external/usr/riscv32-unknown-elf/lib/rv32imac_zicsr_zifencei_zaamo_zalrsc_zba_zbb_zbkb_zbs/ilp32\libc.a(libc_a-putchar.o)
                0x10001e34                putchar
 .text._puts_r  0x10001e46       0x7e C:/Users/domin/Desktop/Computerarchitektur/computerarchitektur_arm/external/usr/riscv32-unknown-elf/lib/rv32imac_zicsr_zifencei_zaamo_zalrsc_zba_zbb_zbkb_zbs/ilp32\libc.a(libc_a-puts.o)
                0x10001e46                _puts_r
 .text.puts     0x10001ec4        0xc C:/Users/domin/Desktop/Computerarchitektur/computerarchitektur_arm/external/usr/riscv32-unknown-elf/lib/rv32imac_zicsr_zifencei_zaamo_zalrsc_zba_zbb_zbkb_zbs/ilp32\libc.a(libc_a-puts.o)
                0x10001ec4                puts
 .text._sbrk_r  0x10001ed0       0x36 C:/Users/domin/Desktop/Computerarchitektur/computerarchitektur_arm/external/usr/riscv32-unknown-elf/lib/rv32imac_zicsr_zifencei_zaamo_zalrsc_zba_zbb_zbkb_zbs/ilp32\libc.a(libc_a-sbrkr.o)
                0x10001ed0                _sbrk_r
 .text.__errno  0x10001f06        0xa C:/Users/domin/Desktop/Computerarchitektur/computerarchitektur_arm/external/usr/riscv32-unknown-elf/lib/rv32imac_zicsr_zifencei_zaamo_zalrsc_zba_zbb_zbkb_zbs/ilp32\libc.a(libc_a-errno.o)
                0x10001f06                __errno
 .text.memmove  0x10001f10       0xda C:/Users/domin/Desktop/Computerarchitektur/computerarchitektur_arm/external/usr/riscv32-unknown-elf/lib/rv32imac_zicsr_zifencei_zaamo_zalrsc_zba_zbb_zbkb_zbs/ilp32\libc.a(libc_a-memmove-stub.o)
                0x10001f10                memmove
 .text          0x10001fea       0xa8 C:/Users/domin/Desktop/Computerarchitektur/computerarchitektur_arm/external/usr/riscv32-unknown-elf/lib/rv32imac_zicsr_zifencei_zaamo_zalrsc_zba_zbb_zbkb_zbs/ilp32\libc.a(libc_a-memset.o)
                0x10001fea                memset
 .text.memcpy   0x10002092       0xe8 C:/Users/domin/Desktop/Computerarchitektur/computerarchitektur_arm/external/usr/riscv32-unknown-elf/lib/rv32imac_zicsr_zifencei_zaamo_zalrsc_zba_zbb_zbkb_zbs/ilp32\libc.a(libc_a-memcpy.o)
                0x10002092                memcpy
 .text.strlen   0x1000217a       0x64 C:/Users/domin/Desktop/Computerarchitektur/computerarchitektur_arm/external/usr/riscv32-unknown-elf/lib/rv32imac_zicsr_zifencei_zaamo_zalrsc_zba_zbb_zbkb_zbs/ilp32\libc.a(libc_a-strlen.o)
                0x1000217a                strlen
 .text._malloc_trim_r
                0x100021de       0xce C:/Users/domin/Desktop/Computerarchitektur/computerarchitektur_arm/external/usr/riscv32-unknown-elf/lib/rv32imac_zicsr_zifencei_zaamo_zalrsc_zba_zbb_zbkb_zbs/ilp32\libc.a(libc_a-freer.o)
                0x100021de                _malloc_trim_r
 .text._free_r  0x100022ac      0x220 C:/Users/domin/Desktop/Computerarchitektur/computerarchitektur_arm/external/usr/riscv32-unknown-elf/lib/rv32imac_zicsr_zifencei_zaamo_zalrsc_zba_zbb_zbkb_zbs/ilp32\libc.a(libc_a-freer.o)
                0x100022ac                _free_r
 .text._vfprintf_r
                0x100024cc     0x20b2 C:/Users/domin/Desktop/Computerarchitektur/computerarchitektur_arm/external/usr/riscv32-unknown-elf/lib/rv32imac_zicsr_zifencei_zaamo_zalrsc_zba_zbb_zbkb_zbs/ilp32\libc.a(libc_a-vfprintf.o)
                0x100024cc                _vfprintf_r
 .text.__sbprintf
                0x1000457e       0x90 C:/Users/domin/Desktop/Computerarchitektur/computerarchitektur_arm/external/usr/riscv32-unknown-elf/lib/rv32imac_zicsr_zifencei_zaamo_zalrsc_zba_zbb_zbkb_zbs/ilp32\libc.a(libc_a-vfprintf.o)
 .text.__sprint_r
                0x1000460e       0x24 C:/Users/domin/Desktop/Computerarchitektur/computerarchitektur_arm/external/usr/riscv32-unknown-elf/lib/rv32imac_zicsr_zifencei_zaamo_zalrsc_zba_zbb_zbkb_zbs/ilp32\libc.a(libc_a-sprint_r.o)
                0x1000460e                __sprint_r
 .text.__sflush_r
                0x10004632      0x18c C:/Users/domin/Desktop/Computerarchitektur/computerarchitektur_arm/external/usr/riscv32-unknown-elf/lib/rv32imac_zicsr_zifencei_zaamo_zalrsc_zba_zbb_zbkb_zbs/ilp32\libc.a(libc_a-fflush.o)
                0x10004632                __sflush_r
 .text._fflush_r
                0x100047be       0x3a C:/Users/domin/Desktop/Computerarchitektur/computerarchitektur_arm/external/usr/riscv32-unknown-elf/lib/rv32imac_zicsr_zifencei_zaamo_zalrsc_zba_zbb_zbkb_zbs/ilp32\libc.a(libc_a-fflush.o)
                0x100047be                _fflush_r
 .text.stdio_exit_handler
                0x100047f8       0x1a C:/Users/domin/Desktop/Computerarchitektur/computerarchitektur_arm/external/usr/riscv32-unknown-elf/lib/rv32imac_zicsr_zifencei_zaamo_zalrsc_zba_zbb_zbkb_zbs/ilp32\libc.a(libc_a-findfp.o)
 .text.cleanup_stdio
                0x10004812       0x50 C:/Users/domin/Desktop/Computerarchitektur/computerarchitektur_arm/external/usr/riscv32-unknown-elf/lib/rv32imac_zicsr_zifencei_zaamo_zalrsc_zba_zbb_zbkb_zbs/ilp32\libc.a(libc_a-findfp.o)
 .text.global_stdio_init.part.0
                0x10004862      0x132 C:/Users/domin/Desktop/Computerarchitektur/computerarchitektur_arm/external/usr/riscv32-unknown-elf/lib/rv32imac_zicsr_zifencei_zaamo_zalrsc_zba_zbb_zbkb_zbs/ilp32\libc.a(libc_a-findfp.o)
 .text.__sinit  0x10004994       0x18 C:/Users/domin/Desktop/Computerarchitektur/computerarchitektur_arm/external/usr/riscv32-unknown-elf/lib/rv32imac_zicsr_zifencei_zaamo_zalrsc_zba_zbb_zbkb_zbs/ilp32\libc.a(libc_a-findfp.o)
                0x10004994                __sinit
 .text.__sfp_lock_acquire
                0x100049ac        0x2 C:/Users/domin/Desktop/Computerarchitektur/computerarchitektur_arm/external/usr/riscv32-unknown-elf/lib/rv32imac_zicsr_zifencei_zaamo_zalrsc_zba_zbb_zbkb_zbs/ilp32\libc.a(libc_a-findfp.o)
                0x100049ac                __sfp_lock_acquire
 .text.__sfp_lock_release
                0x100049ae        0x2 C:/Users/domin/Desktop/Computerarchitektur/computerarchitektur_arm/external/usr/riscv32-unknown-elf/lib/rv32imac_zicsr_zifencei_zaamo_zalrsc_zba_zbb_zbkb_zbs/ilp32\libc.a(libc_a-findfp.o)
                0x100049ae                __sfp_lock_release
 .text.__sfvwrite_r
                0x100049b0      0x324 C:/Users/domin/Desktop/Computerarchitektur/computerarchitektur_arm/external/usr/riscv32-unknown-elf/lib/rv32imac_zicsr_zifencei_zaamo_zalrsc_zba_zbb_zbkb_zbs/ilp32\libc.a(libc_a-fvwrite.o)
                0x100049b0                __sfvwrite_r
 .text._fwalk_sglue
                0x10004cd4       0x72 C:/Users/domin/Desktop/Computerarchitektur/computerarchitektur_arm/external/usr/riscv32-unknown-elf/lib/rv32imac_zicsr_zifencei_zaamo_zalrsc_zba_zbb_zbkb_zbs/ilp32\libc.a(libc_a-fwalk.o)
                0x10004cd4                _fwalk_sglue
 .text._putc_r  0x10004d46       0x82 C:/Users/domin/Desktop/Computerarchitektur/computerarchitektur_arm/external/usr/riscv32-unknown-elf/lib/rv32imac_zicsr_zifencei_zaamo_zalrsc_zba_zbb_zbkb_zbs/ilp32\libc.a(libc_a-putc.o)
                0x10004d46                _putc_r
 .text.__sread  0x10004dc8       0x34 C:/Users/domin/Desktop/Computerarchitektur/computerarchitektur_arm/external/usr/riscv32-unknown-elf/lib/rv32imac_zicsr_zifencei_zaamo_zalrsc_zba_zbb_zbkb_zbs/ilp32\libc.a(libc_a-stdio.o)
                0x10004dc8                __sread
 .text.__swrite
                0x10004dfc       0x58 C:/Users/domin/Desktop/Computerarchitektur/computerarchitektur_arm/external/usr/riscv32-unknown-elf/lib/rv32imac_zicsr_zifencei_zaamo_zalrsc_zba_zbb_zbkb_zbs/ilp32\libc.a(libc_a-stdio.o)
                0x10004dfc                __swrite
 .text.__sseek  0x10004e54       0x3a C:/Users/domin/Desktop/Computerarchitektur/computerarchitektur_arm/external/usr/riscv32-unknown-elf/lib/rv32imac_zicsr_zifencei_zaamo_zalrsc_zba_zbb_zbkb_zbs/ilp32\libc.a(libc_a-stdio.o)
                0x10004e54                __sseek
 .text.__sclose
                0x10004e8e        0x6 C:/Users/domin/Desktop/Computerarchitektur/computerarchitektur_arm/external/usr/riscv32-unknown-elf/lib/rv32imac_zicsr_zifencei_zaamo_zalrsc_zba_zbb_zbkb_zbs/ilp32\libc.a(libc_a-stdio.o)
                0x10004e8e                __sclose
 .text.__swbuf_r
                0x10004e94       0xdc C:/Users/domin/Desktop/Computerarchitektur/computerarchitektur_arm/external/usr/riscv32-unknown-elf/lib/rv32imac_zicsr_zifencei_zaamo_zalrsc_zba_zbb_zbkb_zbs/ilp32\libc.a(libc_a-wbuf.o)
                0x10004e94                __swbuf_r
 .text.__swsetup_r
                0x10004f70       0xf4 C:/Users/domin/Desktop/Computerarchitektur/computerarchitektur_arm/external/usr/riscv32-unknown-elf/lib/rv32imac_zicsr_zifencei_zaamo_zalrsc_zba_zbb_zbkb_zbs/ilp32\libc.a(libc_a-wsetup.o)
                0x10004f70                __swsetup_r
 .text.memchr   0x10005064       0x78 C:/Users/domin/Desktop/Computerarchitektur/computerarchitektur_arm/external/usr/riscv32-unknown-elf/lib/rv32imac_zicsr_zifencei_zaamo_zalrsc_zba_zbb_zbkb_zbs/ilp32\libc.a(libc_a-memchr.o)
                0x10005064                memchr
 .text.strncpy  0x100050dc       0x74 C:/Users/domin/Desktop/Computerarchitektur/computerarchitektur_arm/external/usr/riscv32-unknown-elf/lib/rv32imac_zicsr_zifencei_zaamo_zalrsc_zba_zbb_zbkb_zbs/ilp32\libc.a(libc_a-strncpy.o)
                0x100050dc                strncpy
 .text._localeconv_r
                0x10005150        0xa C:/Users/domin/Desktop/Computerarchitektur/computerarchitektur_arm/external/usr/riscv32-unknown-elf/lib/rv32imac_zicsr_zifencei_zaamo_zalrsc_zba_zbb_zbkb_zbs/ilp32\libc.a(libc_a-localeconv.o)
                0x10005150                _localeconv_r
 .text._close_r
                0x1000515a       0x36 C:/Users/domin/Desktop/Computerarchitektur/computerarchitektur_arm/external/usr/riscv32-unknown-elf/lib/rv32imac_zicsr_zifencei_zaamo_zalrsc_zba_zbb_zbkb_zbs/ilp32\libc.a(libc_a-closer.o)
                0x1000515a                _close_r
 .text._lseek_r
                0x10005190       0x3c C:/Users/domin/Desktop/Computerarchitektur/computerarchitektur_arm/external/usr/riscv32-unknown-elf/lib/rv32imac_zicsr_zifencei_zaamo_zalrsc_zba_zbb_zbkb_zbs/ilp32\libc.a(libc_a-lseekr.o)
                0x10005190                _lseek_r
 .text._read_r  0x100051cc       0x3c C:/Users/domin/Desktop/Computerarchitektur/computerarchitektur_arm/external/usr/riscv32-unknown-elf/lib/rv32imac_zicsr_zifencei_zaamo_zalrsc_zba_zbb_zbkb_zbs/ilp32\libc.a(libc_a-readr.o)
                0x100051cc                _read_r
 .text._write_r
                0x10005208       0x3c C:/Users/domin/Desktop/Computerarchitektur/computerarchitektur_arm/external/usr/riscv32-unknown-elf/lib/rv32imac_zicsr_zifencei_zaamo_zalrsc_zba_zbb_zbkb_zbs/ilp32\libc.a(libc_a-writer.o)
                0x10005208                _write_r
 .text.frexpl   0x10005244       0xe6 C:/Users/domin/Desktop/Computerarchitektur/computerarchitektur_arm/external/usr/riscv32-unknown-elf/lib/rv32imac_zicsr_zifencei_zaamo_zalrsc_zba_zbb_zbkb_zbs/ilp32\libc.a(libm_a-frexpl.o)
                0x10005244                frexpl
 .text._ldtoa_r
                0x1000532a      0x1a0 C:/Users/domin/Desktop/Computerarchitektur/computerarchitektur_arm/external/usr/riscv32-unknown-elf/lib/rv32imac_zicsr_zifencei_zaamo_zalrsc_zba_zbb_zbkb_zbs/ilp32\libc.a(libc_a-gdtoa-ldtoa.o)
                0x1000532a                _ldtoa_r
 .text._ldcheck
                0x100054ca       0x9c C:/Users/domin/Desktop/Computerarchitektur/computerarchitektur_arm/external/usr/riscv32-unknown-elf/lib/rv32imac_zicsr_zifencei_zaamo_zalrsc_zba_zbb_zbkb_zbs/ilp32\libc.a(libc_a-gdtoa-ldtoa.o)
                0x100054ca                _ldcheck
 .text.__gdtoa  0x10005566     0x13c8 C:/Users/domin/Desktop/Computerarchitektur/computerarchitektur_arm/external/usr/riscv32-unknown-elf/lib/rv32imac_zicsr_zifencei_zaamo_zalrsc_zba_zbb_zbkb_zbs/ilp32\libc.a(libc_a-gdtoa-gdtoa.o)
                0x10005566                __gdtoa
 .text.__rv_alloc_D2A.part.0
                0x1000692e       0x1e C:/Users/domin/Desktop/Computerarchitektur/computerarchitektur_arm/external/usr/riscv32-unknown-elf/lib/rv32imac_zicsr_zifencei_zaamo_zalrsc_zba_zbb_zbkb_zbs/ilp32\libc.a(libc_a-gdtoa-dmisc.o)
 .text.__rv_alloc_D2A
                0x1000694c       0x3e C:/Users/domin/Desktop/Computerarchitektur/computerarchitektur_arm/external/usr/riscv32-unknown-elf/lib/rv32imac_zicsr_zifencei_zaamo_zalrsc_zba_zbb_zbkb_zbs/ilp32\libc.a(libc_a-gdtoa-dmisc.o)
                0x1000694c                __rv_alloc_D2A
 .text.__nrv_alloc_D2A
                0x1000698a       0x6c C:/Users/domin/Desktop/Computerarchitektur/computerarchitektur_arm/external/usr/riscv32-unknown-elf/lib/rv32imac_zicsr_zifencei_zaamo_zalrsc_zba_zbb_zbkb_zbs/ilp32\libc.a(libc_a-gdtoa-dmisc.o)
                0x1000698a                __nrv_alloc_D2A
 .text.__freedtoa
                0x100069f6        0xc C:/Users/domin/Desktop/Computerarchitektur/computerarchitektur_arm/external/usr/riscv32-unknown-elf/lib/rv32imac_zicsr_zifencei_zaamo_zalrsc_zba_zbb_zbkb_zbs/ilp32\libc.a(libc_a-gdtoa-dmisc.o)
                0x100069f6                __freedtoa
 .text.__quorem_D2A
                0x10006a02      0x134 C:/Users/domin/Desktop/Computerarchitektur/computerarchitektur_arm/external/usr/riscv32-unknown-elf/lib/rv32imac_zicsr_zifencei_zaamo_zalrsc_zba_zbb_zbkb_zbs/ilp32\libc.a(libc_a-gdtoa-dmisc.o)
                0x10006a02                __quorem_D2A
 .text.__rshift_D2A
                0x10006b36       0xa0 C:/Users/domin/Desktop/Computerarchitektur/computerarchitektur_arm/external/usr/riscv32-unknown-elf/lib/rv32imac_zicsr_zifencei_zaamo_zalrsc_zba_zbb_zbkb_zbs/ilp32\libc.a(libc_a-gdtoa-gmisc.o)
                0x10006b36                __rshift_D2A
 .text.__trailz_D2A
                0x10006bd6       0x3e C:/Users/domin/Desktop/Computerarchitektur/computerarchitektur_arm/external/usr/riscv32-unknown-elf/lib/rv32imac_zicsr_zifencei_zaamo_zalrsc_zba_zbb_zbkb_zbs/ilp32\libc.a(libc_a-gdtoa-gmisc.o)
                0x10006bd6                __trailz_D2A
 .text.__ascii_mbtowc
                0x10006c14       0x40 C:/Users/domin/Desktop/Computerarchitektur/computerarchitektur_arm/external/usr/riscv32-unknown-elf/lib/rv32imac_zicsr_zifencei_zaamo_zalrsc_zba_zbb_zbkb_zbs/ilp32\libc.a(libc_a-mbtowc_r.o)
                0x10006c14                __ascii_mbtowc
 .text._Balloc  0x10006c54       0x64 C:/Users/domin/Desktop/Computerarchitektur/computerarchitektur_arm/external/usr/riscv32-unknown-elf/lib/rv32imac_zicsr_zifencei_zaamo_zalrsc_zba_zbb_zbkb_zbs/ilp32\libc.a(libc_a-mprec.o)
                0x10006c54                _Balloc
 .text._Bfree   0x10006cb8       0x12 C:/Users/domin/Desktop/Computerarchitektur/computerarchitektur_arm/external/usr/riscv32-unknown-elf/lib/rv32imac_zicsr_zifencei_zaamo_zalrsc_zba_zbb_zbkb_zbs/ilp32\libc.a(libc_a-mprec.o)
                0x10006cb8                _Bfree
 .text.__multadd
                0x10006cca       0xe0 C:/Users/domin/Desktop/Computerarchitektur/computerarchitektur_arm/external/usr/riscv32-unknown-elf/lib/rv32imac_zicsr_zifencei_zaamo_zalrsc_zba_zbb_zbkb_zbs/ilp32\libc.a(libc_a-mprec.o)
                0x10006cca                __multadd
 .text.__hi0bits
                0x10006daa       0x68 C:/Users/domin/Desktop/Computerarchitektur/computerarchitektur_arm/external/usr/riscv32-unknown-elf/lib/rv32imac_zicsr_zifencei_zaamo_zalrsc_zba_zbb_zbkb_zbs/ilp32\libc.a(libc_a-mprec.o)
                0x10006daa                __hi0bits
 .text.__lo0bits
                0x10006e12       0xa2 C:/Users/domin/Desktop/Computerarchitektur/computerarchitektur_arm/external/usr/riscv32-unknown-elf/lib/rv32imac_zicsr_zifencei_zaamo_zalrsc_zba_zbb_zbkb_zbs/ilp32\libc.a(libc_a-mprec.o)
                0x10006e12                __lo0bits
 .text.__i2b    0x10006eb4       0x7e C:/Users/domin/Desktop/Computerarchitektur/computerarchitektur_arm/external/usr/riscv32-unknown-elf/lib/rv32imac_zicsr_zifencei_zaamo_zalrsc_zba_zbb_zbkb_zbs/ilp32\libc.a(libc_a-mprec.o)
                0x10006eb4                __i2b
 .text.__multiply
                0x10006f32      0x192 C:/Users/domin/Desktop/Computerarchitektur/computerarchitektur_arm/external/usr/riscv32-unknown-elf/lib/rv32imac_zicsr_zifencei_zaamo_zalrsc_zba_zbb_zbkb_zbs/ilp32\libc.a(libc_a-mprec.o)
                0x10006f32                __multiply
 .text.__pow5mult
                0x100070c4       0xe4 C:/Users/domin/Desktop/Computerarchitektur/computerarchitektur_arm/external/usr/riscv32-unknown-elf/lib/rv32imac_zicsr_zifencei_zaamo_zalrsc_zba_zbb_zbkb_zbs/ilp32\libc.a(libc_a-mprec.o)
                0x100070c4                __pow5mult
 .text.__lshift
                0x100071a8      0x10a C:/Users/domin/Desktop/Computerarchitektur/computerarchitektur_arm/external/usr/riscv32-unknown-elf/lib/rv32imac_zicsr_zifencei_zaamo_zalrsc_zba_zbb_zbkb_zbs/ilp32\libc.a(libc_a-mprec.o)
                0x100071a8                __lshift
 .text.__mcmp   0x100072b2       0x3c C:/Users/domin/Desktop/Computerarchitektur/computerarchitektur_arm/external/usr/riscv32-unknown-elf/lib/rv32imac_zicsr_zifencei_zaamo_zalrsc_zba_zbb_zbkb_zbs/ilp32\libc.a(libc_a-mprec.o)
                0x100072b2                __mcmp
 .text.__mdiff  0x100072ee      0x182 C:/Users/domin/Desktop/Computerarchitektur/computerarchitektur_arm/external/usr/riscv32-unknown-elf/lib/rv32imac_zicsr_zifencei_zaamo_zalrsc_zba_zbb_zbkb_zbs/ilp32\libc.a(libc_a-mprec.o)
                0x100072ee                __mdiff
 .text.__b2d    0x10007470       0xd0 C:/Users/domin/Desktop/Computerarchitektur/computerarchitektur_arm/external/usr/riscv32-unknown-elf/lib/rv32imac_zicsr_zifencei_zaamo_zalrsc_zba_zbb_zbkb_zbs/ilp32\libc.a(libc_a-mprec.o)
                0x10007470                __b2d
 .text.__ascii_wctomb
                0x10007540       0x20 C:/Users/domin/Desktop/Computerarchitektur/computerarchitektur_arm/external/usr/riscv32-unknown-elf/lib/rv32imac_zicsr_zifencei_zaamo_zalrsc_zba_zbb_zbkb_zbs/ilp32\libc.a(libc_a-wctomb_r.o)
                0x10007540                __ascii_wctomb
 .text._fclose_r
                0x10007560       0xa8 C:/Users/domin/Desktop/Computerarchitektur/computerarchitektur_arm/external/usr/riscv32-unknown-elf/lib/rv32imac_zicsr_zifencei_zaamo_zalrsc_zba_zbb_zbkb_zbs/ilp32\libc.a(libc_a-fclose.o)
                0x10007560                _fclose_r
 .text.__smakebuf_r
                0x10007608       0xf8 C:/Users/domin/Desktop/Computerarchitektur/computerarchitektur_arm/external/usr/riscv32-unknown-elf/lib/rv32imac_zicsr_zifencei_zaamo_zalrsc_zba_zbb_zbkb_zbs/ilp32\libc.a(libc_a-makebuf.o)
                0x10007608                __smakebuf_r
 .text._fstat_r
                0x10007700       0x3a C:/Users/domin/Desktop/Computerarchitektur/computerarchitektur_arm/external/usr/riscv32-unknown-elf/lib/rv32imac_zicsr_zifencei_zaamo_zalrsc_zba_zbb_zbkb_zbs/ilp32\libc.a(libc_a-fstatr.o)
                0x10007700                _fstat_r
 .text._isatty_r
                0x1000773a       0x36 C:/Users/domin/Desktop/Computerarchitektur/computerarchitektur_arm/external/usr/riscv32-unknown-elf/lib/rv32imac_zicsr_zifencei_zaamo_zalrsc_zba_zbb_zbkb_zbs/ilp32\libc.a(libc_a-isattyr.o)
                0x1000773a                _isatty_r
 *(.fini)
 *crtbegin.o(.ctors)
 *crtbegin?.o(.ctors)
 *(EXCLUDE_FILE(*crtend.o *crtend?.o) .ctors)
 *(SORT_BY_NAME(.ctors.*))
 *(.ctors)
 *crtbegin.o(.dtors)
 *crtbegin?.o(.dtors)
 *(EXCLUDE_FILE(*crtend.o *crtend?.o) .dtors)
 *(SORT_BY_NAME(.dtors.*))
 *(.dtors)
                0x10007770                        . = ALIGN (0x4)
 *fill*         0x10007770        0x0 
                0x10007770                        PROVIDE (__preinit_array_start = .)
 *(SORT_BY_NAME(.preinit_array.*))
 .preinit_array.00050
                0x10007770        0x4 src/CMakeFiles/lab2b.dir/C_/Users/domin/Desktop/Computerarchitektur/computerarchitektur_arm/external/pico-sdk/src/rp2_common/pico_runtime_init/runtime_init.c.obj
                0x10007770                __pre_init_runtime_init_bootrom_reset
 .preinit_array.00100
                0x10007774        0x4 src/CMakeFiles/lab2b.dir/C_/Users/domin/Desktop/Computerarchitektur/computerarchitektur_arm/external/pico-sdk/src/rp2_common/pico_runtime_init/runtime_init.c.obj
                0x10007774                __pre_init_runtime_init_early_resets
 .preinit_array.00101
                0x10007778        0x4 src/CMakeFiles/lab2b.dir/C_/Users/domin/Desktop/Computerarchitektur/computerarchitektur_arm/external/pico-sdk/src/rp2_common/pico_runtime_init/runtime_init.c.obj
                0x10007778                __pre_init_runtime_init_usb_power_down
 .preinit_array.00500
                0x1000777c        0x4 src/CMakeFiles/lab2b.dir/C_/Users/domin/Desktop/Computerarchitektur/computerarchitektur_arm/external/pico-sdk/src/rp2_common/pico_runtime_init/runtime_init.c.obj
                0x1000777c                __pre_init_runtime_init_clocks
 .preinit_array.00600
                0x10007780        0x4 src/CMakeFiles/lab2b.dir/C_/Users/domin/Desktop/Computerarchitektur/computerarchitektur_arm/external/pico-sdk/src/rp2_common/pico_runtime_init/runtime_init.c.obj
                0x10007780                __pre_init_runtime_init_post_clock_resets
 .preinit_array.01000
                0x10007784        0x4 src/CMakeFiles/lab2b.dir/C_/Users/domin/Desktop/Computerarchitektur/computerarchitektur_arm/external/pico-sdk/src/rp2_common/pico_runtime_init/runtime_init.c.obj
                0x10007784                __pre_init_runtime_init_spin_locks_reset
 .preinit_array.01000
                0x10007788        0x4 src/CMakeFiles/lab2b.dir/C_/Users/domin/Desktop/Computerarchitektur/computerarchitektur_arm/external/pico-sdk/src/rp2_common/hardware_boot_lock/boot_lock.c.obj
                0x10007788                __pre_init_runtime_init_boot_locks_reset
 .preinit_array.01010
                0x1000778c        0x4 src/CMakeFiles/lab2b.dir/C_/Users/domin/Desktop/Computerarchitektur/computerarchitektur_arm/external/pico-sdk/src/rp2_common/pico_bootrom/bootrom_lock.c.obj
                0x1000778c                __pre_init_runtime_init_bootrom_locking_enable
 .preinit_array.01100
                0x10007790        0x4 src/CMakeFiles/lab2b.dir/C_/Users/domin/Desktop/Computerarchitektur/computerarchitektur_arm/external/pico-sdk/src/common/pico_sync/mutex.c.obj
                0x10007790                __pre_init_runtime_init_mutex
 .preinit_array.11000
                0x10007794        0x4 src/CMakeFiles/lab2b.dir/C_/Users/domin/Desktop/Computerarchitektur/computerarchitektur_arm/external/pico-sdk/src/common/pico_time/time.c.obj
                0x10007794                __pre_init_runtime_init_default_alarm_pool
 .preinit_array.YYYYY
                0x10007798        0x4 src/CMakeFiles/lab2b.dir/C_/Users/domin/Desktop/Computerarchitektur/computerarchitektur_arm/external/pico-sdk/src/rp2_common/pico_runtime/runtime.c.obj
                0x10007798                __pre_init_first_per_core_initializer
 .preinit_array.ZZZZZ.00051
                0x1000779c        0x4 src/CMakeFiles/lab2b.dir/C_/Users/domin/Desktop/Computerarchitektur/computerarchitektur_arm/external/pico-sdk/src/rp2_common/pico_runtime_init/runtime_init.c.obj
                0x1000779c                __pre_init_runtime_init_per_core_bootrom_reset
 .preinit_array.ZZZZZ.00060
                0x100077a0        0x4 src/CMakeFiles/lab2b.dir/C_/Users/domin/Desktop/Computerarchitektur/computerarchitektur_arm/external/pico-sdk/src/rp2_common/pico_runtime_init/runtime_init.c.obj
                0x100077a0                __pre_init_runtime_init_per_core_h3_irq_registers
 .preinit_array.ZZZZZ.01200
                0x100077a4        0x4 src/CMakeFiles/lab2b.dir/C_/Users/domin/Desktop/Computerarchitektur/computerarchitektur_arm/external/pico-sdk/src/rp2_common/hardware_irq/irq.c.obj
                0x100077a4                __pre_init_runtime_init_per_core_irq_priorities
 *(.preinit_array)
                0x100077a8                        PROVIDE (__preinit_array_end = .)
                0x100077a8                        . = ALIGN (0x4)
                0x100077a8                        PROVIDE (__init_array_start = .)
 *(SORT_BY_NAME(.init_array.*))
 *(.init_array)
 .init_array    0x100077a8        0x4 C:/Users/domin/Desktop/Computerarchitektur/computerarchitektur_arm/external/usr/bin/../lib/gcc/riscv32-unknown-elf/15.1.0/crtbegin.o
                0x100077ac                        PROVIDE (__init_array_end = .)
                0x100077ac                        . = ALIGN (0x4)
                [!provide]                        PROVIDE (__fini_array_start = .)
 *(SORT_BY_NAME(.fini_array.*))
 *(.fini_array)
                [!provide]                        PROVIDE (__fini_array_end = .)
 *(.eh_frame*)
 .eh_frame      0x100077ac        0x0 C:/Users/domin/Desktop/Computerarchitektur/computerarchitektur_arm/external/usr/bin/../lib/gcc/riscv32-unknown-elf/15.1.0/crtbegin.o
                0x100077ac                        . = ALIGN (0x4)

.boot2          0x100077ac        0x0
                0x100077ac                        __boot2_start__ = .
 *(.boot2)
                0x100077ac                        __boot2_end__ = .
                0x00000001                        ASSERT (((__boot2_end__ - __boot2_start__) <= 0x100), ERROR: Pico second stage bootloader must be no more than 256 bytes in size)

.rodata         0x100077b0      0x630
 *(EXCLUDE_FILE(*libm.a: *libc.a:*lib_a-mem*.o *libgcc.a:) .rodata*)
 .rodata.main.str1.4
                0x100077b0      0x1f7 src/CMakeFiles/lab2b.dir/joystick_rgb.c.obj
                                 0x25 (size before relaxing)
 .rodata.hard_assertion_failure.str1.4
                0x100079a7        0x0 src/CMakeFiles/lab2b.dir/C_/Users/domin/Desktop/Computerarchitektur/computerarchitektur_arm/external/pico-sdk/src/rp2_common/pico_runtime/runtime.c.obj
                                  0xc (size before relaxing)
 .rodata.panic.str1.4
                0x100079a7        0x0 src/CMakeFiles/lab2b.dir/C_/Users/domin/Desktop/Computerarchitektur/computerarchitektur_arm/external/pico-sdk/src/rp2_common/pico_platform_panic/panic.c.obj
                                 0x12 (size before relaxing)
 .rodata.timer_hardware_alarm_claim.str1.4
                0x100079a7        0x0 src/CMakeFiles/lab2b.dir/C_/Users/domin/Desktop/Computerarchitektur/computerarchitektur_arm/external/pico-sdk/src/rp2_common/hardware_timer/timer.c.obj
                                 0x22 (size before relaxing)
 .rodata.str1.4
                0x100079a7        0x0 src/CMakeFiles/lab2b.dir/C_/Users/domin/Desktop/Computerarchitektur/computerarchitektur_arm/external/pico-sdk/src/rp2_common/pico_standard_binary_info/standard_binary_info.c.obj
                                 0x50 (size before relaxing)
 *fill*         0x100079a7        0x1 
 .rodata.__bi_84
                0x100079a8        0xc src/CMakeFiles/lab2b.dir/C_/Users/domin/Desktop/Computerarchitektur/computerarchitektur_arm/external/pico-sdk/src/rp2_common/pico_standard_binary_info/standard_binary_info.c.obj
 .rodata.__bi_78
                0x100079b4        0xc src/CMakeFiles/lab2b.dir/C_/Users/domin/Desktop/Computerarchitektur/computerarchitektur_arm/external/pico-sdk/src/rp2_common/pico_standard_binary_info/standard_binary_info.c.obj
 .rodata.__bi_54
                0x100079c0        0xc src/CMakeFiles/lab2b.dir/C_/Users/domin/Desktop/Computerarchitektur/computerarchitektur_arm/external/pico-sdk/src/rp2_common/pico_standard_binary_info/standard_binary_info.c.obj
 .rodata.__bi_48
                0x100079cc        0xc src/CMakeFiles/lab2b.dir/C_/Users/domin/Desktop/Computerarchitektur/computerarchitektur_arm/external/pico-sdk/src/rp2_common/pico_standard_binary_info/standard_binary_info.c.obj
 .rodata.__bi_42
                0x100079d8        0xc src/CMakeFiles/lab2b.dir/C_/Users/domin/Desktop/Computerarchitektur/computerarchitektur_arm/external/pico-sdk/src/rp2_common/pico_standard_binary_info/standard_binary_info.c.obj
 .rodata.__bi_34
                0x100079e4        0xc src/CMakeFiles/lab2b.dir/C_/Users/domin/Desktop/Computerarchitektur/computerarchitektur_arm/external/pico-sdk/src/rp2_common/pico_standard_binary_info/standard_binary_info.c.obj
 .rodata.__bi_26
                0x100079f0        0xc src/CMakeFiles/lab2b.dir/C_/Users/domin/Desktop/Computerarchitektur/computerarchitektur_arm/external/pico-sdk/src/rp2_common/pico_standard_binary_info/standard_binary_info.c.obj
 .rodata.__assert_func.str1.4
                0x100079fc        0x0 src/CMakeFiles/lab2b.dir/C_/Users/domin/Desktop/Computerarchitektur/computerarchitektur_arm/external/pico-sdk/src/rp2_common/pico_clib_interface/newlib_interface.c.obj
                                 0x43 (size before relaxing)
 .rodata._puts_r.str1.4
                0x100079fc        0x0 C:/Users/domin/Desktop/Computerarchitektur/computerarchitektur_arm/external/usr/riscv32-unknown-elf/lib/rv32imac_zicsr_zifencei_zaamo_zalrsc_zba_zbb_zbkb_zbs/ilp32\libc.a(libc_a-puts.o)
                                  0x2 (size before relaxing)
 .rodata._ctype_
                0x100079fc      0x101 C:/Users/domin/Desktop/Computerarchitektur/computerarchitektur_arm/external/usr/riscv32-unknown-elf/lib/rv32imac_zicsr_zifencei_zaamo_zalrsc_zba_zbb_zbkb_zbs/ilp32\libc.a(libc_a-ctype_.o)
                0x100079fc                _ctype_
 .rodata._vfprintf_r.str1.4
                0x10007afd        0x0 C:/Users/domin/Desktop/Computerarchitektur/computerarchitektur_arm/external/usr/riscv32-unknown-elf/lib/rv32imac_zicsr_zifencei_zaamo_zalrsc_zba_zbb_zbkb_zbs/ilp32\libc.a(libc_a-vfprintf.o)
                                 0x42 (size before relaxing)
 *fill*         0x10007afd        0x3 
 .rodata._vfprintf_r
                0x10007b00      0x16c C:/Users/domin/Desktop/Computerarchitektur/computerarchitektur_arm/external/usr/riscv32-unknown-elf/lib/rv32imac_zicsr_zifencei_zaamo_zalrsc_zba_zbb_zbkb_zbs/ilp32\libc.a(libc_a-vfprintf.o)
 .rodata.zeroes.0
                0x10007c6c       0x10 C:/Users/domin/Desktop/Computerarchitektur/computerarchitektur_arm/external/usr/riscv32-unknown-elf/lib/rv32imac_zicsr_zifencei_zaamo_zalrsc_zba_zbb_zbkb_zbs/ilp32\libc.a(libc_a-vfprintf.o)
 .rodata.blanks.1
                0x10007c7c       0x10 C:/Users/domin/Desktop/Computerarchitektur/computerarchitektur_arm/external/usr/riscv32-unknown-elf/lib/rv32imac_zicsr_zifencei_zaamo_zalrsc_zba_zbb_zbkb_zbs/ilp32\libc.a(libc_a-vfprintf.o)
 .rodata._setlocale_r.str1.4
                0x10007c8c        0x0 C:/Users/domin/Desktop/Computerarchitektur/computerarchitektur_arm/external/usr/riscv32-unknown-elf/lib/rv32imac_zicsr_zifencei_zaamo_zalrsc_zba_zbb_zbkb_zbs/ilp32\libc.a(libc_a-locale.o)
                                  0xd (size before relaxing)
 .rodata.str1.4
                0x10007c8c        0x0 C:/Users/domin/Desktop/Computerarchitektur/computerarchitektur_arm/external/usr/riscv32-unknown-elf/lib/rv32imac_zicsr_zifencei_zaamo_zalrsc_zba_zbb_zbkb_zbs/ilp32\libc.a(libc_a-locale.o)
                                  0x2 (size before relaxing)
 .rodata        0x10007c8c       0x14 C:/Users/domin/Desktop/Computerarchitektur/computerarchitektur_arm/external/usr/riscv32-unknown-elf/lib/rv32imac_zicsr_zifencei_zaamo_zalrsc_zba_zbb_zbkb_zbs/ilp32\libc.a(libc_a-gdtoa-ldtoa.o)
 .rodata.__gdtoa.str1.4
                0x10007ca0        0x0 C:/Users/domin/Desktop/Computerarchitektur/computerarchitektur_arm/external/usr/riscv32-unknown-elf/lib/rv32imac_zicsr_zifencei_zaamo_zalrsc_zba_zbb_zbkb_zbs/ilp32\libc.a(libc_a-gdtoa-gdtoa.o)
                                 0x12 (size before relaxing)
 .rodata.__rv_alloc_D2A.part.0.str1.4
                0x10007ca0        0x0 C:/Users/domin/Desktop/Computerarchitektur/computerarchitektur_arm/external/usr/riscv32-unknown-elf/lib/rv32imac_zicsr_zifencei_zaamo_zalrsc_zba_zbb_zbkb_zbs/ilp32\libc.a(libc_a-gdtoa-dmisc.o)
                                 0x59 (size before relaxing)
 .rodata.__multadd.str1.4
                0x10007ca0        0x0 C:/Users/domin/Desktop/Computerarchitektur/computerarchitektur_arm/external/usr/riscv32-unknown-elf/lib/rv32imac_zicsr_zifencei_zaamo_zalrsc_zba_zbb_zbkb_zbs/ilp32\libc.a(libc_a-mprec.o)
                                 0x53 (size before relaxing)
 .rodata.p05.0  0x10007ca0        0xc C:/Users/domin/Desktop/Computerarchitektur/computerarchitektur_arm/external/usr/riscv32-unknown-elf/lib/rv32imac_zicsr_zifencei_zaamo_zalrsc_zba_zbb_zbkb_zbs/ilp32\libc.a(libc_a-mprec.o)
 *fill*         0x10007cac        0x4 
 .rodata.__mprec_tens
                0x10007cb0       0xc8 C:/Users/domin/Desktop/Computerarchitektur/computerarchitektur_arm/external/usr/riscv32-unknown-elf/lib/rv32imac_zicsr_zifencei_zaamo_zalrsc_zba_zbb_zbkb_zbs/ilp32\libc.a(libc_a-mprec.o)
                0x10007cb0                __mprec_tens
 *(.srodata*)
 .srodata.cst4  0x10007d78        0x4 src/CMakeFiles/lab2b.dir/joystick_rgb.c.obj
 *fill*         0x10007d7c        0x4 
 .srodata.cst8  0x10007d80       0x60 C:/Users/domin/Desktop/Computerarchitektur/computerarchitektur_arm/external/usr/riscv32-unknown-elf/lib/rv32imac_zicsr_zifencei_zaamo_zalrsc_zba_zbb_zbkb_zbs/ilp32\libc.a(libc_a-gdtoa-gdtoa.o)
                0x10007de0                        . = ALIGN (0x4)
 *(SORT_BY_ALIGNMENT(SORT_BY_NAME(.flashdata*)))
                0x10007de0                        . = ALIGN (0x4)

.ARM.extab
 *(.ARM.extab* .gnu.linkonce.armextab.*)
                0x10007de0                        __exidx_start = .

.ARM.exidx
 *(.ARM.exidx* .gnu.linkonce.armexidx.*)
                0x10007de0                        __exidx_end = .
                0x10007de0                        . = ALIGN (0x4)
                0x10007de0                        __binary_info_start = .

.binary_info    0x10007de0       0x1c
 *(.binary_info.keep.*)
 .binary_info.keep.__bi_ptr84
                0x10007de0        0x4 src/CMakeFiles/lab2b.dir/C_/Users/domin/Desktop/Computerarchitektur/computerarchitektur_arm/external/pico-sdk/src/rp2_common/pico_standard_binary_info/standard_binary_info.c.obj
 .binary_info.keep.__bi_ptr78
                0x10007de4        0x4 src/CMakeFiles/lab2b.dir/C_/Users/domin/Desktop/Computerarchitektur/computerarchitektur_arm/external/pico-sdk/src/rp2_common/pico_standard_binary_info/standard_binary_info.c.obj
 .binary_info.keep.__bi_ptr54
                0x10007de8        0x4 src/CMakeFiles/lab2b.dir/C_/Users/domin/Desktop/Computerarchitektur/computerarchitektur_arm/external/pico-sdk/src/rp2_common/pico_standard_binary_info/standard_binary_info.c.obj
 .binary_info.keep.__bi_ptr48
                0x10007dec        0x4 src/CMakeFiles/lab2b.dir/C_/Users/domin/Desktop/Computerarchitektur/computerarchitektur_arm/external/pico-sdk/src/rp2_common/pico_standard_binary_info/standard_binary_info.c.obj
 .binary_info.keep.__bi_ptr42
                0x10007df0        0x4 src/CMakeFiles/lab2b.dir/C_/Users/domin/Desktop/Computerarchitektur/computerarchitektur_arm/external/pico-sdk/src/rp2_common/pico_standard_binary_info/standard_binary_info.c.obj
 .binary_info.keep.__bi_ptr34
                0x10007df4        0x4 src/CMakeFiles/lab2b.dir/C_/Users/domin/Desktop/Computerarchitektur/computerarchitektur_arm/external/pico-sdk/src/rp2_common/pico_standard_binary_info/standard_binary_info.c.obj
 .binary_info.keep.__bi_ptr26
                0x10007df8        0x4 src/CMakeFiles/lab2b.dir/C_/Users/domin/Desktop/Computerarchitektur/computerarchitektur_arm/external/pico-sdk/src/rp2_common/pico_standard_binary_info/standard_binary_info.c.obj
 *(.binary_info.*)
                0x10007dfc                        __binary_info_end = .
                0x10007dfc                        . = ALIGN (0x4)

.ram_vector_table
 *(.ram_vector_table)

.uninitialized_data
                0x20000000        0x0
                0x20000000                        . = ALIGN (0x4)
 *(.uninitialized_data*)

.data           0x20000000     0x3dd8 load address 0x10007dfc
                0x20000000                        __data_start__ = .
 *(vtable)
 *(.time_critical*)
 *(.text*)
 .text          0x20000000      0x57e C:/Users/domin/Desktop/Computerarchitektur/computerarchitektur_arm/external/usr/lib/gcc/riscv32-unknown-elf/15.1.0/rv32imac_zicsr_zifencei_zaamo_zalrsc_zba_zbb_zbkb_zbs/ilp32\libgcc.a(adddf3.o)
                0x20000000                __adddf3
 .text          0x2000057e      0x4ba C:/Users/domin/Desktop/Computerarchitektur/computerarchitektur_arm/external/usr/lib/gcc/riscv32-unknown-elf/15.1.0/rv32imac_zicsr_zifencei_zaamo_zalrsc_zba_zbb_zbkb_zbs/ilp32\libgcc.a(divdf3.o)
                0x2000057e                __divdf3
 .text          0x20000a38       0xb6 C:/Users/domin/Desktop/Computerarchitektur/computerarchitektur_arm/external/usr/lib/gcc/riscv32-unknown-elf/15.1.0/rv32imac_zicsr_zifencei_zaamo_zalrsc_zba_zbb_zbkb_zbs/ilp32\libgcc.a(gedf2.o)
                0x20000a38                __gedf2
                0x20000a38                __gtdf2
 .text          0x20000aee       0xb6 C:/Users/domin/Desktop/Computerarchitektur/computerarchitektur_arm/external/usr/lib/gcc/riscv32-unknown-elf/15.1.0/rv32imac_zicsr_zifencei_zaamo_zalrsc_zba_zbb_zbkb_zbs/ilp32\libgcc.a(ledf2.o)
                0x20000aee                __ledf2
                0x20000aee                __ltdf2
 .text          0x20000ba4      0x420 C:/Users/domin/Desktop/Computerarchitektur/computerarchitektur_arm/external/usr/lib/gcc/riscv32-unknown-elf/15.1.0/rv32imac_zicsr_zifencei_zaamo_zalrsc_zba_zbb_zbkb_zbs/ilp32\libgcc.a(muldf3.o)
                0x20000ba4                __muldf3
 .text          0x20000fc4      0x592 C:/Users/domin/Desktop/Computerarchitektur/computerarchitektur_arm/external/usr/lib/gcc/riscv32-unknown-elf/15.1.0/rv32imac_zicsr_zifencei_zaamo_zalrsc_zba_zbb_zbkb_zbs/ilp32\libgcc.a(subdf3.o)
                0x20000fc4                __subdf3
 .text          0x20001556       0x60 C:/Users/domin/Desktop/Computerarchitektur/computerarchitektur_arm/external/usr/lib/gcc/riscv32-unknown-elf/15.1.0/rv32imac_zicsr_zifencei_zaamo_zalrsc_zba_zbb_zbkb_zbs/ilp32\libgcc.a(fixdfsi.o)
                0x20001556                __fixdfsi
 .text          0x200015b6       0x50 C:/Users/domin/Desktop/Computerarchitektur/computerarchitektur_arm/external/usr/lib/gcc/riscv32-unknown-elf/15.1.0/rv32imac_zicsr_zifencei_zaamo_zalrsc_zba_zbb_zbkb_zbs/ilp32\libgcc.a(floatsidf.o)
                0x200015b6                __floatsidf
 .text          0x20001606       0x9a C:/Users/domin/Desktop/Computerarchitektur/computerarchitektur_arm/external/usr/lib/gcc/riscv32-unknown-elf/15.1.0/rv32imac_zicsr_zifencei_zaamo_zalrsc_zba_zbb_zbkb_zbs/ilp32\libgcc.a(floatsisf.o)
                0x20001606                __floatsisf
 .text          0x200016a0       0x7e C:/Users/domin/Desktop/Computerarchitektur/computerarchitektur_arm/external/usr/lib/gcc/riscv32-unknown-elf/15.1.0/rv32imac_zicsr_zifencei_zaamo_zalrsc_zba_zbb_zbkb_zbs/ilp32\libgcc.a(extendsfdf2.o)
                0x200016a0                __extendsfdf2
 .text          0x2000171e       0x68 C:/Users/domin/Desktop/Computerarchitektur/computerarchitektur_arm/external/usr/lib/gcc/riscv32-unknown-elf/15.1.0/rv32imac_zicsr_zifencei_zaamo_zalrsc_zba_zbb_zbkb_zbs/ilp32\libgcc.a(eqdf2.o)
                0x2000171e                __nedf2
                0x2000171e                __eqdf2
 .text          0x20001786       0xba C:/Users/domin/Desktop/Computerarchitektur/computerarchitektur_arm/external/usr/lib/gcc/riscv32-unknown-elf/15.1.0/rv32imac_zicsr_zifencei_zaamo_zalrsc_zba_zbb_zbkb_zbs/ilp32\libgcc.a(eqtf2.o)
                0x20001786                __netf2
                0x20001786                __eqtf2
 .text          0x20001840       0xee C:/Users/domin/Desktop/Computerarchitektur/computerarchitektur_arm/external/usr/lib/gcc/riscv32-unknown-elf/15.1.0/rv32imac_zicsr_zifencei_zaamo_zalrsc_zba_zbb_zbkb_zbs/ilp32\libgcc.a(getf2.o)
                0x20001840                __gttf2
                0x20001840                __getf2
 .text          0x2000192e       0xee C:/Users/domin/Desktop/Computerarchitektur/computerarchitektur_arm/external/usr/lib/gcc/riscv32-unknown-elf/15.1.0/rv32imac_zicsr_zifencei_zaamo_zalrsc_zba_zbb_zbkb_zbs/ilp32\libgcc.a(letf2.o)
                0x2000192e                __lttf2
                0x2000192e                __letf2
 .text          0x20001a1c      0xa82 C:/Users/domin/Desktop/Computerarchitektur/computerarchitektur_arm/external/usr/lib/gcc/riscv32-unknown-elf/15.1.0/rv32imac_zicsr_zifencei_zaamo_zalrsc_zba_zbb_zbkb_zbs/ilp32\libgcc.a(multf3.o)
                0x20001a1c                __multf3
 .text          0x2000249e      0xd7e C:/Users/domin/Desktop/Computerarchitektur/computerarchitektur_arm/external/usr/lib/gcc/riscv32-unknown-elf/15.1.0/rv32imac_zicsr_zifencei_zaamo_zalrsc_zba_zbb_zbkb_zbs/ilp32\libgcc.a(subtf3.o)
                0x2000249e                __subtf3
 .text          0x2000321c       0x62 C:/Users/domin/Desktop/Computerarchitektur/computerarchitektur_arm/external/usr/lib/gcc/riscv32-unknown-elf/15.1.0/rv32imac_zicsr_zifencei_zaamo_zalrsc_zba_zbb_zbkb_zbs/ilp32\libgcc.a(unordtf2.o)
                0x2000321c                __unordtf2
 .text          0x2000327e       0x98 C:/Users/domin/Desktop/Computerarchitektur/computerarchitektur_arm/external/usr/lib/gcc/riscv32-unknown-elf/15.1.0/rv32imac_zicsr_zifencei_zaamo_zalrsc_zba_zbb_zbkb_zbs/ilp32\libgcc.a(fixtfsi.o)
                0x2000327e                __fixtfsi
 .text          0x20003316       0xb4 C:/Users/domin/Desktop/Computerarchitektur/computerarchitektur_arm/external/usr/lib/gcc/riscv32-unknown-elf/15.1.0/rv32imac_zicsr_zifencei_zaamo_zalrsc_zba_zbb_zbkb_zbs/ilp32\libgcc.a(floatsitf.o)
                0x20003316                __floatsitf
 .text          0x200033ca      0x142 C:/Users/domin/Desktop/Computerarchitektur/computerarchitektur_arm/external/usr/lib/gcc/riscv32-unknown-elf/15.1.0/rv32imac_zicsr_zifencei_zaamo_zalrsc_zba_zbb_zbkb_zbs/ilp32\libgcc.a(extenddftf2.o)
                0x200033ca                __extenddftf2
                0x2000350c                        . = ALIGN (0x4)
 *(.rodata*)
 .rodata        0x2000350c       0x3c C:/Users/domin/Desktop/Computerarchitektur/computerarchitektur_arm/external/usr/lib/gcc/riscv32-unknown-elf/15.1.0/rv32imac_zicsr_zifencei_zaamo_zalrsc_zba_zbb_zbkb_zbs/ilp32\libgcc.a(divdf3.o)
                0x20003548                        . = ALIGN (0x4)
 *(.data*)
 .data.default_alarm_pool
                0x20003548       0x18 src/CMakeFiles/lab2b.dir/C_/Users/domin/Desktop/Computerarchitektur/computerarchitektur_arm/external/pico-sdk/src/common/pico_time/time.c.obj
 *fill*         0x20003560       0x20 
 .data          0x20003580      0x1a8 src/CMakeFiles/lab2b.dir/C_/Users/domin/Desktop/Computerarchitektur/computerarchitektur_arm/external/pico-sdk/src/rp2_common/pico_crt0/crt0_riscv.S.obj
                0x20003580                __VECTOR_TABLE
                0x20003580                __vectors
                0x200035ac                isr_riscv_machine_external_irq
                0x20003650                __soft_vector_table
                0x20003720                isr_riscv_machine_timer
                0x20003720                __default_isrs_start
                0x20003720                isr_riscv_machine_exception
                0x20003722                isr_riscv_machine_soft_irq
                0x20003724                isr_irqIRQN
                0x20003724                __unhandled_user_irq
                0x20003724                unhandled_user_irq_num_in_a0
                0x20003728                __default_isrs_end
 .data.__malloc_av_
                0x20003728      0x408 C:/Users/domin/Desktop/Computerarchitektur/computerarchitektur_arm/external/usr/riscv32-unknown-elf/lib/rv32imac_zicsr_zifencei_zaamo_zalrsc_zba_zbb_zbkb_zbs/ilp32\libc.a(libc_a-mallocr.o)
                0x20003728                __malloc_av_
 .data._impure_data
                0x20003b30      0x120 C:/Users/domin/Desktop/Computerarchitektur/computerarchitektur_arm/external/usr/riscv32-unknown-elf/lib/rv32imac_zicsr_zifencei_zaamo_zalrsc_zba_zbb_zbkb_zbs/ilp32\libc.a(libc_a-impure.o)
                0x20003b30                _impure_data
 .data.__sglue  0x20003c50        0xc C:/Users/domin/Desktop/Computerarchitektur/computerarchitektur_arm/external/usr/riscv32-unknown-elf/lib/rv32imac_zicsr_zifencei_zaamo_zalrsc_zba_zbb_zbkb_zbs/ilp32\libc.a(libc_a-findfp.o)
                0x20003c50                __sglue
 .data.__global_locale
                0x20003c5c      0x16c C:/Users/domin/Desktop/Computerarchitektur/computerarchitektur_arm/external/usr/riscv32-unknown-elf/lib/rv32imac_zicsr_zifencei_zaamo_zalrsc_zba_zbb_zbkb_zbs/ilp32\libc.a(libc_a-locale.o)
                0x20003c5c                __global_locale
 *(.sdata*)
 .sdata.striped_spin_lock_num
                0x20003dc8        0x1 src/CMakeFiles/lab2b.dir/C_/Users/domin/Desktop/Computerarchitektur/computerarchitektur_arm/external/pico-sdk/src/rp2_common/hardware_sync/sync.c.obj
 *fill*         0x20003dc9        0x3 
 .sdata.__malloc_sbrk_base
                0x20003dcc        0x4 C:/Users/domin/Desktop/Computerarchitektur/computerarchitektur_arm/external/usr/riscv32-unknown-elf/lib/rv32imac_zicsr_zifencei_zaamo_zalrsc_zba_zbb_zbkb_zbs/ilp32\libc.a(libc_a-mallocr.o)
                0x20003dcc                __malloc_sbrk_base
 .sdata.__malloc_trim_threshold
                0x20003dd0        0x4 C:/Users/domin/Desktop/Computerarchitektur/computerarchitektur_arm/external/usr/riscv32-unknown-elf/lib/rv32imac_zicsr_zifencei_zaamo_zalrsc_zba_zbb_zbkb_zbs/ilp32\libc.a(libc_a-mallocr.o)
                0x20003dd0                __malloc_trim_threshold
 .sdata._impure_ptr
                0x20003dd4        0x4 C:/Users/domin/Desktop/Computerarchitektur/computerarchitektur_arm/external/usr/riscv32-unknown-elf/lib/rv32imac_zicsr_zifencei_zaamo_zalrsc_zba_zbb_zbkb_zbs/ilp32\libc.a(libc_a-impure.o)
                0x20003dd4                _impure_ptr
                0x20003dd8                        . = ALIGN (0x4)
 *(.after_data.*)
                0x20003dd8                        . = ALIGN (0x4)
                0x20003dd8                        PROVIDE (__mutex_array_start = .)
 *(SORT_BY_NAME(.mutex_array.*))
 *(.mutex_array)
                0x20003dd8                        PROVIDE (__mutex_array_end = .)
 *(.jcr)
                0x20003dd8                        . = ALIGN (0x4)

.tdata          0x20003dd8        0x0 load address 0x1000bbd4
                0x20003dd8                        . = ALIGN (0x4)
 *(.tdata .tdata.* .gnu.linkonce.td.*)
                0x20003dd8                        __tdata_end = .
                0x20003dd8                        PROVIDE (__data_end__ = .)
                0x10007dfc                        __etext = LOADADDR (.data)

.tbss           0x20003dd8        0x0 load address 0x1000bbd4
                0x20003dd8                        . = ALIGN (0x4)
                0x20003dd8                        __bss_start__ = .
                0x20003dd8                        __tls_base = .
 *(.tbss .tbss.* .gnu.linkonce.tb.*)
 *(.tcommon)
                0x20003dd8                        __tls_end = .

.bss            0x20003dd8      0x388 load address 0x1000bbd4
                0x20003dd8                        . = ALIGN (0x4)
                0x20003dd8                        __tbss_end = .
 *(SORT_BY_ALIGNMENT(SORT_BY_NAME(.bss*)))
 .bss.default_alarm_pool_entries
                0x20003dd8      0x180 src/CMakeFiles/lab2b.dir/C_/Users/domin/Desktop/Computerarchitektur/computerarchitektur_arm/external/pico-sdk/src/common/pico_time/time.c.obj
 .bss           0x20003f58       0x1c C:/Users/domin/Desktop/Computerarchitektur/computerarchitektur_arm/external/usr/bin/../lib/gcc/riscv32-unknown-elf/15.1.0/crtbegin.o
 .bss.__malloc_current_mallinfo
                0x20003f74       0x28 C:/Users/domin/Desktop/Computerarchitektur/computerarchitektur_arm/external/usr/riscv32-unknown-elf/lib/rv32imac_zicsr_zifencei_zaamo_zalrsc_zba_zbb_zbkb_zbs/ilp32\libc.a(libc_a-mallocr.o)
                0x20003f74                __malloc_current_mallinfo
 .bss.__sf      0x20003f9c      0x138 C:/Users/domin/Desktop/Computerarchitektur/computerarchitektur_arm/external/usr/riscv32-unknown-elf/lib/rv32imac_zicsr_zifencei_zaamo_zalrsc_zba_zbb_zbkb_zbs/ilp32\libc.a(libc_a-findfp.o)
                0x20003f9c                __sf
 .bss._sw_spin_locks
                0x200040d4       0x20 src/CMakeFiles/lab2b.dir/C_/Users/domin/Desktop/Computerarchitektur/computerarchitektur_arm/external/pico-sdk/src/rp2_common/hardware_sync_spin_lock/sync_spin_lock.c.obj
                0x200040d4                _sw_spin_locks
 .bss.configured_freq
                0x200040f4       0x28 src/CMakeFiles/lab2b.dir/C_/Users/domin/Desktop/Computerarchitektur/computerarchitektur_arm/external/pico-sdk/src/rp2_common/hardware_clocks/clocks.c.obj
 .bss.pools     0x2000411c       0x20 src/CMakeFiles/lab2b.dir/C_/Users/domin/Desktop/Computerarchitektur/computerarchitektur_arm/external/pico-sdk/src/common/pico_time/time.c.obj
 *(COMMON)
                0x2000493c                        PROVIDE (__global_pointer$ = (. + 0x800))
 *(.sbss*)
 .sbss.sleep_notifier
                0x2000413c        0x4 src/CMakeFiles/lab2b.dir/C_/Users/domin/Desktop/Computerarchitektur/computerarchitektur_arm/external/pico-sdk/src/common/pico_time/time.c.obj
 .sbss.claimed  0x20004140        0x2 src/CMakeFiles/lab2b.dir/C_/Users/domin/Desktop/Computerarchitektur/computerarchitektur_arm/external/pico-sdk/src/rp2_common/hardware_timer/timer.c.obj
 *fill*         0x20004142        0x2 
 .sbss.lazy_vsnprintf
                0x20004144        0x4 src/CMakeFiles/lab2b.dir/C_/Users/domin/Desktop/Computerarchitektur/computerarchitektur_arm/external/pico-sdk/src/rp2_common/pico_printf/printf.c.obj
 .sbss.heap_end.0
                0x20004148        0x4 src/CMakeFiles/lab2b.dir/C_/Users/domin/Desktop/Computerarchitektur/computerarchitektur_arm/external/pico-sdk/src/rp2_common/pico_clib_interface/newlib_interface.c.obj
 .sbss.__malloc_max_total_mem
                0x2000414c        0x4 C:/Users/domin/Desktop/Computerarchitektur/computerarchitektur_arm/external/usr/riscv32-unknown-elf/lib/rv32imac_zicsr_zifencei_zaamo_zalrsc_zba_zbb_zbkb_zbs/ilp32\libc.a(libc_a-mallocr.o)
                0x2000414c                __malloc_max_total_mem
 .sbss.__malloc_max_sbrked_mem
                0x20004150        0x4 C:/Users/domin/Desktop/Computerarchitektur/computerarchitektur_arm/external/usr/riscv32-unknown-elf/lib/rv32imac_zicsr_zifencei_zaamo_zalrsc_zba_zbb_zbkb_zbs/ilp32\libc.a(libc_a-mallocr.o)
                0x20004150                __malloc_max_sbrked_mem
 .sbss.__malloc_top_pad
                0x20004154        0x4 C:/Users/domin/Desktop/Computerarchitektur/computerarchitektur_arm/external/usr/riscv32-unknown-elf/lib/rv32imac_zicsr_zifencei_zaamo_zalrsc_zba_zbb_zbkb_zbs/ilp32\libc.a(libc_a-mallocr.o)
                0x20004154                __malloc_top_pad
 .sbss.__stdio_exit_handler
                0x20004158        0x4 C:/Users/domin/Desktop/Computerarchitektur/computerarchitektur_arm/external/usr/riscv32-unknown-elf/lib/rv32imac_zicsr_zifencei_zaamo_zalrsc_zba_zbb_zbkb_zbs/ilp32\libc.a(libc_a-findfp.o)
                0x20004158                __stdio_exit_handler
 .sbss.errno    0x2000415c        0x4 C:/Users/domin/Desktop/Computerarchitektur/computerarchitektur_arm/external/usr/riscv32-unknown-elf/lib/rv32imac_zicsr_zifencei_zaamo_zalrsc_zba_zbb_zbkb_zbs/ilp32\libc.a(libc_a-reent.o)
                0x2000415c                errno
                0x20004160                        . = ALIGN (0x4)
                0x20004160                        __bss_end__ = .

.heap           0x20004160      0x800 load address 0x1000bbd4
                0x20004160                        __end__ = .
                0x20004160                        end = __end__
 *(.heap*)
 .heap          0x20004160      0x800 src/CMakeFiles/lab2b.dir/C_/Users/domin/Desktop/Computerarchitektur/computerarchitektur_arm/external/pico-sdk/src/rp2_common/pico_crt0/crt0_riscv.S.obj
                0x20080000                        __HeapLimit = (ORIGIN (RAM) + LENGTH (RAM))

.scratch_x      0x20080000        0x0 load address 0x1000bbd4
                0x20080000                        __scratch_x_start__ = .
 *(.scratch_x.*)
                0x20080000                        . = ALIGN (0x4)
                0x20080000                        __scratch_x_end__ = .
                0x1000bbd4                        __scratch_x_source__ = LOADADDR (.scratch_x)

.scratch_y      0x20081000        0x0 load address 0x1000bbd4
                0x20081000                        __scratch_y_start__ = .
 *(.scratch_y.*)
                0x20081000                        . = ALIGN (0x4)
                0x20081000                        __scratch_y_end__ = .
                0x1000bbd4                        __scratch_y_source__ = LOADADDR (.scratch_y)

.stack1_dummy
 *(.stack1*)

.stack_dummy    0x20081000      0x800
 *(.stack*)
 .stack         0x20081000      0x800 src/CMakeFiles/lab2b.dir/C_/Users/domin/Desktop/Computerarchitektur/computerarchitektur_arm/external/pico-sdk/src/rp2_common/pico_crt0/crt0_riscv.S.obj

.flash_end      0x1000bbd4       0x14
 *(.embedded_end_block*)
 .embedded_end_block
                0x1000bbd4       0x14 src/CMakeFiles/lab2b.dir/C_/Users/domin/Desktop/Computerarchitektur/computerarchitektur_arm/external/pico-sdk/src/rp2_common/pico_crt0/crt0_riscv.S.obj
                0x1000bbe8                        PROVIDE (__flash_binary_end = .)
                0x20080000                        __StackLimit = (ORIGIN (RAM) + LENGTH (RAM))
                0x20081000                        __StackOneTop = (ORIGIN (SCRATCH_X) + LENGTH (SCRATCH_X))
                0x20082000                        __StackTop = (ORIGIN (SCRATCH_Y) + LENGTH (SCRATCH_Y))
                0x20081000                        __StackOneBottom = (__StackOneTop - SIZEOF (.stack1_dummy))
                0x20081800                        __StackBottom = (__StackTop - SIZEOF (.stack_dummy))
                [!provide]                        PROVIDE (__stack = __StackTop)
                [!provide]                        PROVIDE (__heap_start = __end__)
                [!provide]                        PROVIDE (__heap_end = __HeapLimit)
                [!provide]                        PROVIDE (__tls_align = MAX (ALIGNOF (.tdata), ALIGNOF (.tbss)))
                [!provide]                        PROVIDE (__tls_size_align = (((__tls_size + __tls_align) - 0x1) & ~ ((__tls_align - 0x1))))
                [!provide]                        PROVIDE (__arm32_tls_tcb_offset = MAX (0x8, __tls_align))
                0x20004160                        PROVIDE (_end = __end__)
                [!provide]                        PROVIDE (__llvm_libc_heap_limit = __HeapLimit)
                0x00000001                        ASSERT ((__StackLimit >= __HeapLimit), region RAM overflowed)
                0x00000001                        ASSERT (((__binary_info_header_end - __logical_binary_start) <= 0x400), Binary info must be in first 1024 bytes of the binary)
                0x00000001                        ASSERT (((__embedded_block_end - __logical_binary_start) <= 0x1000), Embedded block must be in first 4096 bytes of the binary)
LOAD src/CMakeFiles/lab2b.dir/joystick_rgb.c.obj
LOAD src/CMakeFiles/lab2b.dir/C_/Users/domin/Desktop/Computerarchitektur/computerarchitektur_arm/external/pico-sdk/src/rp2_common/pico_runtime/runtime.c.obj
LOAD src/CMakeFiles/lab2b.dir/C_/Users/domin/Desktop/Computerarchitektur/computerarchitektur_arm/external/pico-sdk/src/rp2_common/pico_runtime_init/runtime_init.c.obj
LOAD src/CMakeFiles/lab2b.dir/C_/Users/domin/Desktop/Computerarchitektur/computerarchitektur_arm/external/pico-sdk/src/rp2_common/pico_runtime_init/runtime_init_clocks.c.obj
LOAD src/CMakeFiles/lab2b.dir/C_/Users/domin/Desktop/Computerarchitektur/computerarchitektur_arm/external/pico-sdk/src/rp2_common/pico_runtime_init/runtime_init_stack_guard.c.obj
LOAD src/CMakeFiles/lab2b.dir/C_/Users/domin/Desktop/Computerarchitektur/computerarchitektur_arm/external/pico-sdk/src/rp2_common/hardware_clocks/clocks.c.obj
LOAD src/CMakeFiles/lab2b.dir/C_/Users/domin/Desktop/Computerarchitektur/computerarchitektur_arm/external/pico-sdk/src/rp2350/pico_platform/platform.c.obj
LOAD src/CMakeFiles/lab2b.dir/C_/Users/domin/Desktop/Computerarchitektur/computerarchitektur_arm/external/pico-sdk/src/rp2_common/pico_platform_common/common.c.obj
LOAD src/CMakeFiles/lab2b.dir/C_/Users/domin/Desktop/Computerarchitektur/computerarchitektur_arm/external/pico-sdk/src/rp2_common/pico_platform_panic/panic.c.obj
LOAD src/CMakeFiles/lab2b.dir/C_/Users/domin/Desktop/Computerarchitektur/computerarchitektur_arm/external/pico-sdk/src/common/hardware_claim/claim.c.obj
LOAD src/CMakeFiles/lab2b.dir/C_/Users/domin/Desktop/Computerarchitektur/computerarchitektur_arm/external/pico-sdk/src/rp2_common/hardware_sync/sync.c.obj
LOAD src/CMakeFiles/lab2b.dir/C_/Users/domin/Desktop/Computerarchitektur/computerarchitektur_arm/external/pico-sdk/src/rp2_common/hardware_sync_spin_lock/sync_spin_lock.c.obj
LOAD src/CMakeFiles/lab2b.dir/C_/Users/domin/Desktop/Computerarchitektur/computerarchitektur_arm/external/pico-sdk/src/rp2_common/hardware_gpio/gpio.c.obj
LOAD src/CMakeFiles/lab2b.dir/C_/Users/domin/Desktop/Computerarchitektur/computerarchitektur_arm/external/pico-sdk/src/rp2_common/hardware_irq/irq.c.obj
LOAD src/CMakeFiles/lab2b.dir/C_/Users/domin/Desktop/Computerarchitektur/computerarchitektur_arm/external/pico-sdk/src/rp2_common/hardware_irq/irq_handler_chain.S.obj
LOAD src/CMakeFiles/lab2b.dir/C_/Users/domin/Desktop/Computerarchitektur/computerarchitektur_arm/external/pico-sdk/src/common/pico_sync/sem.c.obj
LOAD src/CMakeFiles/lab2b.dir/C_/Users/domin/Desktop/Computerarchitektur/computerarchitektur_arm/external/pico-sdk/src/common/pico_sync/lock_core.c.obj
LOAD src/CMakeFiles/lab2b.dir/C_/Users/domin/Desktop/Computerarchitektur/computerarchitektur_arm/external/pico-sdk/src/common/pico_sync/mutex.c.obj
LOAD src/CMakeFiles/lab2b.dir/C_/Users/domin/Desktop/Computerarchitektur/computerarchitektur_arm/external/pico-sdk/src/common/pico_sync/critical_section.c.obj
LOAD src/CMakeFiles/lab2b.dir/C_/Users/domin/Desktop/Computerarchitektur/computerarchitektur_arm/external/pico-sdk/src/common/pico_time/time.c.obj
LOAD src/CMakeFiles/lab2b.dir/C_/Users/domin/Desktop/Computerarchitektur/computerarchitektur_arm/external/pico-sdk/src/common/pico_time/timeout_helper.c.obj
LOAD src/CMakeFiles/lab2b.dir/C_/Users/domin/Desktop/Computerarchitektur/computerarchitektur_arm/external/pico-sdk/src/rp2_common/hardware_timer/timer.c.obj
LOAD src/CMakeFiles/lab2b.dir/C_/Users/domin/Desktop/Computerarchitektur/computerarchitektur_arm/external/pico-sdk/src/common/pico_util/datetime.c.obj
LOAD src/CMakeFiles/lab2b.dir/C_/Users/domin/Desktop/Computerarchitektur/computerarchitektur_arm/external/pico-sdk/src/common/pico_util/pheap.c.obj
LOAD src/CMakeFiles/lab2b.dir/C_/Users/domin/Desktop/Computerarchitektur/computerarchitektur_arm/external/pico-sdk/src/common/pico_util/queue.c.obj
LOAD src/CMakeFiles/lab2b.dir/C_/Users/domin/Desktop/Computerarchitektur/computerarchitektur_arm/external/pico-sdk/src/rp2_common/hardware_pll/pll.c.obj
LOAD src/CMakeFiles/lab2b.dir/C_/Users/domin/Desktop/Computerarchitektur/computerarchitektur_arm/external/pico-sdk/src/rp2_common/hardware_vreg/vreg.c.obj
LOAD src/CMakeFiles/lab2b.dir/C_/Users/domin/Desktop/Computerarchitektur/computerarchitektur_arm/external/pico-sdk/src/rp2_common/hardware_watchdog/watchdog.c.obj
LOAD src/CMakeFiles/lab2b.dir/C_/Users/domin/Desktop/Computerarchitektur/computerarchitektur_arm/external/pico-sdk/src/rp2_common/hardware_ticks/ticks.c.obj
LOAD src/CMakeFiles/lab2b.dir/C_/Users/domin/Desktop/Computerarchitektur/computerarchitektur_arm/external/pico-sdk/src/rp2_common/pico_bootrom/bootrom.c.obj
LOAD src/CMakeFiles/lab2b.dir/C_/Users/domin/Desktop/Computerarchitektur/computerarchitektur_arm/external/pico-sdk/src/rp2_common/pico_bootrom/bootrom_lock.c.obj
LOAD src/CMakeFiles/lab2b.dir/C_/Users/domin/Desktop/Computerarchitektur/computerarchitektur_arm/external/pico-sdk/src/rp2_common/hardware_boot_lock/boot_lock.c.obj
LOAD src/CMakeFiles/lab2b.dir/C_/Users/domin/Desktop/Computerarchitektur/computerarchitektur_arm/external/pico-sdk/src/rp2_common/pico_flash/flash.c.obj
LOAD src/CMakeFiles/lab2b.dir/C_/Users/domin/Desktop/Computerarchitektur/computerarchitektur_arm/external/pico-sdk/src/rp2_common/hardware_xosc/xosc.c.obj
LOAD src/CMakeFiles/lab2b.dir/C_/Users/domin/Desktop/Computerarchitektur/computerarchitektur_arm/external/pico-sdk/src/rp2_common/hardware_uart/uart.c.obj
LOAD src/CMakeFiles/lab2b.dir/C_/Users/domin/Desktop/Computerarchitektur/computerarchitektur_arm/external/pico-sdk/src/rp2_common/pico_bit_ops/bit_ops_aeabi.S.obj
LOAD src/CMakeFiles/lab2b.dir/C_/Users/domin/Desktop/Computerarchitektur/computerarchitektur_arm/external/pico-sdk/src/rp2_common/pico_divider/divider_compiler.c.obj
LOAD src/CMakeFiles/lab2b.dir/C_/Users/domin/Desktop/Computerarchitektur/computerarchitektur_arm/external/pico-sdk/src/rp2_common/pico_float/float_single_hazard3.S.obj
LOAD src/CMakeFiles/lab2b.dir/C_/Users/domin/Desktop/Computerarchitektur/computerarchitektur_arm/external/pico-sdk/src/rp2_common/pico_malloc/malloc.c.obj
LOAD src/CMakeFiles/lab2b.dir/C_/Users/domin/Desktop/Computerarchitektur/computerarchitektur_arm/external/pico-sdk/src/rp2_common/pico_atomic/atomic.c.obj
LOAD src/CMakeFiles/lab2b.dir/C_/Users/domin/Desktop/Computerarchitektur/computerarchitektur_arm/external/pico-sdk/src/rp2_common/pico_cxx_options/new_delete.cpp.obj
LOAD src/CMakeFiles/lab2b.dir/C_/Users/domin/Desktop/Computerarchitektur/computerarchitektur_arm/external/pico-sdk/src/rp2_common/pico_standard_binary_info/standard_binary_info.c.obj
LOAD src/CMakeFiles/lab2b.dir/C_/Users/domin/Desktop/Computerarchitektur/computerarchitektur_arm/external/pico-sdk/src/rp2_common/pico_printf/printf.c.obj
LOAD src/CMakeFiles/lab2b.dir/C_/Users/domin/Desktop/Computerarchitektur/computerarchitektur_arm/external/pico-sdk/src/rp2_common/pico_crt0/crt0_riscv.S.obj
LOAD src/CMakeFiles/lab2b.dir/C_/Users/domin/Desktop/Computerarchitektur/computerarchitektur_arm/external/pico-sdk/src/rp2_common/pico_clib_interface/newlib_interface.c.obj
LOAD src/CMakeFiles/lab2b.dir/C_/Users/domin/Desktop/Computerarchitektur/computerarchitektur_arm/external/pico-sdk/src/rp2_common/hardware_adc/adc.c.obj
LOAD pico-sdk/src/rp2350/boot_stage2/CMakeFiles/bs2_default_library.dir/./bs2_default_padded_checksummed.S.obj
LOAD C:/Users/domin/Desktop/Computerarchitektur/computerarchitektur_arm/external/usr/riscv32-unknown-elf/lib/rv32imac_zicsr_zifencei_zaamo_zalrsc_zba_zbb_zbkb_zbs/ilp32\libstdc++.a
LOAD C:/Users/domin/Desktop/Computerarchitektur/computerarchitektur_arm/external/usr/riscv32-unknown-elf/lib/rv32imac_zicsr_zifencei_zaamo_zalrsc_zba_zbb_zbkb_zbs/ilp32\libm.a
LOAD C:/Users/domin/Desktop/Computerarchitektur/computerarchitektur_arm/external/usr/lib/gcc/riscv32-unknown-elf/15.1.0/rv32imac_zicsr_zifencei_zaamo_zalrsc_zba_zbb_zbkb_zbs/ilp32\libgcc.a
START GROUP
LOAD C:/Users/domin/Desktop/Computerarchitektur/computerarchitektur_arm/external/usr/riscv32-unknown-elf/lib/rv32imac_zicsr_zifencei_zaamo_zalrsc_zba_zbb_zbkb_zbs/ilp32\libc.a
END GROUP
LOAD C:/Users/domin/Desktop/Computerarchitektur/computerarchitektur_arm/external/usr/lib/gcc/riscv32-unknown-elf/15.1.0/rv32imac_zicsr_zifencei_zaamo_zalrsc_zba_zbb_zbkb_zbs/ilp32\libgcc.a
START GROUP
LOAD C:/Users/domin/Desktop/Computerarchitektur/computerarchitektur_arm/external/usr/lib/gcc/riscv32-unknown-elf/15.1.0/rv32imac_zicsr_zifencei_zaamo_zalrsc_zba_zbb_zbkb_zbs/ilp32\libgcc.a
LOAD C:/Users/domin/Desktop/Computerarchitektur/computerarchitektur_arm/external/usr/riscv32-unknown-elf/lib/rv32imac_zicsr_zifencei_zaamo_zalrsc_zba_zbb_zbkb_zbs/ilp32\libc.a
LOAD C:/Users/domin/Desktop/Computerarchitektur/computerarchitektur_arm/external/usr/riscv32-unknown-elf/lib/rv32imac_zicsr_zifencei_zaamo_zalrsc_zba_zbb_zbkb_zbs/ilp32\libnosys.a
END GROUP
LOAD C:/Users/domin/Desktop/Computerarchitektur/computerarchitektur_arm/external/usr/bin/../lib/gcc/riscv32-unknown-elf/15.1.0/crtend.o
OUTPUT(src\lab2b.elf elf32-littleriscv)

.rela.dyn       0x1000bbe8        0x0
 .rela.text     0x1000bbe8        0x0 C:/Users/domin/Desktop/Computerarchitektur/computerarchitektur_arm/external/usr/bin/../lib/gcc/riscv32-unknown-elf/15.1.0/crtbegin.o
 .rela.text.runtime_run_initializers
                0x1000bbe8        0x0 C:/Users/domin/Desktop/Computerarchitektur/computerarchitektur_arm/external/usr/bin/../lib/gcc/riscv32-unknown-elf/15.1.0/crtbegin.o
 .rela.preinit_array.01000
                0x1000bbe8        0x0 C:/Users/domin/Desktop/Computerarchitektur/computerarchitektur_arm/external/usr/bin/../lib/gcc/riscv32-unknown-elf/15.1.0/crtbegin.o
 .rela.preinit_array.00600
                0x1000bbe8        0x0 C:/Users/domin/Desktop/Computerarchitektur/computerarchitektur_arm/external/usr/bin/../lib/gcc/riscv32-unknown-elf/15.1.0/crtbegin.o
 .rela.preinit_array.00500
                0x1000bbe8        0x0 C:/Users/domin/Desktop/Computerarchitektur/computerarchitektur_arm/external/usr/bin/../lib/gcc/riscv32-unknown-elf/15.1.0/crtbegin.o
 .rela.preinit_array.00101
                0x1000bbe8        0x0 C:/Users/domin/Desktop/Computerarchitektur/computerarchitektur_arm/external/usr/bin/../lib/gcc/riscv32-unknown-elf/15.1.0/crtbegin.o
 .rela.preinit_array.00100
                0x1000bbe8        0x0 C:/Users/domin/Desktop/Computerarchitektur/computerarchitektur_arm/external/usr/bin/../lib/gcc/riscv32-unknown-elf/15.1.0/crtbegin.o
 .rela.preinit_array.ZZZZZ.00051
                0x1000bbe8        0x0 C:/Users/domin/Desktop/Computerarchitektur/computerarchitektur_arm/external/usr/bin/../lib/gcc/riscv32-unknown-elf/15.1.0/crtbegin.o
 .rela.preinit_array.00050
                0x1000bbe8        0x0 C:/Users/domin/Desktop/Computerarchitektur/computerarchitektur_arm/external/usr/bin/../lib/gcc/riscv32-unknown-elf/15.1.0/crtbegin.o
 .rela.preinit_array.ZZZZZ.01200
                0x1000bbe8        0x0 C:/Users/domin/Desktop/Computerarchitektur/computerarchitektur_arm/external/usr/bin/../lib/gcc/riscv32-unknown-elf/15.1.0/crtbegin.o
 .rela.text.runtime_init_mutex
                0x1000bbe8        0x0 C:/Users/domin/Desktop/Computerarchitektur/computerarchitektur_arm/external/usr/bin/../lib/gcc/riscv32-unknown-elf/15.1.0/crtbegin.o
 .rela.preinit_array.01100
                0x1000bbe8        0x0 C:/Users/domin/Desktop/Computerarchitektur/computerarchitektur_arm/external/usr/bin/../lib/gcc/riscv32-unknown-elf/15.1.0/crtbegin.o
 .rela.preinit_array.11000
                0x1000bbe8        0x0 C:/Users/domin/Desktop/Computerarchitektur/computerarchitektur_arm/external/usr/bin/../lib/gcc/riscv32-unknown-elf/15.1.0/crtbegin.o
 .rela.preinit_array.01010
                0x1000bbe8        0x0 C:/Users/domin/Desktop/Computerarchitektur/computerarchitektur_arm/external/usr/bin/../lib/gcc/riscv32-unknown-elf/15.1.0/crtbegin.o
 .rela.rodata.__bi_26
                0x1000bbe8        0x0 C:/Users/domin/Desktop/Computerarchitektur/computerarchitektur_arm/external/usr/bin/../lib/gcc/riscv32-unknown-elf/15.1.0/crtbegin.o
 .rela.data     0x1000bbe8        0x0 C:/Users/domin/Desktop/Computerarchitektur/computerarchitektur_arm/external/usr/bin/../lib/gcc/riscv32-unknown-elf/15.1.0/crtbegin.o
 .rela.binary_info_header
                0x1000bbe8        0x0 C:/Users/domin/Desktop/Computerarchitektur/computerarchitektur_arm/external/usr/bin/../lib/gcc/riscv32-unknown-elf/15.1.0/crtbegin.o
 .rela.reset    0x1000bbe8        0x0 C:/Users/domin/Desktop/Computerarchitektur/computerarchitektur_arm/external/usr/bin/../lib/gcc/riscv32-unknown-elf/15.1.0/crtbegin.o
 .rela.text._sbrk
                0x1000bbe8        0x0 C:/Users/domin/Desktop/Computerarchitektur/computerarchitektur_arm/external/usr/bin/../lib/gcc/riscv32-unknown-elf/15.1.0/crtbegin.o
 .rela.text.runtime_init
                0x1000bbe8        0x0 C:/Users/domin/Desktop/Computerarchitektur/computerarchitektur_arm/external/usr/bin/../lib/gcc/riscv32-unknown-elf/15.1.0/crtbegin.o

.comment        0x00000000       0x21
 .comment       0x00000000       0x21 C:/Users/domin/Desktop/Computerarchitektur/computerarchitektur_arm/external/usr/bin/../lib/gcc/riscv32-unknown-elf/15.1.0/crtbegin.o
                                 0x10 (size before relaxing)
 .comment       0x00000021        0x0 src/CMakeFiles/lab2b.dir/joystick_rgb.c.obj
                                 0x10 (size before relaxing)
 .comment       0x00000021        0x0 src/CMakeFiles/lab2b.dir/C_/Users/domin/Desktop/Computerarchitektur/computerarchitektur_arm/external/pico-sdk/src/rp2_common/pico_runtime/runtime.c.obj
                                 0x10 (size before relaxing)
 .comment       0x00000021        0x0 src/CMakeFiles/lab2b.dir/C_/Users/domin/Desktop/Computerarchitektur/computerarchitektur_arm/external/pico-sdk/src/rp2_common/pico_runtime_init/runtime_init.c.obj
                                 0x10 (size before relaxing)
 .comment       0x00000021        0x0 src/CMakeFiles/lab2b.dir/C_/Users/domin/Desktop/Computerarchitektur/computerarchitektur_arm/external/pico-sdk/src/rp2_common/pico_runtime_init/runtime_init_clocks.c.obj
                                 0x10 (size before relaxing)
 .comment       0x00000021        0x0 src/CMakeFiles/lab2b.dir/C_/Users/domin/Desktop/Computerarchitektur/computerarchitektur_arm/external/pico-sdk/src/rp2_common/hardware_clocks/clocks.c.obj
                                 0x10 (size before relaxing)
 .comment       0x00000021        0x0 src/CMakeFiles/lab2b.dir/C_/Users/domin/Desktop/Computerarchitektur/computerarchitektur_arm/external/pico-sdk/src/rp2_common/pico_platform_panic/panic.c.obj
                                 0x10 (size before relaxing)
 .comment       0x00000021        0x0 src/CMakeFiles/lab2b.dir/C_/Users/domin/Desktop/Computerarchitektur/computerarchitektur_arm/external/pico-sdk/src/common/hardware_claim/claim.c.obj
                                 0x10 (size before relaxing)
 .comment       0x00000021        0x0 src/CMakeFiles/lab2b.dir/C_/Users/domin/Desktop/Computerarchitektur/computerarchitektur_arm/external/pico-sdk/src/rp2_common/hardware_sync/sync.c.obj
                                 0x10 (size before relaxing)
 .comment       0x00000021        0x0 src/CMakeFiles/lab2b.dir/C_/Users/domin/Desktop/Computerarchitektur/computerarchitektur_arm/external/pico-sdk/src/rp2_common/hardware_sync_spin_lock/sync_spin_lock.c.obj
                                 0x10 (size before relaxing)
 .comment       0x00000021        0x0 src/CMakeFiles/lab2b.dir/C_/Users/domin/Desktop/Computerarchitektur/computerarchitektur_arm/external/pico-sdk/src/rp2_common/hardware_gpio/gpio.c.obj
                                 0x10 (size before relaxing)
 .comment       0x00000021        0x0 src/CMakeFiles/lab2b.dir/C_/Users/domin/Desktop/Computerarchitektur/computerarchitektur_arm/external/pico-sdk/src/rp2_common/hardware_irq/irq.c.obj
                                 0x10 (size before relaxing)
 .comment       0x00000021        0x0 src/CMakeFiles/lab2b.dir/C_/Users/domin/Desktop/Computerarchitektur/computerarchitektur_arm/external/pico-sdk/src/common/pico_sync/lock_core.c.obj
                                 0x10 (size before relaxing)
 .comment       0x00000021        0x0 src/CMakeFiles/lab2b.dir/C_/Users/domin/Desktop/Computerarchitektur/computerarchitektur_arm/external/pico-sdk/src/common/pico_sync/mutex.c.obj
                                 0x10 (size before relaxing)
 .comment       0x00000021        0x0 src/CMakeFiles/lab2b.dir/C_/Users/domin/Desktop/Computerarchitektur/computerarchitektur_arm/external/pico-sdk/src/common/pico_time/time.c.obj
                                 0x10 (size before relaxing)
 .comment       0x00000021        0x0 src/CMakeFiles/lab2b.dir/C_/Users/domin/Desktop/Computerarchitektur/computerarchitektur_arm/external/pico-sdk/src/rp2_common/hardware_timer/timer.c.obj
                                 0x10 (size before relaxing)
 .comment       0x00000021        0x0 src/CMakeFiles/lab2b.dir/C_/Users/domin/Desktop/Computerarchitektur/computerarchitektur_arm/external/pico-sdk/src/rp2_common/hardware_pll/pll.c.obj
                                 0x10 (size before relaxing)
 .comment       0x00000021        0x0 src/CMakeFiles/lab2b.dir/C_/Users/domin/Desktop/Computerarchitektur/computerarchitektur_arm/external/pico-sdk/src/rp2_common/hardware_ticks/ticks.c.obj
                                 0x10 (size before relaxing)
 .comment       0x00000021        0x0 src/CMakeFiles/lab2b.dir/C_/Users/domin/Desktop/Computerarchitektur/computerarchitektur_arm/external/pico-sdk/src/rp2_common/pico_bootrom/bootrom.c.obj
                                 0x10 (size before relaxing)
 .comment       0x00000021        0x0 src/CMakeFiles/lab2b.dir/C_/Users/domin/Desktop/Computerarchitektur/computerarchitektur_arm/external/pico-sdk/src/rp2_common/pico_bootrom/bootrom_lock.c.obj
                                 0x10 (size before relaxing)
 .comment       0x00000021        0x0 src/CMakeFiles/lab2b.dir/C_/Users/domin/Desktop/Computerarchitektur/computerarchitektur_arm/external/pico-sdk/src/rp2_common/hardware_boot_lock/boot_lock.c.obj
                                 0x10 (size before relaxing)
 .comment       0x00000021        0x0 src/CMakeFiles/lab2b.dir/C_/Users/domin/Desktop/Computerarchitektur/computerarchitektur_arm/external/pico-sdk/src/rp2_common/hardware_xosc/xosc.c.obj
                                 0x10 (size before relaxing)
 .comment       0x00000021        0x0 src/CMakeFiles/lab2b.dir/C_/Users/domin/Desktop/Computerarchitektur/computerarchitektur_arm/external/pico-sdk/src/rp2_common/pico_standard_binary_info/standard_binary_info.c.obj
                                 0x10 (size before relaxing)
 .comment       0x00000021        0x0 src/CMakeFiles/lab2b.dir/C_/Users/domin/Desktop/Computerarchitektur/computerarchitektur_arm/external/pico-sdk/src/rp2_common/pico_printf/printf.c.obj
                                 0x10 (size before relaxing)
 .comment       0x00000021        0x0 src/CMakeFiles/lab2b.dir/C_/Users/domin/Desktop/Computerarchitektur/computerarchitektur_arm/external/pico-sdk/src/rp2_common/pico_clib_interface/newlib_interface.c.obj
                                 0x10 (size before relaxing)
 .comment       0x00000021        0x0 src/CMakeFiles/lab2b.dir/C_/Users/domin/Desktop/Computerarchitektur/computerarchitektur_arm/external/pico-sdk/src/rp2_common/hardware_adc/adc.c.obj
                                 0x10 (size before relaxing)
 .comment       0x00000021        0x0 C:/Users/domin/Desktop/Computerarchitektur/computerarchitektur_arm/external/usr/lib/gcc/riscv32-unknown-elf/15.1.0/rv32imac_zicsr_zifencei_zaamo_zalrsc_zba_zbb_zbkb_zbs/ilp32\libgcc.a(adddf3.o)
                                 0x10 (size before relaxing)